2025-08-28 09:02:45.247   894-894   Layer                   surfaceflinger                       I  id=33132 removeFromCurrentState Surface(name=e8f617e StatusBar)/@0xfdc0420 - animation-leash of insets_animation#33132 (131)
2025-08-28 09:02:45.247   894-894   SurfaceFlinger          surfaceflinger                       D  Focus addInputWindowCommands timestamp=232894417048727, windowName=cad7e92 com.sec.android.app.launcher/com.sec.android.app.launcher.activities.LauncherActivity
2025-08-28 09:02:45.248   894-894   gralloc4                surfaceflinger                       I  @set_metadata: update dataspace from GM (0x08010000 -> 0x00000000)
2025-08-28 09:02:45.248   894-894   SurfaceFlinger          surfaceflinger                       I  id=33132 Removed Surface(name=e8f617e StatusBar)/@0xfdc0420 - animation-leash of insets_animation#33132 (131)
2025-08-28 09:02:45.248   894-894   SurfaceFlinger          surfaceflinger                       I  id=33131 Removed Surface(name=66be285 NavigationBar0)/@0xac8a4dd - animation-leash of insets_animation#33131 (131)
2025-08-28 09:02:45.248  1828-1828  Navigation...Controller com.android.systemui                 D  getCurrentUserContext: contextUser=0 currentUser=0
2025-08-28 09:02:45.248   894-894   SurfaceFlinger          surfaceflinger                       D  Find Focus windowName=cad7e92 com.sec.android.app.launcher/com.sec.android.app.launcher.activities.LauncherActivity, notVisible=1
2025-08-28 09:02:45.248   894-894   Layer                   surfaceflinger                       D  Focus: Task=1#52 isHiddenByPolicy s.flags&layer_state_t::eLayerHidden=1
2025-08-28 09:02:45.248   894-894   Layer                   surfaceflinger                       D  Focus: isHiddenByPolicy parent Task=1#52 is hidden cause not visible
2025-08-28 09:02:45.248   894-894   SurfaceFlinger          surfaceflinger                       D  Focus inVisible Reason:isVisibleForInput(){hasInputInfo()?canReceiveInput():isVisible()}=0 has=1 can{!isHiddenByPolicy()&&(mBuffer==nullptr||getAlpha()>0.0f)}=0 Hidden=1 Buf=1 getA=1
2025-08-28 09:02:45.249   894-1072  SurfaceFlinger          surfaceflinger                       D  updateWinowInfo=1, setFocusedWindow timestamp=232894417048727, windowName=cad7e92 com.sec.android.app.launcher/com.sec.android.app.launcher.activities.LauncherActivity
2025-08-28 09:02:45.249  1383-4440  InputDispatcher         system_server                        D  Focus request (0): cad7e92 com.sec.android.app.launcher/com.sec.android.app.launcher.activities.LauncherActivity but waiting because NO_WINDOW
2025-08-28 09:02:45.250 30936-30936 bkhm                    com....android.googlequicksearchbox  I  (REDACTED) [%s] onStart()
2025-08-28 09:02:45.250 30936-30936 bkjq                    com....android.googlequicksearchbox  I  Reloading theme data
2025-08-28 09:02:45.251  1828-1828  Navigation...Controller com.android.systemui                 D  getCurrentUserContext: contextUser=0 currentUser=0
2025-08-28 09:02:45.253 30936-30936 bmqo                    com....android.googlequicksearchbox  I  onResume
2025-08-28 09:02:45.253  2230-4134  ViewRootIm...rActivity] com.sec.android.app.launcher         I  Received frameDrawingCallback syncResult=0 frameNum=1.
2025-08-28 09:02:45.253  2230-4134  ViewRootIm...rActivity] com.sec.android.app.launcher         I  mWNT: t=0xe9db8ec0 mBlastBufferQueue=0xe0f6b3c0 fn= 1 mRenderHdrSdrRatio=1.0 caller= android.view.ViewRootImpl$8.onFrameDraw:13841 android.view.ThreadedRenderer$1.onFrameDraw:792 <bottom of call stack> 
2025-08-28 09:02:45.253  2230-4134  ViewRootIm...rActivity] com.sec.android.app.launcher         I  Setting up sync and frameCommitCallback
2025-08-28 09:02:45.254  1828-1828  Navigation...Controller com.android.systemui                 D  getCurrentUserContext: contextUser=0 currentUser=0
2025-08-28 09:02:45.256  1828-1828  Navigation...Controller com.android.systemui                 D  getCurrentUserContext: contextUser=0 currentUser=0
2025-08-28 09:02:45.259  1828-1828  Navigation...Controller com.android.systemui                 D  getCurrentUserContext: contextUser=0 currentUser=0
2025-08-28 09:02:45.259  2230-3973  ViewRootIm...rActivity] com.sec.android.app.launcher         I  Received frameCommittedCallback lastAttemptedDrawFrameNum=1 didProduceBuffer=true
2025-08-28 09:02:45.260  2230-2230  ViewRootIm...rActivity] com.sec.android.app.launcher         I  reportDrawFinished seqId=814
2025-08-28 09:02:45.260  1383-1964  WindowManager           system_server                        D  finishDrawingWindow: Window{cad7e92 u0 com.sec.android.app.launcher/com.sec.android.app.launcher.activities.LauncherActivity} mDrawState=DRAW_PENDING seqId=814
2025-08-28 09:02:45.260  1383-1414  WindowManager           system_server                        V  Collecting in transition 2077: WallpaperWindowToken{a230918 token=android.os.Binder@baab62c}, caller=com.android.server.wm.Transition.collect:759 com.android.server.wm.TransitionController.collect:935 com.android.server.wm.WallpaperWindowToken.setVisibility:208 com.android.server.wm.WallpaperWindowToken.updateWallpaperWindows:155 com.android.server.wm.WallpaperController.updateWallpaperTokens:940 
2025-08-28 09:02:45.261  1383-1414  WindowManager           system_server                        V  Setting visibility of Window{73e22b6 u0 com.android.systemui.wallpapers.ImageWallpaper_system}: true, caller=com.android.server.wm.WindowContainer.sendAppVisibilityToClients:1301 com.android.server.wm.WindowToken.setClientVisible:446 com.android.server.wm.WallpaperWindowToken.setVisible:192 com.android.server.wm.WallpaperWindowToken.commitVisibility:243 com.android.server.wm.WallpaperWindowToken.setVisibility:228 
2025-08-28 09:02:45.261  1828-2022  WallpaperService        com.android.systemui                 I  dispatchAppVisibility: system, visible=true
2025-08-28 09:02:45.261  1828-2059  WallpaperService        com.android.systemui                 I  updateSurface system forceRelayout=false forceReport=false redrawNeeded=false myWidth=-1 myHeight=-1 fixedSize=false x = 0 y = 0 mWidth=-1 mHeight=-1
2025-08-28 09:02:45.261  1828-2059  WallpaperService        com.android.systemui                 I  reportVisibility: visibility changed. visible=true
2025-08-28 09:02:45.261  1828-2059  ImageWallp...ine_d0_w1] com.android.systemui                 I   onVisibilityChanged: visible=true , displayId=0
2025-08-28 09:02:45.262  1383-1414  WindowManager           system_server                        V  SyncGroup 2077: Finished!
2025-08-28 09:02:45.263  1383-1414  WindowManager           system_server                        V  performShowLocked: mDrawState=HAS_DRAWN in Window{77f84e3 u0 (1-1)-Window{cde9d5c alpha=1.0 fl=}}
2025-08-28 09:02:45.263  1383-1414  WindowManager           system_server                        V  performShowLocked: mDrawState=HAS_DRAWN in Window{cad7e92 u0 com.sec.android.app.launcher/com.sec.android.app.launcher.activities.LauncherActivity}
2025-08-28 09:02:45.263  1383-1414  ChangeTran...Controller system_server                        D  onTransactionReady: TransitionRecord{4246200 id=2077 type=CLOSE flags=0x0}
2025-08-28 09:02:45.263  1383-1414  WindowManager           system_server                        V  Start calculating TransitionInfo based on participants: {ActivityRecord{8409faa u0 com.example.ordersgeneratorapp/.MainActivity t29046 f}}, ActivityRecord{9f9edf5 u0 com.sec.android.app.launcher/.activities.LauncherActivity t28763}, WallpaperWindowToken{a230918 token=android.os.Binder@baab62c}, Task{ba5f79b #29046 type=standard A=10317:com.example.ordersgeneratorapp}}
2025-08-28 09:02:45.263  1383-1414  WindowManager           system_server                        V    Final targets: [Task{dc2c005 #1 type=home}, Task{ba5f79b #29046 type=standard A=10317:com.example.ordersgeneratorapp}]
2025-08-28 09:02:45.263   894-920   BufferQueueDebug        surfaceflinger                       E  [Transition Root: Task=1#33139](this:0xe61948b8,id:-1,api:0,p:-1,c:-1) id info cannot be read from 'Transition Root: Task=1#33139'
2025-08-28 09:02:45.263   894-920   BufferQueueDebug        surfaceflinger                       I  [Transition Root: Task=1#33139](this:0xe61948b8,id:-1,api:0,p:-1,c:-1) BufferQueue core=(894:/system/bin/surfaceflinger)
2025-08-28 09:02:45.263   894-920   SurfaceFlinger          surfaceflinger                       I  id=33139 createSurf, flag=84004, Transition Root: Task=1#33139
2025-08-28 09:02:45.265  1383-1414  SurfaceControl          system_server                        I  show, t=StartTransaction_SyncId<2077>, sc=Surface(name=ActivityRecord{9f9edf5 u0 com.sec.android.app.launcher/.activities.LauncherActivity t28763})/@0x5149570, caller=com.android.server.wm.Transition.onTransactionReady:1991 com.android.server.wm.BLASTSyncEngine$SyncGroup.finishNow:315 com.android.server.wm.BLASTSyncEngine$SyncGroup.tryFinish:242 com.android.server.wm.BLASTSyncEngine$SyncGroup.-$$Nest$mtryFinish:0 com.android.server.wm.BLASTSyncEngine.onSurfacePlacement:675 com.android.server.wm.RootWindowContainer.performSurfacePlacementNoTrace:990 
2025-08-28 09:02:45.265  1383-1414  SurfaceControl          system_server                        I  show, t=StartTransaction_SyncId<2077>, sc=Surface(name=Task=28763)/@0x3ebf0e9, caller=com.android.server.wm.Transition.onTransactionReady:2008 com.android.server.wm.BLASTSyncEngine$SyncGroup.finishNow:315 com.android.server.wm.BLASTSyncEngine$SyncGroup.tryFinish:242 com.android.server.wm.BLASTSyncEngine$SyncGroup.-$$Nest$mtryFinish:0 com.android.server.wm.BLASTSyncEngine.onSurfacePlacement:675 com.android.server.wm.RootWindowContainer.performSurfacePlacementNoTrace:990 
2025-08-28 09:02:45.265   894-894   BufferQueueDebug        surfaceflinger                       I  [Surface(name=e8f617e StatusBar)/@0xfdc0420 - animation-leash of insets_animation#33132](this:0xe62810b8,id:-1,api:0,p:-1,c:894) onDestructor()
2025-08-28 09:02:45.265   894-894   Layer                   surfaceflinger                       I  id=33132 Destroyed Surface(name=e8f617e StatusBar)/@0xfdc0420 - animation-leash of insets_animation#33132
2025-08-28 09:02:45.265   894-894   BufferQueueDebug        surfaceflinger                       I  [Surface(name=66be285 NavigationBar0)/@0xac8a4dd - animation-leash of insets_animation#33131](this:0xe628d8b8,id:-1,api:0,p:-1,c:894) onDestructor()
2025-08-28 09:02:45.265  1383-1414  RestrictionPolicy       system_server                        D  isScreenCaptureEnabled : ret=true userId=0
2025-08-28 09:02:45.266   894-894   Layer                   surfaceflinger                       I  id=33131 Destroyed Surface(name=66be285 NavigationBar0)/@0xac8a4dd - animation-leash of insets_animation#33131
2025-08-28 09:02:45.266   894-894   gralloc4                surfaceflinger                       I  @set_metadata: update dataspace from GM (0x08010000 -> 0x00000000)
2025-08-28 09:02:45.266  1383-1414  ScreenCapture           system_server                        D  [Capture_TEST] : setIsScreenShotBySystem false
2025-08-28 09:02:45.266  1828-1828  BLASTBufferQueue_Java   com.android.systemui                 I  update, w= 1080 h= 135 mName = ViewRootImpl@55baab7[NavigationBar0] mNativeObject= 0xf1744140 sc.mNativeObject= 0xdcbd66c0 format= -3 caller= android.view.ViewRootImpl.updateBlastSurfaceIfNeeded:3017 android.view.ViewRootImpl.relayoutWindow:10131 android.view.ViewRootImpl.performTraversals:4110 android.view.ViewRootImpl.doTraversal:3288 android.view.ViewRootImpl$TraversalRunnable.run:11344 android.view.Choreographer$CallbackRecord.run:1689 
2025-08-28 09:02:45.266  1828-1828  ViewRootIm...ationBar0] com.android.systemui                 I  Relayout returned: old=(0,2273,1080,2408) new=(0,2273,1080,2408) relayoutAsync=true req=(1080,135)0 dur=1 res=0x0 s={true 0xea00e000} ch=false seqId=219
2025-08-28 09:02:45.267  1828-1828  ViewRootIm...ationBar0] com.android.systemui                 I  registerCallbackForPendingTransactions
2025-08-28 09:02:45.268  1828-2560  ViewRootIm...ationBar0] com.android.systemui                 I  mWNT: t=0xe9ba11e0 mBlastBufferQueue=0xf1744140 fn= 10273 mRenderHdrSdrRatio=1.0 caller= android.view.ViewRootImpl$6.onFrameDraw:5635 android.view.ViewRootImpl$2.onFrameDraw:2146 android.view.ThreadedRenderer$1.onFrameDraw:792 
2025-08-28 09:02:45.268  1383-4440  ProcessStats            system_server                        W  Tracking association SourceState{7d4ad31 com.google.android.googlequicksearchbox:googleapp/10184 BTop #555717} whose proc state 2 is better than process ProcessState{feb8215 com.google.android.gms.persistent/10182 pkg=com.google.android.gms} proc state 4 (2 skipped)
2025-08-28 09:02:45.268   894-894   BufferQueueDebug        surfaceflinger                       E  [Screenshot Parent#33140](this:0xe628d8b8,id:-1,api:0,p:-1,c:-1) id info cannot be read from 'Screenshot Parent#33140'
2025-08-28 09:02:45.269   894-894   BufferQueueDebug        surfaceflinger                       I  [Screenshot Parent#33140](this:0xe628d8b8,id:-1,api:0,p:-1,c:-1) BufferQueue core=(894:/system/bin/surfaceflinger)
2025-08-28 09:02:45.269  1001-3753  CameraService           cameraserver                         I  onUidStateChanged: uid=10184, procState is changed. (5 -> 3)
2025-08-28 09:02:45.269  2230-2230  InsetsSourceConsumer    com.sec.android.app.launcher         I  applyRequestedVisibilityToControl: visible=true, type=navigationBars, host=com.sec.android.app.launcher/com.sec.android.app.launcher.activities.LauncherActivity
2025-08-28 09:02:45.270  2230-2230  InsetsSourceConsumer    com.sec.android.app.launcher         I  applyRequestedVisibilityToControl: visible=true, type=statusBars, host=com.sec.android.app.launcher/com.sec.android.app.launcher.activities.LauncherActivity
2025-08-28 09:02:45.275  1828-1961  gralloc4                com.android.systemui                 I  @set_metadata: update dataspace from GM (0x00000000 -> 0x08010000)
2025-08-28 09:02:45.275  2230-2326  HoneySpace...entTracker com.sec.android.app.launcher         I  invokeEvent() called with: event = SystemUiStateChanged(stateFlags=268435456)
2025-08-28 09:02:45.277   894-894   BufferQueueDebug        surfaceflinger                       I  [Screenshot Parent#33140](this:0xe628d8b8,id:-1,api:0,p:-1,c:894) onDestructor()
2025-08-28 09:02:45.277   894-894   Layer                   surfaceflinger                       I  id=33140 Destroyed Screenshot Parent#33140
2025-08-28 09:02:45.281 14285-14285 BoundBrokerSvc          com.google.android.gms               D  onBind: Intent { act=com.google.android.gms.inappreach.service.START dat=chimera-action:/... cmp=com.google.android.gms/.chimera.GmsApiService }
2025-08-28 09:02:45.281 14285-14285 BoundBrokerSvc          com.google.android.gms               D  Loading bound service for intent: Intent { act=com.google.android.gms.inappreach.service.START dat=chimera-action:/... cmp=com.google.android.gms/.chimera.GmsApiService }
2025-08-28 09:02:45.282  1383-1414  WindowManager           system_server                        V  Calling onTransitionReady: {id=2077 t=CLOSE f=0x0 trk=0 r=[0@Point(0, 0)] c=[
                                                                                                            {WCT{RemoteToken{7f0a22b Task{dc2c005 #1 type=home}}} m=TO_FRONT f=SHOW_WALLPAPER|EDGE_EXTENSION_RESTRICTION leash=Surface(name=Task=1)/@0x29311cd sb=Rect(0, 0 - 1080, 2408) eb=Rect(0, 0 - 1080, 2408) d=0 inset=Rect(0, 70 - 0, 135)},
                                                                                                            {WCT{RemoteToken{7331f36 Task{ba5f79b #29046 type=standard A=10317:com.example.ordersgeneratorapp}}} m=CLOSE f=NONE leash=Surface(name=Task=29046)/@0xa797bf8 sb=Rect(0, 0 - 1080, 2408) eb=Rect(0, 0 - 1080, 2408) d=0 inset=Rect(0, 70 - 0, 135)}
                                                                                                        ]}
2025-08-28 09:02:45.284  1828-1879  WindowManagerShell      com.android.systemui                 V  onTransitionReady android.os.BinderProxy@82ca0f7: {id=2077 t=CLOSE f=0x0 trk=0 r=[0@Point(0, 0)] c=[{WCT{android.window.IWindowContainerToken$Stub$Proxy@c63a1f5} m=TO_FRONT f=SHOW_WALLPAPER|EDGE_EXTENSION_RESTRICTION leash=Surface(name=Task=1)/@0x9d2d57e sb=Rect(0, 0 - 1080, 2408) eb=Rect(0, 0 - 1080, 2408) d=0 inset=Rect(0, 70 - 0, 135)},{WCT{android.window.IWindowContainerToken$Stub$Proxy@a42cb8a} m=CLOSE f=NONE leash=Surface(name=Task=29046)/@0x9457adf sb=Rect(0, 0 - 1080, 2408) eb=Rect(0, 0 - 1080, 2408) d=0 inset=Rect(0, 70 - 0, 135)}]}
2025-08-28 09:02:45.284  1383-1410  WindowManager           system_server                        V  Sent Transition #2077 createdAt=08-28 09:02:45.187 via request=TransitionRequestInfo { type = CLOSE, triggerTask = TaskInfo{userId=0 taskId=29046 displayId=0 isRunning=false baseIntent=Intent { act=android.intent.action.MAIN cat=[android.intent.category.LAUNCHER] flg=0x10000000 cmp=com.example.ordersgeneratorapp/.MainActivity } baseActivity=null topActivity=null origActivity=null realActivity=ComponentInfo{com.example.ordersgeneratorapp/com.example.ordersgeneratorapp.MainActivity} numActivities=0 lastActiveTime=387817715 supportsMultiWindow=true resizeMode=1 isResizeable=true minWidth=-1 minHeight=-1 maxWidth=-1 maxHeight=-1 defaultMinSize=220 token=WCT{RemoteToken{7331f36 Task{ba5f79b #29046 type=standard A=10317:com.example.ordersgeneratorapp}}} topActivityType=1 pictureInPictureParams=null shouldDockBigOverlays=false launchIntoPipHostTaskId=-1 lastParentTaskIdBeforePip=-1 displayCutoutSafeInsets=Rect(0, 65 - 0, 0) topActivityInfo=null launchCookies=[] positionInParent=Point(0, 0) parentTaskId=-1 isFocused=false isVisible=true isVisibleRequested=true isSleeping=false topActivityInSizeCompat=false topActivityEligibleForLetterboxEducation= false topActivityLetterboxed= false isFromDoubleTap= false topActivityLetterboxVerticalPosition= -1 topActivityLetterboxHorizontalPosition= -1 topActivityLetterboxWidth=-1 topActivityLetterboxHeight=-1 locusId=null displayAreaFeatureId=1 cameraCompatControlState=hidden originallySupportedMultiWindow=true hasWallpaper=false topActivityInFixedAspectRatio=false rootAffinity=10317:com.example.ordersgeneratorapp topActivityInDisplayCompat=false topActivityInBoundsCompat=false topActivityBounds=null singleTapFromLetterbox=false isTopTaskInStage=false CoverLauncherWidgetTask=false CoverScreenTask=false isAllowedSeamlessRotation=false isTopTransparentActivity=false hasPopOver=false}, remoteTransition = null, displayChange = null }
2025-08-28 09:02:45.284  1383-1410  WindowManager           system_server                        V      startWCT=WindowContainerTransaction { changes = {} hops = [] errorCallbackToken=null taskFragmentOrganizer=null }
2025-08-28 09:02:45.284  1383-1410  WindowManager           system_server                        V      info={id=2077 t=CLOSE f=0x0 trk=0 r=[0@Point(0, 0)] c=[
                                                                                                            {WCT{RemoteToken{7f0a22b Task{dc2c005 #1 type=home}}} m=TO_FRONT f=SHOW_WALLPAPER|EDGE_EXTENSION_RESTRICTION leash=Surface(name=Task=1)/@0x29311cd sb=Rect(0, 0 - 1080, 2408) eb=Rect(0, 0 - 1080, 2408) d=0 inset=Rect(0, 70 - 0, 135)},
                                                                                                            {WCT{RemoteToken{7331f36 Task{ba5f79b #29046 type=standard A=10317:com.example.ordersgeneratorapp}}} m=CLOSE f=NONE leash=Surface(name=Task=29046)/@0xa797bf8 sb=Rect(0, 0 - 1080, 2408) eb=Rect(0, 0 - 1080, 2408) d=0 inset=Rect(0, 70 - 0, 135)}
                                                                                                        ]}
2025-08-28 09:02:45.285  1383-1414  WindowManager           system_server                        D  updateSystemBarAttributes: displayId=0, win=Window{cad7e92 u0 com.sec.android.app.launcher/com.sec.android.app.launcher.activities.LauncherActivity}, navColorWin=Window{cad7e92 u0 com.sec.android.app.launcher/com.sec.android.app.launcher.activities.LauncherActivity}, focusedCanBeNavColorWin=false, behavior=2, appearance=8, statusBarAppearanceRegions=[AppearanceRegion{LIGHT_STATUS_BARS bounds=[0,0][1080,2408]}], requestedVisibilities=-9, from=com.android.server.wm.DisplayPolicy.finishPostLayoutPolicyLw:2320 com.android.server.wm.DisplayContent.applySurfaceChangesTransaction:6130 com.android.server.wm.RootWindowContainer.applySurfaceChangesTransaction:1180 
2025-08-28 09:02:45.286  1828-1828  SamsungLig...trolHelper com.android.systemui                 D  onStatusBarAppearanceChanged() -  sbModeChanged:false, statusBarMode:0, barState:MODE_TRANSPARENT, isKeyguardShowing:false, navbarColorManagedByIme:false, stackAppearanceChanged:true, (AppearanceRegion{LIGHT_STATUS_BARS bounds=[0,0][1080,2408]}, ), packageName:com.sec.android.app.launcher
2025-08-28 09:02:45.286  1828-1879  SurfaceControl          com.android.systemui                 I  hide, t=FinishTransaction_SyncId<2077>, sc=Surface(name=Task=29046)/@0x9457adf, caller=com.android.wm.shell.transition.Transitions.dispatchReady:682 com.android.wm.shell.transition.Transitions.onTransitionReady:119 com.android.wm.shell.transition.Transitions$TransitionPlayerImpl$$ExternalSyntheticLambda0.run:13 android.os.Handler.handleCallback:958 android.os.Handler.dispatchMessage:99 android.os.Looper.loopOnce:230 
2025-08-28 09:02:45.286  1828-1879  SurfaceControl          com.android.systemui                 I  show, t=StartTransaction_SyncId<2077>, sc=Surface(name=Task=1)/@0x9d2d57e, caller=com.android.wm.shell.transition.Transitions.dispatchReady:687 com.android.wm.shell.transition.Transitions.onTransitionReady:119 com.android.wm.shell.transition.Transitions$TransitionPlayerImpl$$ExternalSyntheticLambda0.run:13 android.os.Handler.handleCallback:958 android.os.Handler.dispatchMessage:99 android.os.Looper.loopOnce:230 
2025-08-28 09:02:45.287  1828-1879  SurfaceControl          com.android.systemui                 I  show, t=FinishTransaction_SyncId<2077>, sc=Surface(name=Task=1)/@0x9d2d57e, caller=com.android.wm.shell.transition.Transitions.dispatchReady:744 com.android.wm.shell.transition.Transitions.onTransitionReady:119 com.android.wm.shell.transition.Transitions$TransitionPlayerImpl$$ExternalSyntheticLambda0.run:13 android.os.Handler.handleCallback:958 android.os.Handler.dispatchMessage:99 android.os.Looper.loopOnce:230 
2025-08-28 09:02:45.287  1828-1879  WindowManagerShell      com.android.systemui                 V  Playing animation for (#2077)android.os.BinderProxy@82ca0f7@0
2025-08-28 09:02:45.287  1828-1879  SurfaceControl          com.android.systemui                 I  show, t=StartTransaction_SyncId<2077>, sc=Surface(name=Transition Root: Task=1)/@0x57f732c, caller=com.android.wm.shell.transition.Transitions.playTransition:80 com.android.wm.shell.transition.Transitions.processReadyQueue:195 com.android.wm.shell.transition.Transitions.dispatchReady:762 com.android.wm.shell.transition.Transitions.onTransitionReady:119 com.android.wm.shell.transition.Transitions$TransitionPlayerImpl$$ExternalSyntheticLambda0.run:13 android.os.Handler.handleCallback:958 
2025-08-28 09:02:45.287  1828-1879  WindowManagerShell      com.android.systemui                 V   try handler com.android.wm.shell.transition.DefaultMixedHandler@efe5ae0
2025-08-28 09:02:45.287  1828-1879  WindowManagerShell      com.android.systemui                 V   try handler com.android.wm.shell.keyguard.KeyguardTransitionHandler@b3d2199
2025-08-28 09:02:45.287  1828-1879  WindowManagerShell      com.android.systemui                 V   try handler com.android.wm.shell.activityembedding.ActivityEmbeddingController@609ef7b
2025-08-28 09:02:45.287  1828-1879  WindowManagerShell      com.android.systemui                 V   try handler com.android.wm.shell.recents.RecentsTransitionHandler@d54a198
2025-08-28 09:02:45.287  1828-1879  ShellRecents            com.android.systemui                 V  RecentsTransitionHandler.startAnimation: no controller found
2025-08-28 09:02:45.287  1828-1879  WindowManagerShell      com.android.systemui                 V   try handler com.android.wm.shell.pip.PipTransition@9d54df1
2025-08-28 09:02:45.287  1828-1879  WindowManagerShell      com.android.systemui                 V   try handler com.android.wm.shell.splitscreen.StageCoordinator@6f7cdd6
2025-08-28 09:02:45.287  1828-1879  WindowManagerShell      com.android.systemui                 V   try handler com.android.wm.shell.transition.RemoteTransitionHandler@1be0857
2025-08-28 09:02:45.287  1828-1879  WindowManagerShell      com.android.systemui                 V  Transition doesn't have explicit remote, search filters for match for {id=2077 t=CLOSE f=0x0 trk=0 r=[0@Point(0, 0)] c=[{WCT{android.window.IWindowContainerToken$Stub$Proxy@c63a1f5} m=TO_FRONT f=SHOW_WALLPAPER|EDGE_EXTENSION_RESTRICTION leash=Surface(name=Task=1)/@0x9d2d57e sb=Rect(0, 0 - 1080, 2408) eb=Rect(0, 0 - 1080, 2408) d=0 inset=Rect(0, 70 - 0, 135)},{WCT{android.window.IWindowContainerToken$Stub$Proxy@a42cb8a} m=CLOSE f=NONE leash=Surface(name=Task=29046)/@0x9457adf sb=Rect(0, 0 - 1080, 2408) eb=Rect(0, 0 - 1080, 2408) d=0 inset=Rect(0, 70 - 0, 135)}]}
2025-08-28 09:02:45.287  1828-1828  Navigation...Controller com.android.systemui                 D  getCurrentUserContext: contextUser=0 currentUser=0
2025-08-28 09:02:45.288  1828-1879  WindowManagerShell      com.android.systemui                 V   Checking filter Pair{{types=[] flags=0x0] notFlags=0x100 checks=[{atype=home independent=true modes=[OPEN,TO_FRONT] flags=NONE mustBeTask=false order=TOP topActivity=ComponentInfo{com.sec.android.app.launcher/com.sec.android.app.launcher.Launcher}},{atype=recents independent=true modes=[CLOSE,TO_BACK] flags=NONE mustBeTask=false order=ANY topActivity=null}]} RemoteTransition { remoteTransition = android.window.IRemoteTransition$Stub$Proxy@ebe3f44, appThread = android.app.IApplicationThread$Stub$Proxy@dfd82d, debugName = QuickstepLaunchHomeFromRecents }}
2025-08-28 09:02:45.288  1828-1879  WindowManagerShell      com.android.systemui                 V   Checking filter Pair{{types=[] flags=0x0] notFlags=0x100 checks=[{atype=home independent=true modes=[OPEN,TO_FRONT] flags=NONE mustBeTask=false order=TOP topActivity=ComponentInfo{com.sec.android.app.launcher/com.sec.android.app.launcher.Launcher}},{atype=standard independent=true modes=[CLOSE,TO_BACK] flags=NONE mustBeTask=false order=ANY topActivity=null}]} RemoteTransition { remoteTransition = android.window.IRemoteTransition$Stub$Proxy@2faf162, appThread = android.app.IApplicationThread$Stub$Proxy@e30d2f3, debugName = QuickstepLaunchHome }}
2025-08-28 09:02:45.288  1383-1964  WindowManager           system_server                        V  Relayout Window{66be285 u0 NavigationBar0}: viewVisibility=0 req=1080x135 ty=2019 d0
2025-08-28 09:02:45.288  1828-1879  RemoteTransitionHandler com.android.systemui                 D  Found filterPair{{types=[] flags=0x0] notFlags=0x100 checks=[{atype=home independent=true modes=[OPEN,TO_FRONT] flags=NONE mustBeTask=false order=TOP topActivity=ComponentInfo{com.sec.android.app.launcher/com.sec.android.app.launcher.Launcher}},{atype=standard independent=true modes=[CLOSE,TO_BACK] flags=NONE mustBeTask=false order=ANY topActivity=null}]} RemoteTransition { remoteTransition = android.window.IRemoteTransition$Stub$Proxy@2faf162, appThread = android.app.IApplicationThread$Stub$Proxy@e30d2f3, debugName = QuickstepLaunchHome }}
2025-08-28 09:02:45.288  1828-1879  WindowManagerShell      com.android.systemui                 V   Delegate animation for #2077 to RemoteTransition { remoteTransition = android.window.IRemoteTransition$Stub$Proxy@2faf162, appThread = android.app.IApplicationThread$Stub$Proxy@e30d2f3, debugName = QuickstepLaunchHome }
2025-08-28 09:02:45.290  1828-1828  Navigation...Controller com.android.systemui                 D  getCurrentUserContext: contextUser=0 currentUser=0
2025-08-28 09:02:45.291   894-920   BufferQueueDebug        surfaceflinger                       E  [Surface(name=Task=1)/@0xf75fee6_transition-leash#33141](this:0xe669b0b8,id:-1,api:0,p:-1,c:-1) id info cannot be read from 'Surface(name=Task=1)/@0xf75fee6_transition-leash#33141'
2025-08-28 09:02:45.291   894-920   BufferQueueDebug        surfaceflinger                       I  [Surface(name=Task=1)/@0xf75fee6_transition-leash#33141](this:0xe669b0b8,id:-1,api:0,p:-1,c:-1) BufferQueue core=(894:/system/bin/surfaceflinger)
2025-08-28 09:02:45.292   894-920   SurfaceFlinger          surfaceflinger                       I  id=33141 createSurf, flag=84000, Surface(name=Task=1)/@0xf75fee6_transition-leash#33141
2025-08-28 09:02:45.292  1828-1828  Navigation...Controller com.android.systemui                 D  getCurrentUserContext: contextUser=0 currentUser=0
2025-08-28 09:02:45.293  2230-18457 SurfaceControl          com.sec.android.app.launcher         I  show, t=StartTransaction_SyncId<2077>, sc=Surface(name=Task=1)/@0xf75fee6, caller=com.android.wm.shell.util.TransitionUtil.createLeash:127 com.android.wm.shell.util.TransitionUtil.newTarget:2 com.android.wm.shell.util.TransitionUtil.newTarget:1 com.android.systemui.shared.system.RemoteAnimationTargetCompat.wrap:48 com.android.systemui.shared.system.RemoteAnimationTargetCompat.wrapApps:5 com.android.systemui.shared.system.RemoteAnimationRunnerCompat$1.startAnimation:19 
2025-08-28 09:02:45.293   894-2282  BufferQueueDebug        surfaceflinger                       E  [Surface(name=Task=29046)/@0x23fed4_transition-leash#33142](this:0xe62838b8,id:-1,api:0,p:-1,c:-1) id info cannot be read from 'Surface(name=Task=29046)/@0x23fed4_transition-leash#33142'
2025-08-28 09:02:45.293   894-2282  BufferQueueDebug        surfaceflinger                       I  [Surface(name=Task=29046)/@0x23fed4_transition-leash#33142](this:0xe62838b8,id:-1,api:0,p:-1,c:-1) BufferQueue core=(894:/system/bin/surfaceflinger)
2025-08-28 09:02:45.293   894-2282  SurfaceFlinger          surfaceflinger                       I  id=33142 createSurf, flag=84000, Surface(name=Task=29046)/@0x23fed4_transition-leash#33142
2025-08-28 09:02:45.293  1828-1879  WindowManagerShell      com.android.systemui                 V   animated by com.android.wm.shell.transition.RemoteTransitionHandler@1be0857
2025-08-28 09:02:45.294  2230-18457 SurfaceControl          com.sec.android.app.launcher         I  show, t=StartTransaction_SyncId<2077>, sc=Surface(name=Task=29046)/@0x23fed4, caller=com.android.wm.shell.util.TransitionUtil.createLeash:127 com.android.wm.shell.util.TransitionUtil.newTarget:2 com.android.wm.shell.util.TransitionUtil.newTarget:1 com.android.systemui.shared.system.RemoteAnimationTargetCompat.wrap:48 com.android.systemui.shared.system.RemoteAnimationTargetCompat.wrapApps:5 com.android.systemui.shared.system.RemoteAnimationRunnerCompat$1.startAnimation:19 
2025-08-28 09:02:45.294  1828-1828  Navigation...Controller com.android.systemui                 D  getCurrentUserContext: contextUser=0 currentUser=0
2025-08-28 09:02:45.294  2230-18457 SurfaceControl          com.sec.android.app.launcher         I  apply is called, name=StartTransaction_SyncId<2077>, caller=android.view.SurfaceControl$Transaction.apply:2921 com.android.systemui.shared.system.RemoteAnimationRunnerCompat$1.startAnimation:658 android.window.IRemoteTransition$Stub.onTransact:131 android.os.Binder.execTransactInternal:1380 android.os.Binder.execTransact:1311 <bottom of call stack> 
2025-08-28 09:02:45.297  1828-1828  Navigation...Controller com.android.systemui                 D  getCurrentUserContext: contextUser=0 currentUser=0
2025-08-28 09:02:45.297   894-894   gralloc4                surfaceflinger                       I  @set_metadata: update dataspace from GM (0x00000000 -> 0x08010000)
2025-08-28 09:02:45.297  1001-9164  CameraService           cameraserver                         I  onUidStateChanged: uid=10047, procState is changed. (0 -> 1)
2025-08-28 09:02:45.300  1828-1828  SamsungLig...trolHelper com.android.systemui                 D  updateStatusBar (BLACK icon) numStacks:1, StatusBarMode:MODE_TRANSPARENT, lightBarBounds:[Rect(0, 0 - 1080, 2408)], StatusBarState:SHADE, packageName:com.sec.android.app.launcher, isWhiteKeyguardStatusBar:false
2025-08-28 09:02:45.301  2230-18457 HoneySpace...tionRunner com.sec.android.app.launcher         I  [onAnimationStart] appTarget(0) : taskId-1, mode-0
2025-08-28 09:02:45.301  2230-18457 HoneySpace...tionRunner com.sec.android.app.launcher         I  [onAnimationStart] appTarget(1) : taskId-29046, mode-1
2025-08-28 09:02:45.301  2230-2230  HoneySpace...tionRunner com.sec.android.app.launcher         I  finishExistingAnimation, null
2025-08-28 09:02:45.301  2230-2230  HoneySpace...onDelegate com.sec.android.app.launcher         I  onAnimationStart
2025-08-28 09:02:45.301  2230-2230  HoneySpace...onDelegate com.sec.android.app.launcher         I  getCurrentShellAnimator : useSpringAnim-false, target-null, root-DecorView@9db2[LauncherActivity]
2025-08-28 09:02:45.301  2230-2230  HoneySpace...onDelegate com.sec.android.app.launcher         I  getFallbackClosingWindowAnimators
2025-08-28 09:02:45.302  2230-2230  HoneySpace...onDelegate com.sec.android.app.launcher         I  child animation - [ValueAnimator@aec04be
                                                                                                        :  0.0  1.0  ]
2025-08-28 09:02:45.302  2230-2230  HoneySpace...tsAnimator com.sec.android.app.launcher         I  from : 0.0
2025-08-28 09:02:45.302  2230-2230  HoneySpace...anagerImpl com.sec.android.app.launcher         I  Close floating task bar
2025-08-28 09:02:45.302  2230-2230  HoneySpace...tsAnimator com.sec.android.app.launcher         I  ContentsAnimator start
2025-08-28 09:02:45.302  2230-2230  HoneySpace...tionResult com.sec.android.app.launcher         I  setAnimation, animation: false
2025-08-28 09:02:45.302  2230-2230  HoneySpace...onDelegate com.sec.android.app.launcher         I  window animator start
2025-08-28 09:02:45.302  2230-2230  HoneySpace...onDelegate com.sec.android.app.launcher         I  window animator end
2025-08-28 09:02:45.306  1383-1964  WindowManager           system_server                        V  Relayout hash=66be285, pid=0, syncId=-1: mAttrs={(0,0)(fillx135) gr=BOTTOM CENTER_VERTICAL sim={adjust=pan} layoutInDisplayCutoutMode=always ty=NAVIGATION_BAR fmt=TRANSLUCENT
                                                                                                      fl=20840028
                                                                                                      pfl=33001000
                                                                                                      bhv=DEFAULT
                                                                                                      providedInsets:
                                                                                                        InsetsFrameProvider: {id=#2d8c0001, index=0, type=navigationBars, source=FRAME, flags=[], insetsSize=Insets{left=0, top=0, right=0, bottom=135}, insetsSizeOverrides=[TypedInsetsSize: {windowType=INPUT_METHOD, insetsSize=null}]}
                                                                                                        InsetsFrameProvider: {id=#2d8c0006, index=0, type=tappableElement, source=FRAME, flags=[]}
                                                                                                        InsetsFrameProvider: {id=#2d8c0005, index=0, type=mandatorySystemGestures, source=FRAME, flags=[]}
                                                                                                        InsetsFrameProvider: {id=#2d8c0004, index=0, type=systemGestures, source=DISPLAY, flags=[], insetsSize=Insets{left=0, top=0, right=0, bottom=0}, mMinimalInsetsSizeInDisplayCutoutSafe=Insets{left=0, top=0, right=0, bottom=0}}
                                                                                                        InsetsFrameProvider: {id=#2d8c0024, index=1, type=systemGestures, source=DISPLAY, flags=[], insetsSize=Insets{left=0, top=0, right=0, bottom=0}, mMinimalInsetsSizeInDisplayCutoutSafe=Insets{left=0, top=0, right=0, bottom=0}}
                                                                                                      paramsForRotation:
                                                                                                        ROTATION_0={(0,0)(fillx135) gr=BOTTOM CENTER_VERTICAL layoutInDisplayCutoutMode=always ty=NAVIGATION_BAR fmt=TRANSLUCENT
                                                                                                          fl=20840028
                                                                                                          pfl=31001000
                                                                                                          bhv=DEFAULT
                                                                                                          providedInsets:
                                                                                                            InsetsFrameProvider: {id=#2d8c0001, index=0, type=navigationBars, source=FRAME, flags=[], insetsSize=Insets{left=0, top=0, right=0, bottom=135}, insetsSizeOverrides=[TypedInsetsSize: {windowType=INPUT_METHOD, insetsSize=null}]}
                                                                                                            InsetsFrameProvider: {id=#2d8c0006, index=0, type=tappableElement, source=FRAME, flags=[]}
                                                                                                            InsetsFrameProvider: {id=#2d8c0005, index=0, type=mandatorySystemGestures, source=FRAME, flags=[]}
                                                                                                            InsetsFrameProvider: {id=#2d8c0004, index=0, type=systemGestures, source=DISPLAY, flags=[], insetsSize=Insets{left=0, top=0, right=0, bottom=0}, mMinimalInsetsSizeInDisplayCutoutSafe=Insets{left=0, top=0, right=0, bottom=0}}
                                                                                                            InsetsFrameProvider: {id=#2d8c0024, index=1, type=systemGestures, source=DISPLAY, flags=[], insetsSize=Insets{left=0, top=0, right=0, bottom=0}, mMinimalInsetsSizeInDisplayCutoutSafe=Insets{left=0, top=0, right=0, bottom=0}} naviIconColor=0}
                                                                                                        ROTATION_90={(0,0)(135xfill) gr=RIGHT CENTER_HORIZONTAL layoutInDisplayCutoutMode=always ty=NAVIGATION_BAR fmt=TRANSLUCENT
                                                                                                          fl=20840028
                                                                                                          pfl=31001000
                                                                                                          bhv=DEFAULT
                                                                                                          providedInsets:
                                                                                                            InsetsFrameProvider: {id=#2d8c0001, index=0, type=navigationBars, source=FRAME, flags=[], insetsSizeOverrides=[TypedInsetsSize: {windowType=INPUT_METHOD, insetsSize=null}]}
                                                                                                            InsetsFrameProvider: {id=#2d8c0006, index=0, type=tappableElement, source=FRAME, flags=[]}
                                                                                                            InsetsFrameProvider: {id=#2d8c0005, index=0, type=mandatorySystemGestures, source=FRAME, flags=[]}
                                                                                                            InsetsFrameProvider: {id=#2d8c0004, index=0, type=systemGestures, source=DISPLAY, flags=[], insetsSize=Insets{left=0, top=0, right=0, bottom=0}, mMinimalInsetsSizeInDisplayCutoutSafe=Insets{left=0, top=0, right=0, bottom=0}}
                                                                                                            InsetsFrameProvider: {id=#2d8c0024, index=1, type=systemGestures, source=DISPLAY, flags=[], insetsSize=Insets{left=0, top=0, right=0, bottom=0}, mMinimalInsetsSizeInDisplayCutoutSafe=Insets{left=0, top=0, right=0, bottom=0}} naviIconColor=0}
                                                                                                        ROTATION_180={(0,0)(fillx135) gr=BOTTOM CENTER_VERTICAL layoutInDisplayCutoutMode=always ty=NAVIGATION_BAR fmt=TRANSLUCENT
                                                                                                          fl=20840028
                                                                                                          pfl=31001000
                                                                                                          bhv=DEFAULT
                                                                                                          providedInsets:
                                                                                                            InsetsFrameProvider: {id=#2d8c0001, index=0, type=navigationBars, source=FRAME, flags=[], insetsSize=Insets{left=0, top=0, right=0, bottom=135}, insetsSizeOverrides=[TypedInsetsSize: {windowType=INPUT_METHOD, insetsSize=null}]}
                                                                                                            InsetsFrameProvider: {id=#2d8c0006, index=0, type=tappableElement, source=FRAME, flags=[]}
                                                                                                            InsetsFrameProvider: {id=#2d8c0005, index=0, type=mandatorySystemGestures, source=FRAME, flags=[]}
2025-08-28 09:02:45.306  1383-1964  WindowManager           system_server                        V          InsetsFrameProvider: {id=#2d8c0004, index=0, type=systemGestures, source=DISPLAY, flags=[], insetsSize=Insets{left=0, top=0, right=0, bottom=0}, mMinimalInsetsSizeInDisplayCutoutSafe=Insets{left=0, top=0, right=0, bottom=0}}
                                                                                                            InsetsFrameProvider: {id=#2d8c0024, index=1, type=systemGestures, source=DISPLAY, flags=[], insetsSize=Insets{left=0, top=0, right=0, bottom=0}, mMinimalInsetsSizeInDisplayCutoutSafe=Insets{left=0, top=0, right=0, bottom=0}} naviIconColor=0}
                                                                                                        ROTATION_270={(0,0)(135xfill) gr=LEFT CENTER_HORIZONTAL layoutInDisplayCutoutMode=always ty=NAVIGATION_BAR fmt=TRANSLUCENT
                                                                                                          fl=20840028
                                                                                                          pfl=31001000
                                                                                                          bhv=DEFAULT
                                                                                                          providedInsets:
                                                                                                            InsetsFrameProvider: {id=#2d8c0001, index=0, type=navigationBars, source=FRAME, flags=[], insetsSizeOverrides=[TypedInsetsSize: {windowType=INPUT_METHOD, insetsSize=null}]}
                                                                                                            InsetsFrameProvider: {id=#2d8c0006, index=0, type=tappableElement, source=FRAME, flags=[]}
                                                                                                            InsetsFrameProvider: {id=#2d8c0005, index=0, type=mandatorySystemGestures, source=FRAME, flags=[]}
                                                                                                            InsetsFrameProvider: {id=#2d8c0004, index=0, type=systemGestures, source=DISPLAY, flags=[], insetsSize=Insets{left=0, top=0, right=0, bottom=0}, mMinimalInsetsSizeInDisplayCutoutSafe=Insets{left=0, top=0, right=0, bottom=0}}
                                                                                                            InsetsFrameProvider: {id=#2d8c0024, index=1, type=systemGestures, source=DISPLAY, flags=[], insetsSize=Insets{left=0, top=0, right=0, bottom=0}, mMinimalInsetsSizeInDisplayCutoutSafe=Insets{left=0, top=0, right=0, bottom=0}} naviIconColor=0} naviIconColor=0}
2025-08-28 09:02:45.314   894-894   Layer                   surfaceflinger                       I  Layer [(1-1)-Window{cde9d5c alpha=1.0 fl=}$_30936#33135] hidden!! flag(0)
2025-08-28 09:02:45.314  2230-2230  HoneySpace...escreenPot com.sec.android.app.launcher         I  playContentAnimator end, skip alpha: false
2025-08-28 09:02:45.314   894-894   Layer                   surfaceflinger                       I  Layer [com.sec.android.app.launcher/com.sec.android.app.launcher.activities.LauncherActivity$_2230#33136] hidden!! flag(0)
2025-08-28 09:02:45.314  2230-2230  HoneySpace...anagerImpl com.sec.android.app.launcher         I  transitionAnimator is ended, onCancel: false
2025-08-28 09:02:45.314  2230-2230  HoneySpace...tsAnimator com.sec.android.app.launcher         I  ContentsAnimator end
2025-08-28 09:02:45.314  2230-2230  HoneySpace...onDelegate com.sec.android.app.launcher         I  animatorSet end
2025-08-28 09:02:45.315   894-894   gralloc4                surfaceflinger                       I  @set_metadata: update dataspace from GM (0x00000000 -> 0x08010000)
2025-08-28 09:02:45.315  3845-4704  SDHMS:l                 com.sec.android.sdhms                I  onTaskStackChanged
2025-08-28 09:02:45.315  2230-2230  HoneySpace...tionResult com.sec.android.app.launcher         I  finish, false
2025-08-28 09:02:45.315  1828-1828  BLASTBufferQueue_Java   com.android.systemui                 I  update, w= 1080 h= 135 mName = ViewRootImpl@55baab7[NavigationBar0] mNativeObject= 0xf1744140 sc.mNativeObject= 0xdcbd66c0 format= -3 caller= android.view.ViewRootImpl.updateBlastSurfaceIfNeeded:3017 android.view.ViewRootImpl.relayoutWindow:10131 android.view.ViewRootImpl.performTraversals:4110 android.view.ViewRootImpl.doTraversal:3288 android.view.ViewRootImpl$TraversalRunnable.run:11344 android.view.Choreographer$CallbackRecord.run:1689 
2025-08-28 09:02:45.315  1828-1828  ViewRootIm...ationBar0] com.android.systemui                 I  Relayout returned: old=(0,2273,1080,2408) new=(0,2273,1080,2408) relayoutAsync=true req=(1080,135)0 dur=1 res=0x0 s={true 0xea00e000} ch=false seqId=219
2025-08-28 09:02:45.315  1828-1828  ViewRootIm...ationBar0] com.android.systemui                 I  registerCallbackForPendingTransactions
2025-08-28 09:02:45.315  1383-4145  WindowManager           system_server                        V  Relayout Window{66be285 u0 NavigationBar0}: viewVisibility=0 req=1080x135 ty=2019 d0
2025-08-28 09:02:45.315  2230-7124  HoneySpace...tionResult com.sec.android.app.launcher         I  asyncFinishRunnable run
2025-08-28 09:02:45.316  1828-1879  WindowManagerShell      com.android.systemui                 V  Transition animation finished (aborted=false), notifying core (#2077)android.os.BinderProxy@82ca0f7@0
2025-08-28 09:02:45.316  1828-1879  SurfaceControl          com.android.systemui                 I  apply is called, name=FinishTransaction_SyncId<2077>, caller=android.view.SurfaceControl$Transaction.apply:2921 com.android.wm.shell.transition.Transitions.onFinish:302 com.android.wm.shell.transition.Transitions$$ExternalSyntheticLambda6.onTransitionFinished:15 com.android.wm.shell.transition.RemoteTransitionHandler$1$$ExternalSyntheticLambda0.run:118 android.os.Handler.handleCallback:958 android.os.Handler.dispatchMessage:99 
2025-08-28 09:02:45.316  1828-2559  ViewRootIm...ationBar0] com.android.systemui                 I  mWNT: t=0xe0b918e0 mBlastBufferQueue=0xf1744140 fn= 10274 mRenderHdrSdrRatio=1.0 caller= android.view.ViewRootImpl$6.onFrameDraw:5635 android.view.ViewRootImpl$2.onFrameDraw:2146 android.view.ThreadedRenderer$1.onFrameDraw:792 
2025-08-28 09:02:45.316  2230-8089  HoneySpace.RecentTasks  com.sec.android.app.launcher         I  onRecentTasksChanged
2025-08-28 09:02:45.316  2230-2230  HoneySpace...tionResult com.sec.android.app.launcher         I  completeCallback run
2025-08-28 09:02:45.317  2230-4135  ViewRootIm...rActivity] com.sec.android.app.launcher         I  mWNT: t=0xecc7c220 mBlastBufferQueue=0xe0f6b3c0 fn= 2 mRenderHdrSdrRatio=1.0 caller= com.android.systemui.shared.launcher.ViewRootImplCompat.mergeWithNextTransaction:4 com.honeyspace.transition.utils.SurfaceTransactionApplier.scheduleApply$lambda$1:26 com.honeyspace.transition.utils.SurfaceTransactionApplier.c:0 
2025-08-28 09:02:45.317  2230-4135  ViewRootIm...rActivity] com.sec.android.app.launcher         I  mWNT: t=0xec98bc40 mBlastBufferQueue=0xe0f6b3c0 fn= 2 mRenderHdrSdrRatio=1.0 caller= com.android.systemui.shared.launcher.ViewRootImplCompat.mergeWithNextTransaction:4 com.honeyspace.transition.utils.SurfaceTransactionApplier.scheduleApply$lambda$1:26 com.honeyspace.transition.utils.SurfaceTransactionApplier.c:0 
2025-08-28 09:02:45.319  1828-1961  gralloc4                com.android.systemui                 I  @set_metadata: update dataspace from GM (0x00000000 -> 0x08010000)
