                                                                                                            {WCT{RemoteToken{2e1cde Task{b756cbe #27672 type=standard A=10199:com.google.android.apps.maps}}} m=TO_BACK f=EDGE_EXTENSION_RESTRICTION leash=Surface(name=Task=27672)/@0xfbd4760 sb=Rect(0, 0 - 1080, 2408) eb=Rect(0, 0 - 1080, 2408) d=0 inset=Rect(0, 70 - 0, 135)}
                                                                                                        ]}
2025-08-05 18:30:03.054  1385-1413  WindowManager           system_server                        I  Cancelling animation restarting=true, leash=Surface(name=Surface(name=9684b6 NavigationBar0)/@0x6cbe147 - animation-leash of insets_animation)/@0xdb15525
2025-08-05 18:30:03.054  1385-1413  WindowManager           system_server                        I  Reparenting to original parent: Surface(name=WindowToken{39d57de type=2019 android.os.BinderProxy@5ec1e63})/@0x75cbd74, destroy=false, surface=Surface(name=9684b6 NavigationBar0)/@0x6cbe147
2025-08-05 18:30:03.055  1385-1409  WindowManager           system_server                        V  Sent Transition #2222 createdAt=08-05 18:30:02.856 via request=TransitionRequestInfo { type = OPEN, triggerTask = TaskInfo{userId=0 taskId=27674 displayId=0 isRunning=true baseIntent=Intent { act=android.intent.action.MAIN cat=[android.intent.category.LAUNCHER] flg=0x10000000 cmp=com.example.ordersgeneratorapp/.MainActivity } baseActivity=ComponentInfo{com.example.ordersgeneratorapp/com.example.ordersgeneratorapp.MainActivity} topActivity=ComponentInfo{com.example.ordersgeneratorapp/com.example.ordersgeneratorapp.MainActivity} origActivity=null realActivity=ComponentInfo{com.example.ordersgeneratorapp/com.example.ordersgeneratorapp.MainActivity} numActivities=1 lastActiveTime=277305871 supportsMultiWindow=true resizeMode=1 isResizeable=true minWidth=-1 minHeight=-1 maxWidth=-1 maxHeight=-1 defaultMinSize=220 token=WCT{RemoteToken{90471b Task{216475b #27674 type=standard A=10317:com.example.ordersgeneratorapp}}} topActivityType=1 pictureInPictureParams=null shouldDockBigOverlays=false launchIntoPipHostTaskId=-1 lastParentTaskIdBeforePip=-1 displayCutoutSafeInsets=Rect(0, 65 - 0, 0) topActivityInfo=ActivityInfo{ee57e91 com.example.ordersgeneratorapp.MainActivity} launchCookies=[] positionInParent=Point(0, 0) parentTaskId=-1 isFocused=false isVisible=false isVisibleRequested=false isSleeping=false topActivityInSizeCompat=false topActivityEligibleForLetterboxEducation= false topActivityLetterboxed= false isFromDoubleTap= false topActivityLetterboxVerticalPosition= -1 topActivityLetterboxHorizontalPosition= -1 topActivityLetterboxWidth=-1 topActivityLetterboxHeight=-1 locusId=null displayAreaFeatureId=1 cameraCompatControlState=hidden originallySupportedMultiWindow=true hasWallpaper=false topActivityInFixedAspectRatio=false rootAffinity=10317:com.example.ordersgeneratorapp topActivityInDisplayCompat=false topActivityInBoundsCompat=false topActivityBounds=null singleTapFromLetterbox=false isTopTaskInStage=false topActivityUiMode=17 CoverLauncherWidgetTask=false CoverScreenTask=false isAllowedSeamlessRotation=false isTopTransparentActivity=false hasPopOver=false}, remoteTransition = null, displayChange = null }
2025-08-05 18:30:03.055  1385-1413  WindowManager           system_server                        I  Reparenting to leash, surface=Surface(name=9684b6 NavigationBar0)/@0x6cbe147, leashParent=Surface(name=WindowToken{39d57de type=2019 android.os.BinderProxy@5ec1e63})/@0x75cbd74
2025-08-05 18:30:03.055  1385-1409  WindowManager           system_server                        V      startWCT=WindowContainerTransaction { changes = {} hops = [] errorCallbackToken=null taskFragmentOrganizer=null }
2025-08-05 18:30:03.055  1385-1409  WindowManager           system_server                        V      info={id=2222 t=OPEN f=0x0 trk=0 r=[0@Point(0, 0)] c=[
                                                                                                            {WCT{RemoteToken{90471b Task{216475b #27674 type=standard A=10317:com.example.ordersgeneratorapp}}} m=OPEN f=NONE leash=Surface(name=Task=27674)/@0x3449615 sb=Rect(0, 0 - 1080, 2408) eb=Rect(0, 0 - 1080, 2408) d=0 inset=Rect(0, 70 - 0, 135)},
                                                                                                            {WCT{RemoteToken{2e1cde Task{b756cbe #27672 type=standard A=10199:com.google.android.apps.maps}}} m=TO_BACK f=EDGE_EXTENSION_RESTRICTION leash=Surface(name=Task=27672)/@0xfbd4760 sb=Rect(0, 0 - 1080, 2408) eb=Rect(0, 0 - 1080, 2408) d=0 inset=Rect(0, 70 - 0, 135)}
                                                                                                        ]}
2025-08-05 18:30:03.055   896-917   BufferQueueDebug        surfaceflinger                       E  [Surface(name=9684b6 NavigationBar0)/@0x6cbe147 - animation-leash of insets_animation#29102](this:0xe63308b8,id:-1,api:0,p:-1,c:-1) id info cannot be read from 'Surface(name=9684b6 NavigationBar0)/@0x6cbe147 - animation-leash of insets_animation#29102'
2025-08-05 18:30:03.056   896-917   BufferQueueDebug        surfaceflinger                       I  [Surface(name=9684b6 NavigationBar0)/@0x6cbe147 - animation-leash of insets_animation#29102](this:0xe63308b8,id:-1,api:0,p:-1,c:-1) BufferQueue core=(896:/system/bin/surfaceflinger)
2025-08-05 18:30:03.056   896-917   SurfaceFlinger          surfaceflinger                       I  id=29102 createSurf, flag=24000, Surface(name=9684b6 NavigationBar0)/@0x6cbe147 - animation-leash of insets_animation#29102
2025-08-05 18:30:03.057  1385-1413  WindowManager           system_server                        D  makeSurface duration=2 leash=Surface(name=Surface(name=9684b6 NavigationBar0)/@0x6cbe147 - animation-leash of insets_animation)/@0x96d41f6
2025-08-05 18:30:03.057  1385-1413  InsetsSourceProvider    system_server                        D  updateControlForTarget: control=InsetsSourceControl: {d6800001 mType=navigationBars initiallyVisible mSurfacePosition=Point(0, 2273) mInsetsHint=Insets{left=0, top=0, right=0, bottom=135}}, target=Window{11648c2 u0 Splash Screen com.example.ordersgeneratorapp}, from=com.android.server.wm.InsetsStateController.onControlTargetChanged:358 com.android.server.wm.InsetsStateController.onBarControlTargetChanged:327 com.android.server.wm.InsetsPolicy.updateBarControlTarget:173 com.android.server.wm.InsetsPolicy.updateSystemBars:813 com.android.server.wm.DisplayPolicy.updateSystemBarsLw:3425 
2025-08-05 18:30:03.057  1385-1413  WindowManager           system_server                        I  Cancelling animation restarting=true, leash=Surface(name=Surface(name=28c56c4 StatusBar)/@0x85b4ae3 - animation-leash of insets_animation)/@0x9680bb4
2025-08-05 18:30:03.057  1385-1413  WindowManager           system_server                        I  Reparenting to original parent: Surface(name=WindowToken{e573956 type=2000 android.os.BinderProxy@c84118})/@0xe423ce0, destroy=false, surface=Surface(name=28c56c4 StatusBar)/@0x85b4ae3
2025-08-05 18:30:03.057  1385-1413  WindowManager           system_server                        I  Reparenting to leash, surface=Surface(name=28c56c4 StatusBar)/@0x85b4ae3, leashParent=Surface(name=WindowToken{e573956 type=2000 android.os.BinderProxy@c84118})/@0xe423ce0
2025-08-05 18:30:03.058   896-1224  BufferQueueDebug        surfaceflinger                       E  [Surface(name=28c56c4 StatusBar)/@0x85b4ae3 - animation-leash of insets_animation#29103](this:0xe52b08b8,id:-1,api:0,p:-1,c:-1) id info cannot be read from 'Surface(name=28c56c4 StatusBar)/@0x85b4ae3 - animation-leash of insets_animation#29103'
2025-08-05 18:30:03.058   896-1224  BufferQueueDebug        surfaceflinger                       I  [Surface(name=28c56c4 StatusBar)/@0x85b4ae3 - animation-leash of insets_animation#29103](this:0xe52b08b8,id:-1,api:0,p:-1,c:-1) BufferQueue core=(896:/system/bin/surfaceflinger)
2025-08-05 18:30:03.058   896-1224  SurfaceFlinger          surfaceflinger                       I  id=29103 createSurf, flag=24000, Surface(name=28c56c4 StatusBar)/@0x85b4ae3 - animation-leash of insets_animation#29103
2025-08-05 18:30:03.059 29139-32171 gralloc4                com.google.android.apps.maps         I  @set_metadata: update dataspace from GM (0x00000000 -> 0x10020000)
2025-08-05 18:30:03.059  1385-1413  WindowManager           system_server                        D  makeSurface duration=1 leash=Surface(name=Surface(name=28c56c4 StatusBar)/@0x85b4ae3 - animation-leash of insets_animation)/@0x5062064
2025-08-05 18:30:03.059  1385-1413  InsetsSourceProvider    system_server                        D  updateControlForTarget: control=InsetsSourceControl: {ac9e0000 mType=statusBars initiallyVisible mSurfacePosition=Point(0, 0) mInsetsHint=Insets{left=0, top=70, right=0, bottom=0}}, target=Window{11648c2 u0 Splash Screen com.example.ordersgeneratorapp}, from=com.android.server.wm.InsetsStateController.onControlTargetChanged:358 com.android.server.wm.InsetsStateController.onBarControlTargetChanged:324 com.android.server.wm.InsetsPolicy.updateBarControlTarget:173 com.android.server.wm.InsetsPolicy.updateSystemBars:813 com.android.server.wm.DisplayPolicy.updateSystemBarsLw:3425 
2025-08-05 18:30:03.060  1385-1413  WindowManager           system_server                        D  updateSystemBarAttributes: displayId=0, win=Window{11648c2 u0 Splash Screen com.example.ordersgeneratorapp}, navColorWin=Window{11648c2 u0 Splash Screen com.example.ordersgeneratorapp}, focusedCanBeNavColorWin=false, behavior=1, appearance=0, statusBarAppearanceRegions=[AppearanceRegion{ bounds=[0,0][1080,2408]}], requestedVisibilities=-9, from=com.android.server.wm.DisplayPolicy.finishPostLayoutPolicyLw:2320 com.android.server.wm.DisplayContent.applySurfaceChangesTransaction:6130 com.android.server.wm.RootWindowContainer.applySurfaceChangesTransaction:1180 
2025-08-05 18:30:03.060 32238-32238 ActivityThread          pid-32238                            D  setConscryptValidator
2025-08-05 18:30:03.061   896-917   BufferQueueDebug        surfaceflinger                       E  [a3b8b0c ActivityRecordInputSink com.example.ordersgeneratorapp/.MainActivity#29104](this:0xe62860b8,id:-1,api:0,p:-1,c:-1) id info cannot be read from 'a3b8b0c ActivityRecordInputSink com.example.ordersgeneratorapp/.MainActivity#29104'
2025-08-05 18:30:03.061   896-917   BufferQueueDebug        surfaceflinger                       I  [a3b8b0c ActivityRecordInputSink com.example.ordersgeneratorapp/.MainActivity#29104](this:0xe62860b8,id:-1,api:0,p:-1,c:-1) BufferQueue core=(896:/system/bin/surfaceflinger)
2025-08-05 18:30:03.061   896-917   SurfaceFlinger          surfaceflinger                       I  id=29104 createSurf, flag=84000, a3b8b0c ActivityRecordInputSink com.example.ordersgeneratorapp/.MainActivity#29104
2025-08-05 18:30:03.063 32238-32238 ActivityThread          pid-32238                            D  setConscryptValidator - put
2025-08-05 18:30:03.064 29139-29226 gralloc4                com.google.android.apps.maps         I  @set_metadata: update dataspace from GM (0x00000000 -> 0x08010000)
2025-08-05 18:30:03.065  1904-2001  InsetsSourceConsumer    com.android.systemui                 I  applyRequestedVisibilityToControl: visible=true, type=navigationBars, host=Splash Screen com.example.ordersgeneratorapp
2025-08-05 18:30:03.065 29139-29332 gralloc4                com.google.android.apps.maps         I  @set_metadata: update dataspace from GM (0x00000000 -> 0x08010000)
2025-08-05 18:30:03.065  1904-2001  InsetsSourceConsumer    com.android.systemui                 I  applyRequestedVisibilityToControl: visible=true, type=statusBars, host=Splash Screen com.example.ordersgeneratorapp
2025-08-05 18:30:03.068  1904-1976  WindowManagerShell      com.android.systemui                 V  onTransitionReady android.os.BinderProxy@3d2d0d4: {id=2222 t=OPEN f=0x0 trk=0 r=[0@Point(0, 0)] c=[{WCT{android.window.IWindowContainerToken$Stub$Proxy@c064407} m=OPEN f=NONE leash=Surface(name=Task=27674)/@0x417429c sb=Rect(0, 0 - 1080, 2408) eb=Rect(0, 0 - 1080, 2408) d=0 inset=Rect(0, 70 - 0, 135)},{WCT{android.window.IWindowContainerToken$Stub$Proxy@bcf4934} m=TO_BACK f=EDGE_EXTENSION_RESTRICTION leash=Surface(name=Task=27672)/@0x4db14a5 sb=Rect(0, 0 - 1080, 2408) eb=Rect(0, 0 - 1080, 2408) d=0 inset=Rect(0, 70 - 0, 135)}]}
2025-08-05 18:30:03.071 29139-29226 gralloc4                com.google.android.apps.maps         I  @set_metadata: update dataspace from GM (0x00000000 -> 0x08010000)
2025-08-05 18:30:03.071  1904-1904  SamsungSta...IconHelper com.android.systemui                 D  isGrayAppearance=false
2025-08-05 18:30:03.071   896-896   Layer                   surfaceflinger                       I  id=29084 removeFromCurrentState Surface(name=9684b6 NavigationBar0)/@0x6cbe147 - animation-leash of insets_animation#29084 (128)
2025-08-05 18:30:03.071  1904-1904  SamsungLig...trolHelper com.android.systemui                 D  onStatusBarAppearanceChanged() -  sbModeChanged:false, statusBarMode:0, barState:MODE_TRANSPARENT, isKeyguardShowing:false, navbarColorManagedByIme:false, stackAppearanceChanged:true, (AppearanceRegion{ bounds=[0,0][1080,2408]}, ), packageName:com.example.ordersgeneratorapp
2025-08-05 18:30:03.071   896-896   Layer                   surfaceflinger                       I  id=29085 removeFromCurrentState Surface(name=28c56c4 StatusBar)/@0x85b4ae3 - animation-leash of insets_animation#29085 (128)
2025-08-05 18:30:03.071  1904-1904  NavigationBar           com.android.systemui                 D  onSystemBarAttributesChanged() -  displayId:0, appearance:0, packageName: com.example.ordersgeneratorapp, navbarColorManagedByIme:false
2025-08-05 18:30:03.072  1904-1904  SamsungLig...trolHelper com.android.systemui                 D  updateNavigationBar (WHITE button) isLightOpaque:false, hasLightNavigationBarFlag:false, packageName:com.example.ordersgeneratorapp, DirectReplying:false, NavBarColorMangedByIme:false, ForceDarkForScrim:false, QsCustomizing:false, PanelHasWhiteBg:true
2025-08-05 18:30:03.077  1904-1904  Navigation...Controller com.android.systemui                 D  getCurrentUserContext: contextUser=0 currentUser=0
2025-08-05 18:30:03.081  1904-1904  Navigation...Controller com.android.systemui                 D  getCurrentUserContext: contextUser=0 currentUser=0
2025-08-05 18:30:03.081   896-1224  SurfaceFlinger          surfaceflinger                       I  id=29084 Removed Surface(name=9684b6 NavigationBar0)/@0x6cbe147 - animation-leash of insets_animation#29084 (128)
2025-08-05 18:30:03.081   896-1224  SurfaceFlinger          surfaceflinger                       I  id=29085 Removed Surface(name=28c56c4 StatusBar)/@0x85b4ae3 - animation-leash of insets_animation#29085 (128)
2025-08-05 18:30:03.083  1904-1904  Navigation...Controller com.android.systemui                 D  getCurrentUserContext: contextUser=0 currentUser=0
2025-08-05 18:30:03.084 29139-29332 gralloc4                com.google.android.apps.maps         I  @set_metadata: update dataspace from GM (0x00000000 -> 0x08010000)
2025-08-05 18:30:03.085 29139-29226 gralloc4                com.google.android.apps.maps         I  @set_metadata: update dataspace from GM (0x00000000 -> 0x08010000)
2025-08-05 18:30:03.087  1904-1976  SurfaceControl          com.android.systemui                 I  hide, t=FinishTransaction_SyncId<2222>, sc=Surface(name=Task=27672)/@0x4db14a5, caller=com.android.wm.shell.transition.Transitions.dispatchReady:682 com.android.wm.shell.transition.Transitions.onTransitionReady:119 com.android.wm.shell.transition.Transitions$TransitionPlayerImpl$$ExternalSyntheticLambda0.run:13 android.os.Handler.handleCallback:958 android.os.Handler.dispatchMessage:99 android.os.Looper.loopOnce:230 
2025-08-05 18:30:03.087  1904-1904  Navigation...Controller com.android.systemui                 D  getCurrentUserContext: contextUser=0 currentUser=0
2025-08-05 18:30:03.087  1904-1976  SurfaceControl          com.android.systemui                 I  show, t=StartTransaction_SyncId<2222>, sc=Surface(name=Task=27674)/@0x417429c, caller=com.android.wm.shell.transition.Transitions.dispatchReady:687 com.android.wm.shell.transition.Transitions.onTransitionReady:119 com.android.wm.shell.transition.Transitions$TransitionPlayerImpl$$ExternalSyntheticLambda0.run:13 android.os.Handler.handleCallback:958 android.os.Handler.dispatchMessage:99 android.os.Looper.loopOnce:230 
2025-08-05 18:30:03.087   896-896   BufferQueueDebug        surfaceflinger                       I  [Surface(name=28c56c4 StatusBar)/@0x85b4ae3 - animation-leash of insets_animation#29085](this:0xe53920b8,id:-1,api:0,p:-1,c:896) onDestructor()
2025-08-05 18:30:03.087   896-896   Layer                   surfaceflinger                       I  id=29085 Destroyed Surface(name=28c56c4 StatusBar)/@0x85b4ae3 - animation-leash of insets_animation#29085
2025-08-05 18:30:03.087   896-896   BufferQueueDebug        surfaceflinger                       I  [Surface(name=9684b6 NavigationBar0)/@0x6cbe147 - animation-leash of insets_animation#29084](this:0xe5ba58b8,id:-1,api:0,p:-1,c:896) onDestructor()
2025-08-05 18:30:03.087   896-896   Layer                   surfaceflinger                       I  id=29084 Destroyed Surface(name=9684b6 NavigationBar0)/@0x6cbe147 - animation-leash of insets_animation#29084
2025-08-05 18:30:03.089  1904-1976  SurfaceControl          com.android.systemui                 I  show, t=FinishTransaction_SyncId<2222>, sc=Surface(name=Task=27674)/@0x417429c, caller=com.android.wm.shell.transition.Transitions.dispatchReady:744 com.android.wm.shell.transition.Transitions.onTransitionReady:119 com.android.wm.shell.transition.Transitions$TransitionPlayerImpl$$ExternalSyntheticLambda0.run:13 android.os.Handler.handleCallback:958 android.os.Handler.dispatchMessage:99 android.os.Looper.loopOnce:230 
2025-08-05 18:30:03.091  1904-1904  Navigation...Controller com.android.systemui                 D  getCurrentUserContext: contextUser=0 currentUser=0
2025-08-05 18:30:03.091  1904-1976  WindowManagerShell      com.android.systemui                 V  Playing animation for (#2222)android.os.BinderProxy@3d2d0d4@0
2025-08-05 18:30:03.093 29139-32171 gralloc4                com.google.android.apps.maps         I  @set_metadata: update dataspace from GM (0x00000000 -> 0x10020000)
2025-08-05 18:30:03.094 29139-32172 CCodecBufferChannel     com.google.android.apps.maps         D  [c2.mtk.avc.decoder#508] flushed work; ignored.
2025-08-05 18:30:03.094 29139-32172 CCodecBufferChannel     com.google.android.apps.maps         D  [c2.mtk.avc.decoder#508] Discard frames from previous generation.
2025-08-05 18:30:03.094 29139-32172 PipelineWatcher         com.google.android.apps.maps         D  onWorkDone: frameIndex not found (18446744073709551615); ignored
2025-08-05 18:30:03.095 29139-29332 gralloc4                com.google.android.apps.maps         I  @set_metadata: update dataspace from GM (0x00000000 -> 0x08010000)
2025-08-05 18:30:03.096  1904-1976  SurfaceControl          com.android.systemui                 I  show, t=StartTransaction_SyncId<2222>, sc=Surface(name=Transition Root: Task=27674)/@0xe30407a, caller=com.android.wm.shell.transition.Transitions.playTransition:80 com.android.wm.shell.transition.Transitions.processReadyQueue:195 com.android.wm.shell.transition.Transitions.dispatchReady:762 com.android.wm.shell.transition.Transitions.onTransitionReady:119 com.android.wm.shell.transition.Transitions$TransitionPlayerImpl$$ExternalSyntheticLambda0.run:13 android.os.Handler.handleCallback:958 
2025-08-05 18:30:03.096  1904-1976  WindowManagerShell      com.android.systemui                 V   try handler com.android.wm.shell.transition.DefaultMixedHandler@e466acb
2025-08-05 18:30:03.097  1904-1904  SamsungLig...trolHelper com.android.systemui                 D  updateStatusBar (WHITE icon) numStacks:1, StatusBarMode:MODE_TRANSPARENT, lightBarBounds:[], StatusBarState:SHADE, packageName:com.example.ordersgeneratorapp, isWhiteKeyguardStatusBar:false
2025-08-05 18:30:03.098  1904-1976  WindowManagerShell      com.android.systemui                 V   try handler com.android.wm.shell.keyguard.KeyguardTransitionHandler@c8782a8
2025-08-05 18:30:03.098  1904-1976  WindowManagerShell      com.android.systemui                 V   try handler com.android.wm.shell.activityembedding.ActivityEmbeddingController@57201c1
2025-08-05 18:30:03.098  1904-1976  WindowManagerShell      com.android.systemui                 V   try handler com.android.wm.shell.recents.RecentsTransitionHandler@a59bd66
2025-08-05 18:30:03.098  1904-1976  ShellRecents            com.android.systemui                 V  RecentsTransitionHandler.startAnimation: no controller found
2025-08-05 18:30:03.098  1904-1976  WindowManagerShell      com.android.systemui                 V   try handler com.android.wm.shell.pip.PipTransition@2cee8a7
2025-08-05 18:30:03.099  7091-7091  BoundBrokerSvc          com.google.android.gms.persistent    D  onRebind: Intent { act=com.google.android.gms.presencemanager.service.START dat=chimera-action:/... cmp=com.google.android.gms/.chimera.PersistentApiService }
2025-08-05 18:30:03.099  1904-1976  WindowManagerShell      com.android.systemui                 V   try handler com.android.wm.shell.splitscreen.StageCoordinator@5262154
2025-08-05 18:30:03.099  1904-1976  WindowManagerShell      com.android.systemui                 V   try handler com.android.wm.shell.transition.RemoteTransitionHandler@a5bf8fd
2025-08-05 18:30:03.100  1904-1976  WindowManagerShell      com.android.systemui                 V  Transition doesn't have explicit remote, search filters for match for {id=2222 t=OPEN f=0x0 trk=0 r=[0@Point(0, 0)] c=[{WCT{android.window.IWindowContainerToken$Stub$Proxy@c064407} m=OPEN f=NONE leash=Surface(name=Task=27674)/@0x417429c sb=Rect(0, 0 - 1080, 2408) eb=Rect(0, 0 - 1080, 2408) d=0 inset=Rect(0, 70 - 0, 135)},{WCT{android.window.IWindowContainerToken$Stub$Proxy@bcf4934} m=TO_BACK f=EDGE_EXTENSION_RESTRICTION leash=Surface(name=Task=27672)/@0x4db14a5 sb=Rect(0, 0 - 1080, 2408) eb=Rect(0, 0 - 1080, 2408) d=0 inset=Rect(0, 70 - 0, 135)}]}
2025-08-05 18:30:03.100  1904-1976  WindowManagerShell      com.android.systemui                 V   Checking filter Pair{{types=[] flags=0x0] notFlags=0x100 checks=[{atype=home independent=true modes=[OPEN,TO_FRONT] flags=NONE mustBeTask=false order=TOP topActivity=ComponentInfo{com.sec.android.app.launcher/com.sec.android.app.launcher.Launcher}},{atype=recents independent=true modes=[CLOSE,TO_BACK] flags=NONE mustBeTask=false order=ANY topActivity=null}]} RemoteTransition { remoteTransition = android.window.IRemoteTransition$Stub$Proxy@adaf279, appThread = android.app.IApplicationThread$Stub$Proxy@7b04bbe, debugName = QuickstepLaunchHomeFromRecents }}
2025-08-05 18:30:03.100  1904-1976  WindowManagerShell      com.android.systemui                 V   Checking filter Pair{{types=[] flags=0x0] notFlags=0x100 checks=[{atype=home independent=true modes=[OPEN,TO_FRONT] flags=NONE mustBeTask=false order=TOP topActivity=ComponentInfo{com.sec.android.app.launcher/com.sec.android.app.launcher.Launcher}},{atype=standard independent=true modes=[CLOSE,TO_BACK] flags=NONE mustBeTask=false order=ANY topActivity=null}]} RemoteTransition { remoteTransition = android.window.IRemoteTransition$Stub$Proxy@18541f, appThread = android.app.IApplicationThread$Stub$Proxy@2f7736c, debugName = QuickstepLaunchHome }}
2025-08-05 18:30:03.100  1904-1976  WindowManagerShell      com.android.systemui                 V   Delegate animation for #2222 to null
2025-08-05 18:30:03.100  1904-1976  WindowManagerShell      com.android.systemui                 V   try handler com.android.wm.shell.transition.DefaultTransitionHandler@fb449f2
2025-08-05 18:30:03.100  1904-1976  WindowManagerShell      com.android.systemui                 V  start default transition animation, info = {id=2222 t=OPEN f=0x0 trk=0 r=[0@Point(0, 0)] c=[{WCT{android.window.IWindowContainerToken$Stub$Proxy@c064407} m=OPEN f=NONE leash=Surface(name=Task=27674)/@0x417429c sb=Rect(0, 0 - 1080, 2408) eb=Rect(0, 0 - 1080, 2408) d=0 inset=Rect(0, 70 - 0, 135)},{WCT{android.window.IWindowContainerToken$Stub$Proxy@bcf4934} m=TO_BACK f=EDGE_EXTENSION_RESTRICTION leash=Surface(name=Task=27672)/@0x4db14a5 sb=Rect(0, 0 - 1080, 2408) eb=Rect(0, 0 - 1080, 2408) d=0 inset=Rect(0, 70 - 0, 135)}]}
2025-08-05 18:30:03.102  1904-1904  BLASTBufferQueue_Java   com.android.systemui                 I  update, w= 1080 h= 135 mName = ViewRootImpl@bf11f1[NavigationBar0] mNativeObject= 0xebc3d140 sc.mNativeObject= 0xe604af20 format= -3 caller= android.view.ViewRootImpl.updateBlastSurfaceIfNeeded:3017 android.view.ViewRootImpl.relayoutWindow:10131 android.view.ViewRootImpl.performTraversals:4110 android.view.ViewRootImpl.doTraversal:3288 android.view.ViewRootImpl$TraversalRunnable.run:11344 android.view.Choreographer$CallbackRecord.run:1689 
2025-08-05 18:30:03.103  1904-1904  ViewRootIm...ationBar0] com.android.systemui                 I  Relayout returned: old=(0,2273,1080,2408) new=(0,2273,1080,2408) relayoutAsync=true req=(1080,135)0 dur=4 res=0x0 s={true 0xe48c5000} ch=false seqId=645
2025-08-05 18:30:03.103  1385-2081  WindowManager           system_server                        V  Relayout Window{9684b6 u0 NavigationBar0}: viewVisibility=0 req=1080x135 ty=2019 d0
2025-08-05 18:30:03.103  1904-1904  ViewRootIm...ationBar0] com.android.systemui                 I  registerCallbackForPendingTransactions
2025-08-05 18:30:03.104  1904-2548  ViewRootIm...ationBar0] com.android.systemui                 I  mWNT: t=0xe5c024e0 mBlastBufferQueue=0xebc3d140 fn= 9969 mRenderHdrSdrRatio=1.0 caller= android.view.ViewRootImpl$6.onFrameDraw:5635 android.view.ViewRootImpl$2.onFrameDraw:2146 android.view.ThreadedRenderer$1.onFrameDraw:792 
2025-08-05 18:30:03.106 29139-29226 gralloc4                com.google.android.apps.maps         I  @set_metadata: update dataspace from GM (0x00000000 -> 0x08010000)
2025-08-05 18:30:03.107  1904-2039  gralloc4                com.android.systemui                 I  @set_metadata: update dataspace from GM (0x00000000 -> 0x08010000)
2025-08-05 18:30:03.112  1904-1976  WindowManagerShell      com.android.systemui                 V  loadAnimation: anim=android.view.animation.AnimationSet@d623cf7 animAttr=0x9 type=OPEN isEntrance=false
2025-08-05 18:30:03.114  1904-1976  WindowManagerShell      com.android.systemui                 V  loadAnimation: anim=android.view.animation.AnimationSet@6d9a682 animAttr=0x8 type=OPEN isEntrance=true
2025-08-05 18:30:03.116  1904-2039  gralloc4                com.android.systemui                 I  @set_metadata: update dataspace from GM (0x00000000 -> 0x08010000)
2025-08-05 18:30:03.118  1904-1976  SurfaceControl          com.android.systemui                 I  apply is called, name=StartTransaction_SyncId<2222>, caller=com.android.wm.shell.transition.DefaultTransitionHandler.startAnimation:3203 com.android.wm.shell.transition.Transitions.dispatchTransition:80 com.android.wm.shell.transition.Transitions.playTransition:793 com.android.wm.shell.transition.Transitions.processReadyQueue:195 com.android.wm.shell.transition.Transitions.dispatchReady:762 com.android.wm.shell.transition.Transitions.onTransitionReady:119 
2025-08-05 18:30:03.121   896-896   BufferQueueProducer     surfaceflinger                       I  [StatusBar$_1904#86](this:0xe5b950b8,id:-1,api:0,p:-1,c:896) queueBuffer: fps=0.33 dur=3061.22 max=3061.22 min=3061.22
2025-08-05 18:30:03.121   896-896   BufferQueueProducer     surfaceflinger                       I  [NavigationBar0$_1904#81](this:0xe5baa8b8,id:-1,api:0,p:-1,c:896) queueBuffer: fps=0.01 dur=71911.17 max=71911.17 min=71911.17
2025-08-05 18:30:03.121  7091-7091  BoundBrokerSvc          com.google.android.gms.persistent    D  onRebind: Intent { act=com.google.android.gms.presencemanager.service.INTERNAL_IDENTITY dat=chimera-action:/... cmp=com.google.android.gms/.chimera.PersistentApiService }
2025-08-05 18:30:03.122   896-896   Layer                   surfaceflinger                       I  Layer [Splash Screen com.example.ordersgeneratorapp$_1904#29099] hidden!! flag(0)
2025-08-05 18:30:03.123   896-896   gralloc4                surfaceflinger                       I  @set_metadata: update dataspace from GM (0x00000000 -> 0x08010000)
2025-08-05 18:30:03.123 29139-32171 gralloc4                com.google.android.apps.maps         I  @set_metadata: update dataspace from GM (0x00000000 -> 0x10020000)
2025-08-05 18:30:03.125  1385-1578  InputReader             system_server                        D  Btn_touch(6): value=1 when=203676.564617
2025-08-05 18:30:03.125  1385-1578  InputReader             system_server                        I  Touch event's action is 0x0 (id=3, t=0) [pCnt=1, s=0.17519 ] when=203676.564617
2025-08-05 18:30:03.125  1385-1577  InputDispatcher         system_server                        D  No new touched window at (262.8, 1500.4) in display 0
2025-08-05 18:30:03.126  1904-2039  gralloc4                com.android.systemui                 I  @set_metadata: update dataspace from GM (0x00000000 -> 0x08010000)
2025-08-05 18:30:03.126   896-1451  BufferQueueDebug        surfaceflinger                       E  [Top Edge Extension#29105](this:0xe553e0b8,id:-1,api:0,p:-1,c:-1) id info cannot be read from 'Top Edge Extension#29105'
2025-08-05 18:30:03.126  1385-1577  PowerManagerService     system_server                        D  [api] userActivityFromNative : touch displayId=0 eventTime=203676564
2025-08-05 18:30:03.126   896-1451  BufferQueueDebug        surfaceflinger                       I  [Top Edge Extension#29105](this:0xe553e0b8,id:-1,api:0,p:-1,c:-1) BufferQueue core=(896:/system/bin/surfaceflinger)
2025-08-05 18:30:03.127   896-1451  SurfaceFlinger          surfaceflinger                       I  id=29105 createSurf, flag=44404, Top Edge Extension#29105
2025-08-05 18:30:03.127 29139-29332 gralloc4                com.google.android.apps.maps         I  @set_metadata: update dataspace from GM (0x00000000 -> 0x08010000)
2025-08-05 18:30:03.128   896-896   BufferQueueDebug        surfaceflinger                       E  [Screenshot Parent#29106](this:0xe5ba58b8,id:-1,api:0,p:-1,c:-1) id info cannot be read from 'Screenshot Parent#29106'
2025-08-05 18:30:03.128   896-896   BufferQueueDebug        surfaceflinger                       I  [Screenshot Parent#29106](this:0xe5ba58b8,id:-1,api:0,p:-1,c:-1) BufferQueue core=(896:/system/bin/surfaceflinger)
2025-08-05 18:30:03.131  1385-2371  WindowManager           system_server                        V  rotationForOrientation(orient=SCREEN_ORIENTATION_UNSPECIFIED (-1), last=ROTATION_0 (0)); user=ROTATION_0 (0) 
2025-08-05 18:30:03.131  1385-2371  WindowManager           system_server                        D  rotationForOrientation, orientationSource=ActivityRecord{d85566a u0 com.example.ordersgeneratorapp/.MainActivity t27674}
2025-08-05 18:30:03.132  1385-2081  WindowManager           system_server                        V  Relayout hash=9684b6, pid=0, syncId=-1: mAttrs={(0,0)(fillx135) gr=BOTTOM CENTER_VERTICAL sim={adjust=pan} layoutInDisplayCutoutMode=always ty=NAVIGATION_BAR fmt=TRANSLUCENT
                                                                                                      fl=20840028
                                                                                                      pfl=33001000
                                                                                                      bhv=DEFAULT
                                                                                                      providedInsets:
                                                                                                        InsetsFrameProvider: {id=#d6800001, index=0, type=navigationBars, source=FRAME, flags=[], insetsSize=Insets{left=0, top=0, right=0, bottom=135}, insetsSizeOverrides=[TypedInsetsSize: {windowType=INPUT_METHOD, insetsSize=null}]}
                                                                                                        InsetsFrameProvider: {id=#d6800006, index=0, type=tappableElement, source=FRAME, flags=[]}
                                                                                                        InsetsFrameProvider: {id=#d6800005, index=0, type=mandatorySystemGestures, source=FRAME, flags=[]}
                                                                                                        InsetsFrameProvider: {id=#d6800004, index=0, type=systemGestures, source=DISPLAY, flags=[], insetsSize=Insets{left=0, top=0, right=0, bottom=0}, mMinimalInsetsSizeInDisplayCutoutSafe=Insets{left=0, top=0, right=0, bottom=0}}
                                                                                                        InsetsFrameProvider: {id=#d6800024, index=1, type=systemGestures, source=DISPLAY, flags=[], insetsSize=Insets{left=0, top=0, right=0, bottom=0}, mMinimalInsetsSizeInDisplayCutoutSafe=Insets{left=0, top=0, right=0, bottom=0}}
                                                                                                      paramsForRotation:
                                                                                                        ROTATION_0={(0,0)(fillx135) gr=BOTTOM CENTER_VERTICAL layoutInDisplayCutoutMode=always ty=NAVIGATION_BAR fmt=TRANSLUCENT
                                                                                                          fl=20840028
                                                                                                          pfl=31001000
                                                                                                          bhv=DEFAULT
                                                                                                          providedInsets:
                                                                                                            InsetsFrameProvider: {id=#d6800001, index=0, type=navigationBars, source=FRAME, flags=[], insetsSize=Insets{left=0, top=0, right=0, bottom=135}, insetsSizeOverrides=[TypedInsetsSize: {windowType=INPUT_METHOD, insetsSize=null}]}
                                                                                                            InsetsFrameProvider: {id=#d6800006, index=0, type=tappableElement, source=FRAME, flags=[]}
                                                                                                            InsetsFrameProvider: {id=#d6800005, index=0, type=mandatorySystemGestures, source=FRAME, flags=[]}
                                                                                                            InsetsFrameProvider: {id=#d6800004, index=0, type=systemGestures, source=DISPLAY, flags=[], insetsSize=Insets{left=0, top=0, right=0, bottom=0}, mMinimalInsetsSizeInDisplayCutoutSafe=Insets{left=0, top=0, right=0, bottom=0}}
                                                                                                            InsetsFrameProvider: {id=#d6800024, index=1, type=systemGestures, source=DISPLAY, flags=[], insetsSize=Insets{left=0, top=0, right=0, bottom=0}, mMinimalInsetsSizeInDisplayCutoutSafe=Insets{left=0, top=0, right=0, bottom=0}} naviIconColor=0}
                                                                                                        ROTATION_90={(0,0)(135xfill) gr=RIGHT CENTER_HORIZONTAL layoutInDisplayCutoutMode=always ty=NAVIGATION_BAR fmt=TRANSLUCENT
                                                                                                          fl=20840028
                                                                                                          pfl=31001000
                                                                                                          bhv=DEFAULT
                                                                                                          providedInsets:
                                                                                                            InsetsFrameProvider: {id=#d6800001, index=0, type=navigationBars, source=FRAME, flags=[], insetsSizeOverrides=[TypedInsetsSize: {windowType=INPUT_METHOD, insetsSize=null}]}
                                                                                                            InsetsFrameProvider: {id=#d6800006, index=0, type=tappableElement, source=FRAME, flags=[]}
                                                                                                            InsetsFrameProvider: {id=#d6800005, index=0, type=mandatorySystemGestures, source=FRAME, flags=[]}
                                                                                                            InsetsFrameProvider: {id=#d6800004, index=0, type=systemGestures, source=DISPLAY, flags=[], insetsSize=Insets{left=0, top=0, right=0, bottom=0}, mMinimalInsetsSizeInDisplayCutoutSafe=Insets{left=0, top=0, right=0, bottom=0}}
                                                                                                            InsetsFrameProvider: {id=#d6800024, index=1, type=systemGestures, source=DISPLAY, flags=[], insetsSize=Insets{left=0, top=0, right=0, bottom=0}, mMinimalInsetsSizeInDisplayCutoutSafe=Insets{left=0, top=0, right=0, bottom=0}} naviIconColor=0}
                                                                                                        ROTATION_180={(0,0)(fillx135) gr=BOTTOM CENTER_VERTICAL layoutInDisplayCutoutMode=always ty=NAVIGATION_BAR fmt=TRANSLUCENT
                                                                                                          fl=20840028
                                                                                                          pfl=31001000
                                                                                                          bhv=DEFAULT
                                                                                                          providedInsets:
                                                                                                            InsetsFrameProvider: {id=#d6800001, index=0, type=navigationBars, source=FRAME, flags=[], insetsSize=Insets{left=0, top=0, right=0, bottom=135}, insetsSizeOverrides=[TypedInsetsSize: {windowType=INPUT_METHOD, insetsSize=null}]}
                                                                                                            InsetsFrameProvider: {id=#d6800006, index=0, type=tappableElement, source=FRAME, flags=[]}
                                                                                                            InsetsFrameProvider: {id=#d6800005, index=0, type=mandatorySystemGestures, source=FRAME, flags=[]}
2025-08-05 18:30:03.132  1385-2081  WindowManager           system_server                        V          InsetsFrameProvider: {id=#d6800004, index=0, type=systemGestures, source=DISPLAY, flags=[], insetsSize=Insets{left=0, top=0, right=0, bottom=0}, mMinimalInsetsSizeInDisplayCutoutSafe=Insets{left=0, top=0, right=0, bottom=0}}
                                                                                                            InsetsFrameProvider: {id=#d6800024, index=1, type=systemGestures, source=DISPLAY, flags=[], insetsSize=Insets{left=0, top=0, right=0, bottom=0}, mMinimalInsetsSizeInDisplayCutoutSafe=Insets{left=0, top=0, right=0, bottom=0}} naviIconColor=0}
                                                                                                        ROTATION_270={(0,0)(135xfill) gr=LEFT CENTER_HORIZONTAL layoutInDisplayCutoutMode=always ty=NAVIGATION_BAR fmt=TRANSLUCENT
                                                                                                          fl=20840028
                                                                                                          pfl=31001000
                                                                                                          bhv=DEFAULT
                                                                                                          providedInsets:
                                                                                                            InsetsFrameProvider: {id=#d6800001, index=0, type=navigationBars, source=FRAME, flags=[], insetsSizeOverrides=[TypedInsetsSize: {windowType=INPUT_METHOD, insetsSize=null}]}
                                                                                                            InsetsFrameProvider: {id=#d6800006, index=0, type=tappableElement, source=FRAME, flags=[]}
                                                                                                            InsetsFrameProvider: {id=#d6800005, index=0, type=mandatorySystemGestures, source=FRAME, flags=[]}
                                                                                                            InsetsFrameProvider: {id=#d6800004, index=0, type=systemGestures, source=DISPLAY, flags=[], insetsSize=Insets{left=0, top=0, right=0, bottom=0}, mMinimalInsetsSizeInDisplayCutoutSafe=Insets{left=0, top=0, right=0, bottom=0}}
                                                                                                            InsetsFrameProvider: {id=#d6800024, index=1, type=systemGestures, source=DISPLAY, flags=[], insetsSize=Insets{left=0, top=0, right=0, bottom=0}, mMinimalInsetsSizeInDisplayCutoutSafe=Insets{left=0, top=0, right=0, bottom=0}} naviIconColor=0} naviIconColor=0}
2025-08-05 18:30:03.132  1385-2371  WindowManager           system_server                        V  Computed rotation=ROTATION_0 (0) for display id=0 based on lastOrientation=SCREEN_ORIENTATION_UNSPECIFIED (-1) and oldRotation=ROTATION_0 (0), caller=com.android.server.wm.DisplayRotation.updateOrientation:517 com.android.server.wm.DisplayContent.updateOrientation:2176 com.android.server.wm.DisplayContent.updateOrientation:2092 com.android.server.wm.RootWindowContainer.ensureVisibilityAndConfig:2091 com.android.server.wm.ActivityTaskSupervisor.realStartActivityLocked:932 com.android.server.wm.RootWindowContainer$AttachApplicationHelper.test:4352 
2025-08-05 18:30:03.132 29139-29226 gralloc4                com.google.android.apps.maps         I  @set_metadata: update dataspace from GM (0x00000000 -> 0x08010000)
2025-08-05 18:30:03.132   896-896   BufferQueueDebug        surfaceflinger                       I  [Screenshot Parent#29106](this:0xe5ba58b8,id:-1,api:0,p:-1,c:896) onDestructor()
2025-08-05 18:30:03.132   896-896   Layer                   surfaceflinger                       I  id=29106 Destroyed Screenshot Parent#29106
2025-08-05 18:30:03.135  1385-2371  SGM:PkgDataHelper       system_server                        D  notifyAppCreate(), pkgName: com.example.ordersgeneratorapp, userId: 0, sendRet: true
2025-08-05 18:30:03.135  1385-1591  SGM:FgCheckThread       system_server                        D  onLooperPrepared(), msg: MSG_APP_CREATE, pkgName: com.example.ordersgeneratorapp, userId: 0
2025-08-05 18:30:03.137   896-1224  BufferQueueDebug        surfaceflinger                       E  [bbq-wrapper#29107](this:0xe63560b8,id:-1,api:0,p:-1,c:-1) id info cannot be read from 'bbq-wrapper#29107'
2025-08-05 18:30:03.137   896-1224  BufferQueueDebug        surfaceflinger                       I  [bbq-wrapper#29107](this:0xe63560b8,id:-1,api:0,p:-1,c:-1) BufferQueue core=(896:/system/bin/surfaceflinger)
2025-08-05 18:30:03.137   896-1224  SurfaceFlinger          surfaceflinger                       I  id=29107 createSurf, flag=4400, bbq-wrapper#29107
2025-08-05 18:30:03.137  1904-1976  BufferQueueConsumer     com.android.systemui                 D  [](id:770000006bc,api:0,p:-1,c:1904) connect: controlledByApp=false
2025-08-05 18:30:03.139  1904-1976  BLASTBufferQueue        com.android.systemui                 D  [bbq-adapter#1696](f:0,a:0) constructor() width=1080 height=451 format=-1
2025-08-05 18:30:03.140  1904-2039  NativeCust...ncyManager com.android.systemui                 D  [NativeCFMS] BpCustomFrequencyManager::BpCustomFrequencyManager()
2025-08-05 18:30:03.140  1385-2371  SGM:FgCheckThread       system_server                        D  TaskStackListener.onTaskFocusChanged(), taskId=27672, focused=false
2025-08-05 18:30:03.140  1385-2371  SGM:FgCheckThread       system_server                        D  TaskStackListener.onTaskFocusChanged(), taskId=27674, focused=true
2025-08-05 18:30:03.140  1385-2371  SGM:FgCheckThread       system_server                        D    sendRunningComponentFocus(), pkgName: com.example.ordersgeneratorapp, userId: 0
2025-08-05 18:30:03.141  1385-1591  SGM:FgCheckThread       system_server                        D  onLooperPrepared(), msg: MSG_TASK_FOCUSED, pkgName: com.example.ordersgeneratorapp, userId: 0
2025-08-05 18:30:03.141  1385-1591  SGM:FgCheckThread       system_server                        D  handleTaskFocused().
2025-08-05 18:30:03.141  1385-1591  SGM:FgCheckThread       system_server                        D    handleTaskFocused(), pkgName: com.example.ordersgeneratorapp, userID:0
2025-08-05 18:30:03.141  1385-1591  SGM:FgCheckThread       system_server                        D  handleResume().
2025-08-05 18:30:03.141  1385-2371  InputDispatcher         system_server                        D  Focused application(0): ActivityRecord{d85566a u0 com.example.ordersgeneratorapp/.MainActivity t27674}
2025-08-05 18:30:03.141  1385-2371  SGM:FgCheckThread       system_server                        D  TaskStackListener.onTaskFocusChanged(), taskId=27672, focused=false
2025-08-05 18:30:03.141  1385-2371  SGM:FgCheckThread       system_server                        D  TaskStackListener.onTaskFocusChanged(), taskId=27674, focused=true
2025-08-05 18:30:03.141  1385-2371  SGM:FgCheckThread       system_server                        D    sendRunningComponentFocus(), pkgName: com.example.ordersgeneratorapp, userId: 0
2025-08-05 18:30:03.142  1385-2371  ActivityTaskManager     system_server                        D  scheduleTopResumedActivityChanged, onTop=true, r=ActivityRecord{d85566a u0 com.example.ordersgeneratorapp/.MainActivity t27674}, caller=com.android.server.wm.ActivityTaskSupervisor.scheduleTopResumedActivityStateIfNeeded:2857 com.android.server.wm.ActivityTaskSupervisor.updateTopResumedActivityIfNeeded:2849 com.android.server.wm.TaskFragment.setResumedActivity:579 com.android.server.wm.TaskFragment.onActivityStateChanged:903 com.android.server.wm.ActivityRecord.setState:6811 com.android.server.wm.Task.minimalResumeActivityLocked:6192 
2025-08-05 18:30:03.143  1385-2371  WindowManagerServiceExt system_server                        D  notifyOccludeChangeNotice: cn=ComponentInfo{com.example.ordersgeneratorapp/com.example.ordersgeneratorapp.MainActivity} occludesParent=true isInSplitScreenMode=false styleFloating=false caller=com.android.server.wm.ActivityRecord.completeResumeLocked:7452 com.android.server.wm.Task.minimalResumeActivityLocked:6193 com.android.server.wm.ActivityTaskSupervisor.realStartActivityLocked:1158 com.android.server.wm.RootWindowContainer$AttachApplicationHelper.test:4352 com.android.server.wm.RootWindowContainer$AttachApplicationHelper.test:4288 
2025-08-05 18:30:03.144  1385-1666  AS.MultiSoundManager    system_server                        D  mForegroundUid = 10317
2025-08-05 18:30:03.144  1385-1666  AS.MultiSoundManager    system_server                        D  mForegroundUid = 10317
2025-08-05 18:30:03.145  1385-1591  SGM:FgCheckThread       system_server                        D  sendFocusOutConditionally() - mPrevNotiPkg: (unknown), userId: 0
2025-08-05 18:30:03.145  1385-1591  SGM:FgCheckThread       system_server                        D    handleResume(). pkgName: com.example.ordersgeneratorapp, userId: 0, isTunableApp: null
2025-08-05 18:30:03.145  1385-1591  SGM:FgCheckThread       system_server                        D  notifyFocusInOut(). of pkg: com.example.ordersgeneratorapp, type: 4, isTunableApp: false, userId: 0
2025-08-05 18:30:03.145  1385-1591  SGM:FgCheckThread       system_server                        D    notifyFocusInOut(). unexpected mPrevNotiType: -1
2025-08-05 18:30:03.145  1385-1591  SGM:SystemHelper        system_server                        D  callReleaseBlock needReleaseBlock:false
2025-08-05 18:30:03.145  1385-1591  SGM:FgCheckThread       system_server                        D  onLooperPrepared(), msg: MSG_TASK_FOCUSED, pkgName: com.example.ordersgeneratorapp, userId: 0
2025-08-05 18:30:03.145  1385-1591  SGM:FgCheckThread       system_server                        D  handleTaskFocused().
2025-08-05 18:30:03.145  1385-1591  SGM:FgCheckThread       system_server                        D    handleTaskFocused(), pkgName: com.example.ordersgeneratorapp, userID:0
2025-08-05 18:30:03.145  1385-1591  SGM:FgCheckThread       system_server                        D  handleResume().
2025-08-05 18:30:03.145  1385-1591  SGM:FgCheckThread       system_server                        D  sendFocusOutConditionally() - mPrevNotiPkg: (unknown), userId: 0
2025-08-05 18:30:03.145  1385-1591  SGM:FgCheckThread       system_server                        D    handleResume(). pkgName: com.example.ordersgeneratorapp, userId: 0, isTunableApp: null
2025-08-05 18:30:03.146  1385-1591  SGM:FgCheckThread       system_server                        D  notifyFocusInOut(). of pkg: com.example.ordersgeneratorapp, type: 4, isTunableApp: false, userId: 0
2025-08-05 18:30:03.146  1385-1591  SGM:FgCheckThread       system_server                        D    notifyFocusInOut(). unexpected mPrevNotiType: -1
