2025-08-28 09:02:28.921  1383-1964  LocationAccessPolicy    system_server                        I  checkLocationPermission - callingUid: 10181, callingPid: 23388, resultForCoarse: DENIED_HARD
2025-08-28 09:02:28.921  2202-2432  GeolocationCon          com.sec.imsservice                   I  matchTimingReqLocation ,match=0, timing=4
2025-08-28 09:02:28.921  2202-2432  GeolocationCon          com.sec.imsservice                   I  profile is null
2025-08-28 09:02:28.922  2202-2202  GlobalSettingsRepoBase  com.sec.imsservice                   E  globalgcsettings No matched key : separate_vo5g_icon
2025-08-28 09:02:28.922  1927-2537  EPDG -- SI...ontroller] com.sec.epdg                         I  WWAN Voice Regi: 0 Roaming: 0
2025-08-28 09:02:28.922  1927-2537  EPDG -- SI...ontroller] com.sec.epdg                         I  WWAN Data Regi: 0 Rat: 13 Roaming: false
2025-08-28 09:02:28.922  2202-2432  GeolocationCon<0>       com.sec.imsservice                   I  onNetworkCountryIsoChanged: mCountryIso = ae, iso = ae
2025-08-28 09:02:28.922  1383-1964  LocationAccessPolicy    system_server                        I  com.samsung.android.heartplugin is aware of fine but the app-ops permission is specifically denied.
2025-08-28 09:02:28.922  1383-1964  LocationAccessPolicy    system_server                        I  checkLocationPermission - callingUid: 10269, callingPid: 15843, resultForFine: DENIED_SOFT
2025-08-28 09:02:28.922  1927-2537  EPDG -- SI...Scription] com.sec.epdg                         I  getIsAirplaneMode: returning: false
2025-08-28 09:02:28.922  1383-1964  LocationAccessPolicy    system_server                        I  com.samsung.android.heartplugin is aware of coarse but the app-ops permission is specifically denied.
2025-08-28 09:02:28.922  1383-1964  LocationAccessPolicy    system_server                        I  checkLocationPermission - callingUid: 10269, callingPid: 15843, resultForCoarse: DENIED_SOFT
2025-08-28 09:02:28.923  1828-1828  StatusBarIconController com.android.systemui                 D  ignoring old pipeline callbacks, because the new mobile icons are enabled
2025-08-28 09:02:28.923  1383-1964  LocationAccessPolicy    system_server                        I  checkLocationPermission - callingUid: 10135, callingPid: 18224, resultForFine: DENIED_HARD
2025-08-28 09:02:28.923  1383-1964  LocationAccessPolicy    system_server                        I  checkLocationPermission - callingUid: 10135, callingPid: 18224, resultForCoarse: DENIED_HARD
2025-08-28 09:02:28.924  1383-1964  LocationAccessPolicy    system_server                        I  checkLocationPermission - callingUid: 10086, callingPid: 26601, resultForFine: DENIED_HARD
2025-08-28 09:02:28.924  1383-1964  LocationAccessPolicy    system_server                        I  checkLocationPermission - callingUid: 10086, callingPid: 26601, resultForCoarse: DENIED_HARD
2025-08-28 09:02:28.924  1927-2537  EPDG -- SI...ontroller] com.sec.epdg                         I  getIsRssiDisabledForProfiling: returning: false
2025-08-28 09:02:28.924  1383-1964  LocationAccessPolicy    system_server                        I  checkLocationPermission - callingUid: 10086, callingPid: 26601, resultForFine: DENIED_HARD
2025-08-28 09:02:28.925  1383-1964  LocationAccessPolicy    system_server                        I  checkLocationPermission - callingUid: 10086, callingPid: 26601, resultForCoarse: DENIED_HARD
2025-08-28 09:02:28.925 26601-26601 ImsTelepho...ateTracker com.samsung.android.dialer           I  [D] onServiceStateChanged()
2025-08-28 09:02:28.925  1927-2537  EPDG -- SI...ontroller] com.sec.epdg                         I  onNetworkStatusChanged: voiceNetType: 13 mActiveVoiceRat: 13
2025-08-28 09:02:28.925  1927-2537  EPDG -- SI...ontroller] com.sec.epdg                         I  onNetworkStatusChanged : mCellularAvailable = true
2025-08-28 09:02:28.925 26601-26663 ImsSim1Manager          com.samsung.android.dialer           I  [D] onServiceStateChanged state : 0, old : 0
2025-08-28 09:02:28.925 26601-26601 ImsTelepho...ateTracker com.samsung.android.dialer           I  [D] onServiceStateChanged()
2025-08-28 09:02:28.925  1383-1964  ContextImpl             system_server                        W  Calling a method in the system process without a qualified user: android.app.ContextImpl.sendBroadcastMultiplePermissions:1331 android.content.Context.sendBroadcastMultiplePermissions:2480 com.android.server.TelephonyRegistry.broadcastServiceStateChanged:3657 com.android.server.TelephonyRegistry.notifyServiceStateForPhoneId:1753 com.android.internal.telephony.ITelephonyRegistry$Stub.onTransact:542 
2025-08-28 09:02:28.926 26601-26662 ImsSim2Manager          com.samsung.android.dialer           I  [D] onServiceStateChanged state : 0, old : 0
2025-08-28 09:02:28.926 26601-26663 ImsSim1Manager          com.samsung.android.dialer           I  [D] checkVoiceNetwork voice network : 13
2025-08-28 09:02:28.926 26601-26662 ImsSim2Manager          com.samsung.android.dialer           I  [D] checkVoiceNetwork voice network : 13
2025-08-28 09:02:28.928  1383-1964  ContextImpl             system_server                        W  Calling a method in the system process without a qualified user: android.app.ContextImpl.sendBroadcastMultiplePermissions:1364 com.android.server.TelephonyRegistry.broadcastServiceStateChanged:3662 com.android.server.TelephonyRegistry.notifyServiceStateForPhoneId:1753 com.android.internal.telephony.ITelephonyRegistry$Stub.onTransact:542 android.os.Binder.execTransactInternal:1380 
2025-08-28 09:02:28.929  1383-1383  SemWifiService          system_server                        D  received: android.intent.action.SERVICE_STATE
2025-08-28 09:02:28.932  1383-1964  ContextImpl             system_server                        W  Calling a method in the system process without a qualified user: android.app.ContextImpl.sendBroadcastMultiplePermissions:1364 com.android.server.TelephonyRegistry.broadcastServiceStateChanged:3671 com.android.server.TelephonyRegistry.notifyServiceStateForPhoneId:1753 com.android.internal.telephony.ITelephonyRegistry$Stub.onTransact:542 android.os.Binder.execTransactInternal:1380 
2025-08-28 09:02:28.936  1383-1964  ContextImpl             system_server                        W  Calling a method in the system process without a qualified user: android.app.ContextImpl.sendBroadcastMultiplePermissions:1364 com.android.server.TelephonyRegistry.broadcastServiceStateChanged:3677 com.android.server.TelephonyRegistry.notifyServiceStateForPhoneId:1753 com.android.internal.telephony.ITelephonyRegistry$Stub.onTransact:542 android.os.Binder.execTransactInternal:1380 
2025-08-28 09:02:28.937  1828-1828  MultiSIMController      com.android.systemui                 D  onReceive() - action = android.intent.action.SERVICE_STATE
2025-08-28 09:02:28.937  1828-1828  AirplaneModeTile        com.android.systemui                 D  onReceive android.intent.action.SERVICE_STATE
2025-08-28 09:02:28.937  1828-1828  MultiSIMController      com.android.systemui                 D  MESSAGE_UPDATE_SERVICE_STATE
2025-08-28 09:02:28.939 26973-26973 CellBroadcastReceiver   com...android.cellbroadcastreceiver  D  onReceive Intent { act=android.intent.action.SERVICE_STATE flg=0x1000010 cmp=com.google.android.cellbroadcastreceiver/com.android.cellbroadcastreceiver.CellBroadcastReceiver (has extras) }
2025-08-28 09:02:28.939  1800-1800  Telephony               com.android.phone                    I  TelecomAccountRegistry$TelecomAccountTelephonyCallback: onServiceStateChanged: newState=0, mServiceState=0
2025-08-28 09:02:28.940  1828-1942  DeviceState             com.android.systemui                 D  isESIM() :0 : false
2025-08-28 09:02:28.940  1828-1942  NetworkCon...troller(1) com.android.systemui                 D  isPowerOffServiceState,mCurrentState.getVoiceServiceState() = 0,mCurrentState.airplaneMode = false,mCurrentState.canCellularVoiceService() = true,mCurrentState.isVoiceCallAvailable() = true
2025-08-28 09:02:28.940  1828-1942  AirplaneModeTile        com.android.systemui                 D   handleUpdateState mIsWiFiOnlyDevice false isNoSimState false isNoSimState  isPowerOffServiceState false mSetting.getValue() 0
2025-08-28 09:02:28.940  1828-1942  AirplaneModeTile        com.android.systemui                 D   handleUpdateState:  value = false, state = 1
2025-08-28 09:02:28.940  1800-1800  Telephony               com.android.phone                    I  TelecomAccountRegistry$AccountEntry: isRttCurrentlySupported -- regular acct,, hasVoiceAvailability: true, isRttSupported: false, alwaysAllowWhileRoaming: false, isRoaming: false, isOnWfc: false
2025-08-28 09:02:28.940 26973-26973 CellBroadcastReceiver   com...android.cellbroadcastreceiver  D  onServiceStateChanged, ss: 0
2025-08-28 09:02:28.940 26973-26973 CellBroadcastReceiver   com...android.cellbroadcastreceiver  D  networkOperator: 42403
2025-08-28 09:02:28.941 26973-26973 CellBroadcastReceiver   com...android.cellbroadcastreceiver  D  update supported roaming operator as 
2025-08-28 09:02:28.941  1800-1800  Telephony               com.android.phone                    I  TelecomAccountRegistry$AccountEntry: isRttCurrentlySupported -- regular acct,, hasVoiceAvailability: true, isRttSupported: false, alwaysAllowWhileRoaming: false, isRoaming: false, isOnWfc: false
2025-08-28 09:02:28.941  1800-1800  PhoneGlobals            com.android.phone                    V  handleServiceStateChanged
2025-08-28 09:02:28.941  1800-1800  NotificationMgr         com.android.phone                    D  updateNetworkSelection, Use Samsung codes instead of AOSP codes
2025-08-28 09:02:28.941  1800-1800  PhoneGlobals            com.android.phone                    V  subId=4, mDefaultDataSubId=1, ss roaming=false
2025-08-28 09:02:28.942  1828-1828  CarrierTextController   com.android.systemui                 D  carrierTextForSimState(4)-(order: 0) : du
2025-08-28 09:02:28.942  1828-1828  CarrierTextController   com.android.systemui                 D  carrierTextForSimState(1)-(order: 1) : e&
2025-08-28 09:02:28.942  1828-1828  CarrierTextController   com.android.systemui                 D  setText : du • e&
2025-08-28 09:02:28.942  1828-1828  CarrierTextController   com.android.systemui                 D  carrierTextForSimState(4)-(order: 0) : du
2025-08-28 09:02:28.942  1828-1828  CarrierTextController   com.android.systemui                 D  carrierTextForSimState(1)-(order: 1) : e&
2025-08-28 09:02:28.942  1828-1828  CarrierTextController   com.android.systemui                 D  setText : du • e&
2025-08-28 09:02:28.943  1828-1828  CarrierTextController   com.android.systemui                 D  carrierTextForSimState(4)-(order: 0) : du
2025-08-28 09:02:28.943  1828-1828  CarrierTextController   com.android.systemui                 D  carrierTextForSimState(1)-(order: 1) : e&
2025-08-28 09:02:28.943  1828-1828  CarrierTextController   com.android.systemui                 D  setText : du • e&
2025-08-28 09:02:28.943  1828-1828  FaceWidget...Controller com.android.systemui                 D  onRefreshCarrierInfo()
2025-08-28 09:02:28.943  1828-1828  FaceWidget...oamManager com.android.systemui                 D  isNetworkRoamingState id=4
2025-08-28 09:02:28.943  1828-1828  FaceWidget...oamManager com.android.systemui                 D  isNetworkRoamingState false
2025-08-28 09:02:28.943  1828-1828  FaceWidget...oamManager com.android.systemui                 D  onRefreshCarrierInfo(pre, now): false, false
2025-08-28 09:02:28.943  1828-1828  FaceWidgetClockPage     com.android.systemui                 D  onRefreshCarrierInfo : isChanged false mIsRoaming false
2025-08-28 09:02:28.944  1383-4440  Telecom:Sa...erviceImpl system_server                        I  isInCall - callingPackage : com.android.systemui / callingUser : UserHandle{0} / hasCrossUserAccess : true
2025-08-28 09:02:28.944  1828-1828  ShadeCarrierGroup       com.android.systemui                 D  handleUpdateCarrierInfo [du • e&] isLatin=false
2025-08-28 09:02:28.977  1828-1828  View                    com.android.systemui                 W  requestLayout() improperly called by android.widget.FrameLayout{bdde5ff V.E...... ......ID 0,127-1080,2273 #7f0a0846 app:id/qs_frame} during layout: running second layout pass
2025-08-28 09:02:29.243  1828-1828  StatusBarIconController com.android.systemui                 D  ignoring old pipeline callbacks, because the new mobile icons are enabled
2025-08-28 09:02:29.369  1828-1828  StatusBarIconController com.android.systemui                 D  ignoring old pipeline callbacks, because the new mobile icons are enabled
2025-08-28 09:02:29.413  1383-8818  SemWifiUsa...atsMonitor system_server                        D  onWifiUsabilityStats - seqNum 25331, isSameBssidAndFreq true
2025-08-28 09:02:30.168   826-27633 HYPER-HAL               ven...amsung.hardware.hyper-service  I  [RequestManager.cpp]releaseLocked(): Released ID : 996194
2025-08-28 09:02:30.530  1828-1828  StatusBarIconController com.android.systemui                 D  ignoring old pipeline callbacks, because the new mobile icons are enabled
2025-08-28 09:02:31.112  1383-1443  PowerManagerService     system_server                        D  UserActivityStateListenerState: 0
2025-08-28 09:02:31.688  1383-1564  InputReader             system_server                        D  Btn_touch(6): value=1 when=232880.874773
2025-08-28 09:02:31.688  1383-1564  InputReader             system_server                        I  Touch event's action is 0x0 (id=3, t=0) [pCnt=1, s=0.17648 ] when=232880.874773
2025-08-28 09:02:31.689  1383-1563  InputDispatcher         system_server                        I  Delivering touch to (1828): action: 0x4, f=0x0, d=0, '66be285', t=1 
2025-08-28 09:02:31.689  1383-1563  InputDispatcher         system_server                        I  Delivering touch to (26933): action: 0x0, f=0x0, d=0, '4009a94', t=1 
2025-08-28 09:02:31.689  1383-1563  PowerManagerService     system_server                        D  [api] userActivityFromNative : touch displayId=0 eventTime=232880874
2025-08-28 09:02:31.689 26933-26933 ViewRootIm...nActivity] com.example.ordersgeneratorapp       I  ViewPostIme pointer 0
2025-08-28 09:02:31.689  1383-1563  PowerManagerService     system_server                        D  UserActivityStateListenerState: 1
2025-08-28 09:02:31.689  1383-1411  GestureDetector         system_server                        I  obtain mCurrentDownEvent. id: 479277651 caller: com.android.server.wm.SystemGesturesPointerEventListener.onPointerEvent:204 com.android.server.wm.PointerEventDispatcher.onInputEvent:53 android.view.InputEventReceiver.dispatchInputEvent:337 
2025-08-28 09:02:31.690  1383-1411  GestureDetector         system_server                        I  obtain mCurrentDownEvent. id: 479277651 caller: com.android.server.wm.SystemPerformancePointerEventListener.onPointerEvent:89 com.android.server.wm.PointerEventDispatcher.onInputEvent:53 android.view.InputEventReceiver.dispatchInputEvent:337 
2025-08-28 09:02:31.721  1383-1411  GestureDetector         system_server                        I  obtain mCurrentMotionEventRaw. action: 2 id: 140200160
2025-08-28 09:02:31.721  1383-1411  GestureDetector         system_server                        I  obtain mCurrentMotionEventRaw. action: 2 id: 140200160
2025-08-28 09:02:31.729  1383-1564  InputReader             system_server                        D  Btn_touch(6): value=0 when=232880.915801
2025-08-28 09:02:31.729  1383-1564  InputReader             system_server                        I  Touch event's action is 0x1 (id=3, t=0) [pCnt=1, s=] when=232880.915801
2025-08-28 09:02:31.729  1383-1563  InputDispatcher         system_server                        I  Delivering touch to (26933): action: 0x1, f=0x0, d=0, '4009a94', t=1 
2025-08-28 09:02:31.730 26933-26933 ViewRootIm...nActivity] com.example.ordersgeneratorapp       I  ViewPostIme pointer 1
2025-08-28 09:02:31.802  1828-1828  StatusBarIconController com.android.systemui                 D  ignoring old pipeline callbacks, because the new mobile icons are enabled
2025-08-28 09:02:31.840 26933-26956 gralloc4                com.example.ordersgeneratorapp       I  @set_metadata: update dataspace from GM (0x00000000 -> 0x08010000)
2025-08-28 09:02:31.848   894-894   BufferQueueProducer     surfaceflinger                       I  [com.example.ordersgeneratorapp/com.example.ordersgeneratorapp.MainActivity$_26933#33130](this:0xe61970b8,id:-1,api:0,p:-1,c:894) queueBuffer: fps=1.62 dur=3696.60 max=3596.08 min=16.79
2025-08-28 09:02:31.850   816-816   hwcomposer              and...graphics.composer@2.1-service  I  [HWCDisplay] [Display_0 (type:1)] fps:1.859886,dur:3763.67,max:3596.68,min:16.20  
2025-08-28 09:02:31.870 26933-26956 gralloc4                com.example.ordersgeneratorapp       I  @set_metadata: update dataspace from GM (0x00000000 -> 0x08010000)
2025-08-28 09:02:31.928  1828-1828  StatusBarIconController com.android.systemui                 D  ignoring old pipeline callbacks, because the new mobile icons are enabled
2025-08-28 09:02:31.989  1383-1411  GestureDetector         system_server                        I  handleMessage TAP
2025-08-28 09:02:31.990  1383-1383  GestureDetector         system_server                        I  handleMessage TAP
2025-08-28 09:02:32.423  1383-8818  SemWifiUsa...atsMonitor system_server                        D  onWifiUsabilityStats - seqNum 25332, isSameBssidAndFreq true
2025-08-28 09:02:32.442  3845-3845  SDHMS:LOAD              com.sec.android.sdhms                I  type: LoadsFreqs, value: 0:0:17:1075980:1443000:850000:870999:1800000:500000:55:875:0
2025-08-28 09:02:33.092  1828-1828  StatusBarIconController com.android.systemui                 D  ignoring old pipeline callbacks, because the new mobile icons are enabled
2025-08-28 09:02:33.201 32743-32743 wpa_supplicant          wpa_supplicant                       I  Heartbeat 2167
2025-08-28 09:02:33.583  1205-1205  connsyslogger           connsyslogger                        D  Open FIFO for close
2025-08-28 09:02:33.778   557-557   io_stats                iod                                  D  !@ 179,96 r 134571 6267680 w 3380 770061 d 0 0 f 0 0 iot 308504 0 th 0 0 0 pt 0 inp 0 0 232882.965
2025-08-28 09:02:33.887  1383-1564  InputReader             system_server                        D  Btn_touch(6): value=1 when=232883.074325
2025-08-28 09:02:33.888  1383-1564  InputReader             system_server                        I  Touch event's action is 0x0 (id=3, t=0) [pCnt=1, s=0.17649 ] when=232883.074325
2025-08-28 09:02:33.888  1383-1563  InputDispatcher         system_server                        I  Delivering touch to (1828): action: 0x4, f=0x0, d=0, '66be285', t=1 
2025-08-28 09:02:33.888  1383-1563  InputDispatcher         system_server                        I  Delivering touch to (26933): action: 0x0, f=0x0, d=0, '4009a94', t=1 
2025-08-28 09:02:33.888  1383-1563  PowerManagerService     system_server                        D  [api] userActivityFromNative : touch displayId=0 eventTime=232883074
2025-08-28 09:02:33.889 26933-26933 ViewRootIm...nActivity] com.example.ordersgeneratorapp       I  ViewPostIme pointer 0
2025-08-28 09:02:33.889  1383-1411  GestureDetector         system_server                        I  obtain mCurrentDownEvent. id: 933515472 caller: com.android.server.wm.SystemGesturesPointerEventListener.onPointerEvent:204 com.android.server.wm.PointerEventDispatcher.onInputEvent:53 android.view.InputEventReceiver.dispatchInputEvent:337 
2025-08-28 09:02:33.890  1383-1411  GestureDetector         system_server                        I  obtain mCurrentDownEvent. id: 933515472 caller: com.android.server.wm.SystemPerformancePointerEventListener.onPointerEvent:89 com.android.server.wm.PointerEventDispatcher.onInputEvent:53 android.view.InputEventReceiver.dispatchInputEvent:337 
2025-08-28 09:02:33.937  1383-1411  GestureDetector         system_server                        I  obtain mCurrentMotionEventRaw. action: 2 id: 818140387
2025-08-28 09:02:33.937  1383-1411  GestureDetector         system_server                        I  obtain mCurrentMotionEventRaw. action: 2 id: 818140387
2025-08-28 09:02:33.953  1383-1564  InputReader             system_server                        D  Btn_touch(6): value=0 when=232883.140296
2025-08-28 09:02:33.953  1383-1564  InputReader             system_server                        I  Touch event's action is 0x1 (id=3, t=0) [pCnt=1, s=] when=232883.140296
2025-08-28 09:02:33.954  1383-1563  InputDispatcher         system_server                        I  Delivering touch to (26933): action: 0x1, f=0x0, d=0, '4009a94', t=1 
2025-08-28 09:02:33.954 26933-26933 ViewRootIm...nActivity] com.example.ordersgeneratorapp       I  ViewPostIme pointer 1
2025-08-28 09:02:34.189  1383-1383  GestureDetector         system_server                        I  handleMessage TAP
2025-08-28 09:02:34.190  1383-1411  GestureDetector         system_server                        I  handleMessage TAP
2025-08-28 09:02:34.215 26933-26956 gralloc4                com.example.ordersgeneratorapp       I  @set_metadata: update dataspace from GM (0x00000000 -> 0x08010000)
2025-08-28 09:02:34.223   894-894   BufferQueueProducer     surfaceflinger                       I  [com.example.ordersgeneratorapp/com.example.ordersgeneratorapp.MainActivity$_26933#33130](this:0xe61970b8,id:-1,api:0,p:-1,c:894) queueBuffer: fps=0.84 dur=2374.94 max=2341.49 min=33.45
2025-08-28 09:02:34.225   816-816   hwcomposer              and...graphics.composer@2.1-service  I  [HWCDisplay] [Display_0 (type:1)] fps:0.842132,dur:2374.92,max:2342.03,min:32.90  
2025-08-28 09:02:34.244 26933-26956 gralloc4                com.example.ordersgeneratorapp       I  @set_metadata: update dataspace from GM (0x00000000 -> 0x08010000)
2025-08-28 09:02:34.362  1828-1828  StatusBarIconController com.android.systemui                 D  ignoring old pipeline callbacks, because the new mobile icons are enabled
2025-08-28 09:02:34.487  1828-1828  StatusBarIconController com.android.systemui                 D  ignoring old pipeline callbacks, because the new mobile icons are enabled
2025-08-28 09:02:35.437  1383-8818  SemWifiUsa...atsMonitor system_server                        D  onWifiUsabilityStats - seqNum 25333, isSameBssidAndFreq true
2025-08-28 09:02:35.648  1828-1828  MobileSign...ionManager com.android.systemui                 D  updateSignalTransition
2025-08-28 09:02:35.655  1828-1828  StatusBarIconController com.android.systemui                 D  ignoring old pipeline callbacks, because the new mobile icons are enabled
2025-08-28 09:02:35.661  1828-1828  StatusBarIconController com.android.systemui                 D  ignoring old pipeline callbacks, because the new mobile icons are enabled
2025-08-28 09:02:35.673  1828-1961  gralloc4                com.android.systemui                 I  @set_metadata: update dataspace from GM (0x00000000 -> 0x08010000)
2025-08-28 09:02:35.691   894-894   BufferQueueProducer     surfaceflinger                       I  [StatusBar$_1828#86](this:0xe7d568b8,id:-1,api:0,p:-1,c:894) queueBuffer: fps=0.03 dur=35589.37 max=35589.37 min=35589.37
2025-08-28 09:02:35.695   816-816   hwcomposer              and...graphics.composer@2.1-service  I  [HWCDisplay] [Display_0 (type:1)] fps:1.360770,dur:1469.76,max:1436.89,min:32.87  
2025-08-28 09:02:35.776  1828-1828  StatusBarIconController com.android.systemui                 D  ignoring old pipeline callbacks, because the new mobile icons are enabled
2025-08-28 09:02:36.638 22740-26265 ClearcutMetricXmitter   com....android.googlequicksearchbox  V  Transmission is done.
2025-08-28 09:02:36.893  1383-1443  PowerManagerService     system_server                        D  UserActivityStateListenerState: 0
2025-08-28 09:02:36.929  1828-1828  StatusBarIconController com.android.systemui                 D  ignoring old pipeline callbacks, because the new mobile icons are enabled
2025-08-28 09:02:37.780   557-557   io_stats                iod                                  D  !@ 179,0 r 38307564 650373910 w 8964475 100525420 d 947655 80845720 f 0 0 iot 11694284 0 th 0 0 0 pt 0 inp 0 0 232886.967
2025-08-28 09:02:38.211  1828-1828  StatusBarIconController com.android.systemui                 D  ignoring old pipeline callbacks, because the new mobile icons are enabled
2025-08-28 09:02:38.450  1383-8818  SemWifiUsa...atsMonitor system_server                        D  onWifiUsabilityStats - seqNum 25334, isSameBssidAndFreq true
2025-08-28 09:02:38.584  1205-1205  connsyslogger           connsyslogger                        D  Open FIFO for close
2025-08-28 09:02:38.588  1383-1564  InputReader             system_server                        D  Btn_touch(6): value=1 when=232887.774525
2025-08-28 09:02:38.588  1383-1564  InputReader             system_server                        I  Touch event's action is 0x0 (id=3, t=0) [pCnt=1, s=0.17650 ] when=232887.774525
2025-08-28 09:02:38.589  1383-1563  InputDispatcher         system_server                        I  Delivering touch to (1828): action: 0x4, f=0x0, d=0, '66be285', t=1 
2025-08-28 09:02:38.589  1383-1563  InputDispatcher         system_server                        I  Delivering touch to (26933): action: 0x0, f=0x0, d=0, '4009a94', t=1 
2025-08-28 09:02:38.590  1383-1563  PowerManagerService     system_server                        D  [api] userActivityFromNative : touch displayId=0 eventTime=232887774
2025-08-28 09:02:38.590  1383-1563  PowerManagerService     system_server                        D  UserActivityStateListenerState: 1
2025-08-28 09:02:38.590 26933-26933 ViewRootIm...nActivity] com.example.ordersgeneratorapp       I  ViewPostIme pointer 0
2025-08-28 09:02:38.590  1383-1411  GestureDetector         system_server                        I  obtain mCurrentDownEvent. id: 167083886 caller: com.android.server.wm.SystemGesturesPointerEventListener.onPointerEvent:204 com.android.server.wm.PointerEventDispatcher.onInputEvent:53 android.view.InputEventReceiver.dispatchInputEvent:337 
2025-08-28 09:02:38.590  1383-1411  GestureDetector         system_server                        I  obtain mCurrentDownEvent. id: 167083886 caller: com.android.server.wm.SystemPerformancePointerEventListener.onPointerEvent:89 com.android.server.wm.PointerEventDispatcher.onInputEvent:53 android.view.InputEventReceiver.dispatchInputEvent:337 
2025-08-28 09:02:38.612  1383-1411  GestureDetector         system_server                        I  obtain mCurrentMotionEventRaw. action: 2 id: 671304228
2025-08-28 09:02:38.612  1383-1411  GestureDetector         system_server                        I  obtain mCurrentMotionEventRaw. action: 2 id: 671304228
2025-08-28 09:02:38.619 26933-26956 gralloc4                com.example.ordersgeneratorapp       I  @set_metadata: update dataspace from GM (0x00000000 -> 0x08010000)
2025-08-28 09:02:38.628  1383-1564  InputReader             system_server                        D  Btn_touch(6): value=0 when=232887.815538
2025-08-28 09:02:38.629  1383-1564  InputReader             system_server                        I  Touch event's action is 0x1 (id=3, t=0) [pCnt=1, s=] when=232887.815538
2025-08-28 09:02:38.629  1383-1563  InputDispatcher         system_server                        I  Delivering touch to (26933): action: 0x1, f=0x0, d=0, '4009a94', t=1 
2025-08-28 09:02:38.629   894-894   BufferQueueProducer     surfaceflinger                       I  [com.example.ordersgeneratorapp/com.example.ordersgeneratorapp.MainActivity$_26933#33130](this:0xe61970b8,id:-1,api:0,p:-1,c:894) queueBuffer: fps=0.45 dur=4406.02 max=4372.53 min=33.50
2025-08-28 09:02:38.629 26933-26933 ViewRootIm...nActivity] com.example.ordersgeneratorapp       I  ViewPostIme pointer 1
2025-08-28 09:02:38.631   816-816   hwcomposer              and...graphics.composer@2.1-service  I  [HWCDisplay] [Display_0 (type:1)] fps:0.340540,dur:2936.51,max:2936.51,min:2936.51  
2025-08-28 09:02:38.796  1383-1564  InputReader             system_server                        D  Btn_touch(6): value=1 when=232887.983252
2025-08-28 09:02:38.796  1383-1564  InputReader             system_server                        I  Touch event's action is 0x0 (id=3, t=0) [pCnt=1, s=0.17651 ] when=232887.983252
2025-08-28 09:02:38.797  1383-1563  InputDispatcher         system_server                        I  Delivering touch to (1828): action: 0x4, f=0x0, d=0, '66be285', t=1 
2025-08-28 09:02:38.797  1383-1563  InputDispatcher         system_server                        I  Delivering touch to (26933): action: 0x0, f=0x0, d=0, '4009a94', t=1 
2025-08-28 09:02:38.798  1383-1411  GestureDetector         system_server                        I  obtain mCurrentDownEvent. id: 1727162 caller: com.android.server.wm.SystemGesturesPointerEventListener.onPointerEvent:204 com.android.server.wm.PointerEventDispatcher.onInputEvent:53 android.view.InputEventReceiver.dispatchInputEvent:337 
2025-08-28 09:02:38.799  1383-1411  GestureDetector         system_server                        I  obtain mCurrentDownEvent. id: 1727162 caller: com.android.server.wm.SystemPerformancePointerEventListener.onPointerEvent:89 com.android.server.wm.PointerEventDispatcher.onInputEvent:53 android.view.InputEventReceiver.dispatchInputEvent:337 
2025-08-28 09:02:38.805  1383-1411  GestureDetector         system_server                        I  obtain mCurrentMotionEventRaw. action: 2 id: 133162767
2025-08-28 09:02:38.805  1383-1411  GestureDetector         system_server                        I  obtain mCurrentMotionEventRaw. action: 2 id: 133162767
2025-08-28 09:02:38.904  1383-1564  InputReader             system_server                        D  Btn_touch(6): value=0 when=232888.091517
2025-08-28 09:02:38.905  1383-1564  InputReader             system_server                        I  Touch event's action is 0x1 (id=3, t=0) [pCnt=1, s=] when=232888.091517
2025-08-28 09:02:38.905  1383-1563  InputDispatcher         system_server                        I  Delivering touch to (26933): action: 0x1, f=0x0, d=0, '4009a94', t=1 
2025-08-28 09:02:38.925 26933-26939 ersgeneratorapp         com.example.ordersgeneratorapp       I  Background concurrent copying GC freed 5285KB AllocSpace bytes, 4(80KB) LOS objects, 49% free, 8493KB/16MB, paused 94us,55us total 103.493ms
2025-08-28 09:02:38.954 26933-26933 ViewRootIm...nActivity] com.example.ordersgeneratorapp       I  ViewPostIme pointer 0
2025-08-28 09:02:38.957 26933-26956 gralloc4                com.example.ordersgeneratorapp       I  @set_metadata: update dataspace from GM (0x00000000 -> 0x08010000)
2025-08-28 09:02:38.967 26933-26933 ViewRootIm...nActivity] com.example.ordersgeneratorapp       I  ViewPostIme pointer 1
2025-08-28 09:02:38.985 26933-27637 okhttp.OkHttpClient     com.example.ordersgeneratorapp       I  --> GET https://paper-api.alpaca.markets/v2/account
2025-08-28 09:02:39.055 14271-27521 NearbyMediums           com.google.android.gms.persistent    I  No BLE Fast/GATT advertisements found in the latest cycle.
2025-08-28 09:02:39.156 26933-26956 gralloc4                com.example.ordersgeneratorapp       I  @set_metadata: update dataspace from GM (0x00000000 -> 0x08010000)
2025-08-28 09:02:39.202 26933-27015 AlpacaRepository        com.example.ordersgeneratorapp       E  Exception getting account: The coroutine scope left the composition
                                                                                                    androidx.compose.runtime.LeftCompositionCancellationException: The coroutine scope left the composition
2025-08-28 09:02:39.208 26933-26956 gralloc4                com.example.ordersgeneratorapp       I  @set_metadata: update dataspace from GM (0x00000000 -> 0x08010000)
2025-08-28 09:02:39.337  2175-2353  BtGatt.GattService      com.android.bluetooth                D  onScanResult to scannerId: 5- eventType=0x10, addressType=1, address=XX:XX:XX:XX:B2:8F, primaryPhy=1, secondaryPhy=0, advertisingSid=0xff, txPower=127, rssi=-89, periodicAdvInt=0x0
2025-08-28 09:02:39.492  1828-1828  StatusBarIconController com.android.systemui                 D  ignoring old pipeline callbacks, because the new mobile icons are enabled
2025-08-28 09:02:39.637 26933-27637 okhttp.OkHttpClient     com.example.ordersgeneratorapp       I  <-- HTTP FAILED: java.io.IOException: Canceled
2025-08-28 09:02:39.637  1383-1757  NetdEventL...nerService system_server                        D  DNS Requested by 208, 10317, 633
2025-08-28 09:02:40.771  1828-1828  StatusBarIconController com.android.systemui                 D  ignoring old pipeline callbacks, because the new mobile icons are enabled
2025-08-28 09:02:40.896  1828-1828  StatusBarIconController com.android.systemui                 D  ignoring old pipeline callbacks, because the new mobile icons are enabled
2025-08-28 09:02:41.464  1383-8818  SemWifiUsa...atsMonitor system_server                        D  onWifiUsabilityStats - seqNum 25335, isSameBssidAndFreq true
2025-08-28 09:02:41.464  1383-1708  SemWifiLin...ityMonitor system_server                        I  Link stat: 0 / 0 / 1.00 (13) / 65 / -42.0 || 100.0 : 65.00 / B (B) || 0.23 ms / 35.41 Mbps / D || 0 / N / 0 Y / 0 Y
2025-08-28 09:02:41.901  1383-1443  PowerManagerService     system_server                        D  UserActivityStateListenerState: 0
2025-08-28 09:02:42.051  1828-1828  StatusBarIconController com.android.systemui                 D  ignoring old pipeline callbacks, because the new mobile icons are enabled
2025-08-28 09:02:42.182  1828-1828  StatusBarIconController com.android.systemui                 D  ignoring old pipeline callbacks, because the new mobile icons are enabled
2025-08-28 09:02:42.401  2175-2353  BtGatt.GattService      com.android.bluetooth                D  onScanResult to scannerId: 5- eventType=0x10, addressType=1, address=XX:XX:XX:XX:B2:8F, primaryPhy=1, secondaryPhy=0, advertisingSid=0xff, txPower=127, rssi=-73, periodicAdvInt=0x0
2025-08-28 09:02:42.545  3845-3845  SDHMS:LOAD              com.sec.android.sdhms                I  type: LoadsFreqs, value: 0:0:9:922339:1443000:850000:599979:1175000:500000:0:0:0
2025-08-28 09:02:43.212 32743-32743 wpa_supplicant          wpa_supplicant                       I  Heartbeat 2168
2025-08-28 09:02:43.271  2175-2353  BtGatt.GattService      com.android.bluetooth                D  onScanResult to scannerId: 5- eventType=0x10, addressType=1, address=XX:XX:XX:XX:C0:26, primaryPhy=1, secondaryPhy=0, advertisingSid=0xff, txPower=127, rssi=-97, periodicAdvInt=0x0
2025-08-28 09:02:43.330  1828-1828  StatusBarIconController com.android.systemui                 D  ignoring old pipeline callbacks, because the new mobile icons are enabled
2025-08-28 09:02:43.584  1205-1205  connsyslogger           connsyslogger                        D  Open FIFO for close
2025-08-28 09:02:43.784   557-557   io_stats                iod                                  D  !@ 179,96 r 134571 6267680 w 3380 770061 d 0 0 f 0 0 iot 308504 0 th 0 0 0 pt 0 inp 0 0 232892.970
2025-08-28 09:02:44.136   831-866   libPerfCtl              ven...hardware.mtkpower@1.0-service  I  xgfGetFPS pid:-1 fps:0
2025-08-28 09:02:44.137   831-866   libPerfCtl              ven...hardware.mtkpower@1.0-service  I  xgfGetFPS ioctl_ret:-1
2025-08-28 09:02:44.477  1383-8818  SemWifiUsa...atsMonitor system_server                        D  onWifiUsabilityStats - seqNum 25336, isSameBssidAndFreq true
2025-08-28 09:02:44.610  1828-1828  StatusBarIconController com.android.systemui                 D  ignoring old pipeline callbacks, because the new mobile icons are enabled
2025-08-28 09:02:45.111  1383-1564  InputReader             system_server                        D  Btn_touch(6): value=1 when=232894.298030
2025-08-28 09:02:45.111  1383-1564  InputReader             system_server                        I  Touch event's action is 0x0 (id=3, t=0) [pCnt=1, s=0.17652 ] when=232894.298030
2025-08-28 09:02:45.112  1383-1563  InputDispatcher         system_server                        I  Delivering touch to (1828): action: 0x0, f=0x0, d=0, '66be285', t=1 +(0,-2273)
2025-08-28 09:02:45.112  1383-1563  PowerManagerService     system_server                        D  [api] userActivityFromNative : touch displayId=0 eventTime=232894298
2025-08-28 09:02:45.113  1383-1563  PowerManagerService     system_server                        D  UserActivityStateListenerState: 1
2025-08-28 09:02:45.113  1383-1411  GestureDetector         system_server                        I  obtain mCurrentDownEvent. id: 217920391 caller: com.android.server.wm.SystemGesturesPointerEventListener.onPointerEvent:204 com.android.server.wm.PointerEventDispatcher.onInputEvent:53 android.view.InputEventReceiver.dispatchInputEvent:337 
2025-08-28 09:02:45.113  1828-1828  ViewRootIm...ationBar0] com.android.systemui                 I  ViewPostIme pointer 0
2025-08-28 09:02:45.113  1383-1411  GestureDetector         system_server                        I  obtain mCurrentDownEvent. id: 217920391 caller: com.android.server.wm.SystemPerformancePointerEventListener.onPointerEvent:89 com.android.server.wm.PointerEventDispatcher.onInputEvent:53 android.view.InputEventReceiver.dispatchInputEvent:337 
2025-08-28 09:02:45.114  1828-1828  KeyButtonView           com.android.systemui                 I  Back button event: ACTION_DOWN
2025-08-28 09:02:45.114  1828-2054  KeyButtonView           com.android.systemui                 I  injectInputEvent - 4
2025-08-28 09:02:45.115  1828-1828  Vibrator                com.android.systemui                 V  semGetSupportedVibrationType: ret=1
2025-08-28 09:02:45.115  1383-1964  InputDispatcher         system_server                        D  Inject key (1828/10047): action=0, f=0x48, d=0, time=232894300000000
2025-08-28 09:02:45.115  1383-1964  WindowManager           system_server                        D  interceptKeyTq keycode=4 interactive=true keyguardActive=false policyFlags=2b000002
2025-08-28 09:02:45.115  1383-1964  PhoneWindowManagerExt   system_server                        D  setScreenshotEnabled, screenOnFully=true
2025-08-28 09:02:45.116  1383-1964  SingleKeyGesture        system_server                        D  interceptKeyDown, info : KeyCode=KEYCODE_UNKNOWN, size=0
2025-08-28 09:02:45.116  1383-1964  PhoneWindowManagerExt   system_server                        D  interceptKeyTq code=4 down=true repeatCount=0 displayId=0 interactive=true
2025-08-28 09:02:45.116  1383-1964  WindowManager           system_server                        D  interceptKeyTq interceptKeyResult=4
2025-08-28 09:02:45.116  1383-1964  PhoneWindowManagerExt   system_server                        D  f.b. a=false id=1 he=true ksno=false uid=1000 callingPackage=android reason=Virtual Key - Press Caller=com.android.server.policy.PhoneWindowManager.performHapticFeedback:7290 com.android.server.policy.PhoneWindowManager.performHapticFeedback:7276 com.android.server.policy.PhoneWindowManager.interceptKeyBeforeQueueing:5593 com.android.server.wm.InputManagerCallback.interceptKeyBeforeQueueing:163 com.android.server.input.InputManagerService.interceptKeyBeforeQueueing:3523 
2025-08-28 09:02:45.116  1383-1964  Vibrator                system_server                        V  semGetSupportedVibrationType: ret=1
2025-08-28 09:02:45.116  1383-1964  PhoneWindowManagerExt   system_server                        D  haptic generated by application
2025-08-28 09:02:45.116  1383-4440  VibratorManagerService  system_server                        D  vibrate - uid: 10047, opPkg: com.android.systemui, effect: Mono{mEffect=Composed{segments=[SemHaptic{mType=50124, mMagnitude=-1}], repeat=-1, mMagnitudeType=TYPE_TOUCH}}, attrs: VibrationAttributes: Usage=UNKNOWN Audio Usage= USAGE_UNKNOWN tags= Flags=0, reason: null, token: android.os.BinderProxy@f5cce7
2025-08-28 09:02:45.116  1383-4440  VibratorManagerService  system_server                        D  converted usage = TOUCH(18)
2025-08-28 09:02:45.116  1383-4440  VibratorManagerService  system_server                        D  getPatternFrequencyByIndex(), index out of bound, mVibePatternHash:77, type:50124, index:100
2025-08-28 09:02:45.116  1383-4440  VibratorManagerService  system_server                        D  semDcVibrate : EFFECT_CLICK_RESERVED_DC(100), repeat: -1, usage: TOUCH(18), magnitude: 45
2025-08-28 09:02:45.116  1383-4440  VibratorManagerService  system_server                        D  Starting vibrate for vibration 1515
2025-08-28 09:02:45.117  1383-1563  WindowManager           system_server                        D  interceptKeyTi keyCode=4 down=true repeatCount=0 keyguardOn=false canceled=false
2025-08-28 09:02:45.117  1383-1563  PhoneWindowManagerExt   system_server                        D  interceptKeyTi code=4 down=true repeatCount=0 displayId=0 interactive=true
2025-08-28 09:02:45.118  1383-1563  InputDispatcher         system_server                        I  Delivering key to (26933): B action: 0x0 (0), f=0x48, m=0x0, d=0, '4009a94'
2025-08-28 09:02:45.118   872-872   SecVibrato...-AIDL-CORE ven...ung.hardware.vibrator-service  E  V_2_0: Vibrator on for timeoutMs: 45
2025-08-28 09:02:45.119   872-872   SecVibrato...-AIDL-CORE ven...ung.hardware.vibrator-service  E  HW_API: do_on for timeoutMs: 45
2025-08-28 09:02:45.119   872-872   SecVibrato...-AIDL-CORE ven...ung.hardware.vibrator-service  E  HW_API: >> writeNode node:/timed_output/vibrator/enable val:45
2025-08-28 09:02:45.119  4379-4379  HBD                     com.samsung.android.honeyboard       I  c skip onKeyDown as physical keyboard not connected 
2025-08-28 09:02:45.119  4379-4379  HBD                     com.samsung.android.honeyboard       I  HoneyBoardService onKeyDown r:7b915e50 consumed:false 0 
2025-08-28 09:02:45.120   872-872   SecVibrato...-AIDL-CORE ven...ung.hardware.vibrator-service  E  HW_API: << writeNode node OK : 3
2025-08-28 09:02:45.120  4379-4379  InputMethodService      com.samsung.android.honeyboard       I  handleBack: mShowInputRequested=false, doIt=false
2025-08-28 09:02:45.126 26933-26933 ViewRootIm...nActivity] com.example.ordersgeneratorapp       I  ViewPostIme key 0
2025-08-28 09:02:45.127 26933-26933 Activity                com.example.ordersgeneratorapp       D  onKeyDown(KEYCODE_BACK)
2025-08-28 09:02:45.128  1828-1961  gralloc4                com.android.systemui                 I  @set_metadata: update dataspace from GM (0x00000000 -> 0x08010000)
2025-08-28 09:02:45.142   894-894   BufferQueueProducer     surfaceflinger                       I  [NavigationBar0$_1828#81](this:0xe72410b8,id:-1,api:0,p:-1,c:894) queueBuffer: fps=0.06 dur=17056.79 max=17056.79 min=17056.79
2025-08-28 09:02:45.143   816-816   hwcomposer              and...graphics.composer@2.1-service  I  [HWCDisplay] [Display_0 (type:1)] fps:0.614293,dur:6511.55,max:5915.88,min:67.27  
2025-08-28 09:02:45.153  1383-1411  GestureDetector         system_server                        I  obtain mCurrentMotionEventRaw. action: 2 id: 35625251
2025-08-28 09:02:45.153  1383-1411  GestureDetector         system_server                        I  obtain mCurrentMotionEventRaw. action: 2 id: 35625251
2025-08-28 09:02:45.163  1383-1551  VibratorManagerService  system_server                        D  Vibration 1515 finished with EndInfo{status=FINISHED, endedBy=null}
2025-08-28 09:02:45.163  1383-1551  VibratorManagerService  system_server                        D  Reporting vibration 1515 finished with EndInfo{status=FINISHED, endedBy=null}
2025-08-28 09:02:45.163  1383-1551  VibratorManagerService  system_server                        D  Vibration for uid=10047 and with attrs=VibrationAttributes: Usage=TOUCH Audio Usage= USAGE_UNKNOWN tags= Flags=0 ended with status FINISHED
2025-08-28 09:02:45.164   872-872   SecVibrato...-AIDL-CORE ven...ung.hardware.vibrator-service  E  V_2_0: Vibrator off
2025-08-28 09:02:45.164   872-872   SecVibrato...-AIDL-CORE ven...ung.hardware.vibrator-service  E  HW_API: do_off
2025-08-28 09:02:45.164   872-872   SecVibrato...-AIDL-CORE ven...ung.hardware.vibrator-service  E  HW_API: >> writeNode node:/timed_output/vibrator/enable val:0
2025-08-28 09:02:45.164   872-872   SecVibrato...-AIDL-CORE ven...ung.hardware.vibrator-service  E  HW_API: << writeNode node OK : 2
2025-08-28 09:02:45.165  1383-1551  VibratorManagerService  system_server                        D  VibrationThread released after finished vibration
2025-08-28 09:02:45.165  1383-1551  VibratorManagerService  system_server                        D  Processing VibrationThread released callback
2025-08-28 09:02:45.169  1383-1564  InputReader             system_server                        D  Btn_touch(6): value=0 when=232894.356339
2025-08-28 09:02:45.169  1383-1564  InputReader             system_server                        I  Touch event's action is 0x1 (id=3, t=0) [pCnt=1, s=] when=232894.356339
2025-08-28 09:02:45.170  1383-1563  InputDispatcher         system_server                        I  Delivering touch to (1828): action: 0x1, f=0x0, d=0, '66be285', t=1 +(0,-2273)
2025-08-28 09:02:45.170  1828-1828  ViewRootIm...ationBar0] com.android.systemui                 I  ViewPostIme pointer 1
2025-08-28 09:02:45.171  1828-1828  KeyButtonView           com.android.systemui                 I  Back button event: ACTION_UP
2025-08-28 09:02:45.171  1828-2054  KeyButtonView           com.android.systemui                 I  injectInputEvent - 4
2025-08-28 09:02:45.171  1383-4440  InputDispatcher         system_server                        D  Inject key (1828/10047): action=1, f=0x48, d=0, time=232894357000000
2025-08-28 09:02:45.172  1383-4440  WindowManager           system_server                        D  interceptKeyTq keycode=4 interactive=true keyguardActive=false policyFlags=2b000002
2025-08-28 09:02:45.172  1383-4440  SingleKeyGesture        system_server                        D  interceptKeyUp, longPress=false info : KeyCode=KEYCODE_UNKNOWN, size=0
2025-08-28 09:02:45.172  1383-4440  SingleKeyGesture        system_server                        D  interceptKeyUp, mActiveRule is null
2025-08-28 09:02:45.172  1383-4440  PhoneWindowManagerExt   system_server                        D  interceptKeyTq code=4 down=false repeatCount=0 displayId=0 interactive=true
2025-08-28 09:02:45.172  1383-4440  WindowManager           system_server                        D  interceptKeyTq interceptKeyResult=4
2025-08-28 09:02:45.172  1383-1563  WindowManager           system_server                        D  interceptKeyTi keyCode=4 down=false repeatCount=0 keyguardOn=false canceled=false
2025-08-28 09:02:45.172  1383-1563  PhoneWindowManagerExt   system_server                        D  interceptKeyTi code=4 down=false repeatCount=0 displayId=0 interactive=true
2025-08-28 09:02:45.173  1383-1563  InputDispatcher         system_server                        I  Delivering key to (26933): B action: 0x1 (0), f=0x48, m=0x0, d=0, '4009a94'
2025-08-28 09:02:45.174  4379-4379  HBD                     com.samsung.android.honeyboard       I  HoneyBoardService onKeyUp r:7e5a4ead consumed:false 0 
2025-08-28 09:02:45.175  4379-4379  InputMethodService      com.samsung.android.honeyboard       W  onKeyUp: event.isTracking=false, event.isCanceled=false
2025-08-28 09:02:45.175 26933-26933 ViewRootIm...nActivity] com.example.ordersgeneratorapp       I  ViewPostIme key 1
2025-08-28 09:02:45.175 26933-26933 Activity                com.example.ordersgeneratorapp       D  onKeyUp(KEYCODE_BACK) isTracking()=true isCanceled()=false hasCallback=false
2025-08-28 09:02:45.176 26933-26933 Activity                com.example.ordersgeneratorapp       D  onBackPressed
2025-08-28 09:02:45.177 11546-11546 AiAiAutofill            com.google.android.as                I  Created AiAiAugmentedAutofillService.
2025-08-28 09:02:45.181  1383-1995  ActivityTaskManager     system_server                        D  scheduleTopResumedActivityChanged, onTop=false, r=ActivityRecord{8409faa u0 com.example.ordersgeneratorapp/.MainActivity t29046 f}}, caller=com.android.server.wm.ActivityTaskSupervisor.updateTopResumedActivityIfNeeded:2826 com.android.server.wm.TaskDisplayArea.positionChildTaskAt:567 com.android.server.wm.TaskDisplayArea.positionChildAt:483 com.android.server.wm.WindowContainer.positionChildAt:989 com.android.server.wm.Task.positionChildAt:3318 com.android.server.wm.Task.moveToFront:6077 
2025-08-28 09:02:45.182 11546-11614 AiAiAutofill            com.google.android.as                I  Connected AiAiAugmentedAutofillService.
2025-08-28 09:02:45.182  1383-1995  SGM:FgCheckThread       system_server                        D  TaskStackListener.onTaskFocusChanged(), taskId=29046, focused=false
2025-08-28 09:02:45.182  1383-1995  SGM:FgCheckThread       system_server                        D  TaskStackListener.onTaskFocusChanged(), taskId=28763, focused=true
2025-08-28 09:02:45.183  1383-1995  SGM:FgCheckThread       system_server                        D    sendRunningComponentFocus(), pkgName: com.sec.android.app.launcher, userId: 0
2025-08-28 09:02:45.183  1383-1577  SGM:FgCheckThread       system_server                        D  onLooperPrepared(), msg: MSG_TASK_FOCUSED, pkgName: com.sec.android.app.launcher, userId: 0
2025-08-28 09:02:45.183  1383-1577  SGM:FgCheckThread       system_server                        D  handleTaskFocused().
2025-08-28 09:02:45.183  1383-1577  SGM:FgCheckThread       system_server                        D  sendFocusOutConditionally() - mPrevNotiPkg: (unknown), userId: 0
2025-08-28 09:02:45.183  1383-1654  AS.MultiSoundManager    system_server                        D  mForegroundUid = 10103
2025-08-28 09:02:45.183  1383-1577  SGM:FgCheckThread       system_server                        D    handleTaskFocused(), pkgName: com.sec.android.app.launcher, userID:0 mResumedPkgMap does not containsKey.
