2025-08-05 18:30:02.291 29139-29226 gralloc4                com.google.android.apps.maps         I  @set_metadata: update dataspace from GM (0x00000000 -> 0x08010000)
2025-08-05 18:30:02.308 29139-29226 gralloc4                com.google.android.apps.maps         I  @set_metadata: update dataspace from GM (0x00000000 -> 0x08010000)
2025-08-05 18:30:02.319 29139-32171 gralloc4                com.google.android.apps.maps         I  @set_metadata: update dataspace from GM (0x00000000 -> 0x10020000)
2025-08-05 18:30:02.324 29139-29226 gralloc4                com.google.android.apps.maps         I  @set_metadata: update dataspace from GM (0x00000000 -> 0x08010000)
2025-08-05 18:30:02.329 29139-32172 CCodecBufferChannel     com.google.android.apps.maps         D  [c2.mtk.avc.decoder#508] flushed work; ignored.
2025-08-05 18:30:02.329 29139-32172 CCodecBufferChannel     com.google.android.apps.maps         D  [c2.mtk.avc.decoder#508] Discard frames from previous generation.
2025-08-05 18:30:02.329 29139-32172 PipelineWatcher         com.google.android.apps.maps         D  onWorkDone: frameIndex not found (18446744073709551615); ignored
2025-08-05 18:30:02.338  1067-1142  MPE_MA                  mnld                                 D  mnl2mpe_hdlr: mpe recv, type = 8, len = 0
2025-08-05 18:30:02.338  1067-1142  MPE_MA                  mnld                                 D  mnl2mpe_hdlr: mpe_flag, 0, 0, 0, 0, 3, 0, 0
2025-08-05 18:30:02.338  1067-1142  MPE_MA                  mnld                                 D  mnl2mpe_hdlr: MPE_DBG: No sensor raw data report. Init MPE kernel
2025-08-05 18:30:02.338  1067-1142  MPE_DR                  mnld                                 D  mpe_dr_re_initialize: Start to init MPE4.0
2025-08-05 18:30:02.338  1067-1142  MPE_DR                  mnld                                 D  mpe_dr_re_initialize: End to init MPE4.0
2025-08-05 18:30:02.338  1067-1142  mpe                     mnld                                 D  mpe_main_thread: wait
2025-08-05 18:30:02.343 29139-29226 gralloc4                com.google.android.apps.maps         I  @set_metadata: update dataspace from GM (0x00000000 -> 0x08010000)
2025-08-05 18:30:02.343 29139-29332 gralloc4                com.google.android.apps.maps         I  @set_metadata: update dataspace from GM (0x00000000 -> 0x08010000)
2025-08-05 18:30:02.355  1067-1142  MPE_MA                  mnld                                 D  mnl2mpe_hdlr: mpe recv, type = 10, len = 27204
2025-08-05 18:30:02.355  1067-1142  mpe                     mnld                                 D  mpe_main_thread: wait
2025-08-05 18:30:02.356  1067-1142  MPE_MA                  mnld                                 D  mnl2mpe_hdlr: mpe recv, type = 7, len = 256
2025-08-05 18:30:02.356  1067-1142  MPE_MA                  mnld                                 D  mnl2mpe_hdlr: mnl_in, 1438446620.000, 18, 277305317779766
2025-08-05 18:30:02.356  1067-1142  mpe                     mnld                                 D  mpe2mnl_hdlr: type=37 length=0
2025-08-05 18:30:02.356  1067-1142  mpe                     mnld                                 D  mpe_main_thread: wait
2025-08-05 18:30:02.356  1070-1082  agps                    mtk_agpsd                            D  [agps][n][AGPS] [MNL] mnl2agps [150]
2025-08-05 18:30:02.358 29139-29332 gralloc4                com.google.android.apps.maps         I  @set_metadata: update dataspace from GM (0x00000000 -> 0x08010000)
2025-08-05 18:30:02.359 29139-29226 gralloc4                com.google.android.apps.maps         I  @set_metadata: update dataspace from GM (0x00000000 -> 0x08010000)
2025-08-05 18:30:02.363  1070-1082  agps                    mtk_agpsd                            D  [agps][n][AGPS] [MNL] write  pmtk  [$PMTK680,1,FFFFF456*7C
                                                                                                     ]
2025-08-05 18:30:02.369 29139-32171 gralloc4                com.google.android.apps.maps         I  @set_metadata: update dataspace from GM (0x00000000 -> 0x10020000)
2025-08-05 18:30:02.372 29139-32172 CCodecBufferChannel     com.google.android.apps.maps         D  [c2.mtk.avc.decoder#508] flushed work; ignored.
2025-08-05 18:30:02.372 29139-32172 CCodecBufferChannel     com.google.android.apps.maps         D  [c2.mtk.avc.decoder#508] Discard frames from previous generation.
2025-08-05 18:30:02.372 29139-32172 PipelineWatcher         com.google.android.apps.maps         D  onWorkDone: frameIndex not found (18446744073709551615); ignored
2025-08-05 18:30:02.378 29139-29226 gralloc4                com.google.android.apps.maps         I  @set_metadata: update dataspace from GM (0x00000000 -> 0x08010000)
2025-08-05 18:30:02.392 29139-29226 gralloc4                com.google.android.apps.maps         I  @set_metadata: update dataspace from GM (0x00000000 -> 0x08010000)
2025-08-05 18:30:02.393  1780-25462 WifiHAL                 and...ardware.wifi@1.0-service-lazy  D  event received NL80211_CMD_VENDOR, vendor_id = 0xce7, subcmd = 0xa
2025-08-05 18:30:02.410 29139-29226 gralloc4                com.google.android.apps.maps         I  @set_metadata: update dataspace from GM (0x00000000 -> 0x08010000)
2025-08-05 18:30:02.410 29139-32171 gralloc4                com.google.android.apps.maps         I  @set_metadata: update dataspace from GM (0x00000000 -> 0x10020000)
2025-08-05 18:30:02.412 29139-32172 CCodecBufferChannel     com.google.android.apps.maps         D  [c2.mtk.avc.decoder#508] flushed work; ignored.
2025-08-05 18:30:02.412 29139-32172 CCodecBufferChannel     com.google.android.apps.maps         D  [c2.mtk.avc.decoder#508] Discard frames from previous generation.
2025-08-05 18:30:02.412 29139-32172 PipelineWatcher         com.google.android.apps.maps         D  onWorkDone: frameIndex not found (18446744073709551615); ignored
2025-08-05 18:30:02.414  1067-31645 MPE_SE                  mnld                                 D  mpe_sensor_check_mnl_response: mpe_sensor_check_mnl_response 0.058484, 1754411420.414658 1754411420.356174 0 1
2025-08-05 18:30:02.418  1067-31427 pseudo                  mnld                                 D  mtk_gps_sys_nmea_output_to_mnld: received 1929 bytes:
2025-08-05 18:30:02.418  1067-31427 mnld                    mnld                                 D  nmea_reader_update_time: nmea_reader_update_time: timestamp = 1754411402000, second = 1754411402000, msec = 0
2025-08-05 18:30:02.419  1067-31427 mnld                    mnld                                 D  nmea_reader_update_time: nmea_reader_update_time: timestamp = 1754411402000, second = 1754411402000, msec = 0
2025-08-05 18:30:02.419  1067-31427 mnld                    mnld                                 W  nmea_reader_parse: unknown sentence 'GNVTG
2025-08-05 18:30:02.419  1067-31427 mnld                    mnld                                 D  nmea_reader_update_accuracy: update accuracy: h=4.400000, b= 179.899994, s=2.700000, v=23.700001
2025-08-05 18:30:02.419  1067-31427 mnld                    mnld                                 D  nmea_reader_parse: receive PMTKAGC command, agc: 6
2025-08-05 18:30:02.419  1067-31427 mnld                    mnld                                 W  nmea_reader_parse: unknown sentence 'PMTKTSX1
2025-08-05 18:30:02.419  1067-31427 mnld                    mnld                                 W  nmea_reader_parse: unknown sentence 'PMTKSUPL
2025-08-05 18:30:02.419  1067-31427 mnld                    mnld                                 W  nmea_reader_parse: unknown sentence 'PMTKCLK
2025-08-05 18:30:02.419  1067-31427 mnld                    mnld                                 W  nmea_reader_parse: unknown sentence 'PMTKMPE
2025-08-05 18:30:02.419  1067-31427 mnld                    mnld                                 D  nmea_reader_parse: et_mnl_report_mnld = 925690283644982, tick_in_dsp = 7108448180198, et_mnl_receive_tick = 0, et_at_dsp =0
2025-08-05 18:30:02.420  1067-31427 mnld                    mnld                                 W  nmea_reader_parse: unknown sentence 'PMTKMPE1
2025-08-05 18:30:02.420  1067-31427 mnld                    mnld                                 W  nmea_reader_parse: unknown sentence 'PMTKMPE2
2025-08-05 18:30:02.420  1067-31427 mnld                    mnld                                 W  nmea_reader_parse: unknown sentence 'PMTKLCPOS1
2025-08-05 18:30:02.420  1067-31427 mnld                    mnld                                 W  nmea_reader_parse: unknown sentence 'PMTKLCPOS2
2025-08-05 18:30:02.420  1067-31427 mnld                    mnld                                 D  nmea_reader_parse: Base value: et_mnl_receive_tick = 56111664646, tick_in_dsp = 215516, et_interval = 750533760, mnld_timestampNs = 64565
2025-08-05 18:30:02.420  1067-31427 mnld                    mnld                                 D  nmea_reader_parse: fix_mode:3, fix_flag:0xff
2025-08-05 18:30:02.420  1067-31427 mnld                    mnld                                 D  nmea_reader_parse: mnld_set_sv_inuse_valid:1, mnld_set_sv_inuse_num:8
2025-08-05 18:30:02.420  1067-31427 mnld                    mnld                                 D  nmea_reader_parse: report elapsedrealtime, timestampNs = 277305314000000
2025-08-05 18:30:02.420  1067-31427 pseudo                  mnld                                 D  mtk_gps_sys_nmea_output_to_app: len:1929, [NMEA]$GNGGA,163002.00...
2025-08-05 18:30:02.420  1067-31427 gps_controlller         mnld                                 D  send_active_notify: send clean nmea timer cmd!
2025-08-05 18:30:02.420  1067-1150  MNLD                    mnld                                 W  Xed[V_8M.*7-$;;3B3',0>lz'WcE?NJWmd[[SbsteTEUYdk[RDU]X]
2025-08-05 18:30:02.420  1067-31427 gps_controlller         mnld                                 D  mtk_gps_sys_gps_mnl_callback: MTK_GPS_MSG_FIX_READY, GET_RTC_OK, -0.078, 0.008
2025-08-05 18:30:02.420  1067-31427 gps_controlller         mnld                                 D  mtk_gps_sys_gps_mnl_callback: Age = 2, RTCDiff = 30, Time_interval = 10
2025-08-05 18:30:02.420  1067-31427 pseudo                  mnld                                 D  mtk_gps_sys_nmea_output_to_app: len:46, [vAGPS_Auto_Req]:g_FirstDbtt:0,u2BitMap:0x108
2025-08-05 18:30:02.420  1067-1138  gps_controlller         mnld                                 D  gps_control_thread: gps_control_thread wait
2025-08-05 18:30:02.420  1067-1150  MNLD                    mnld                                 D  mnld_nfw_mnl2agps_location_sync: nfw dont have white list ret = 16
2025-08-05 18:30:02.420  1067-1150  MNLD                    mnld                                 D  mnld_nfw_mnl2agps_location_sync: mnl2agps_gnss_time_sync success
2025-08-05 18:30:02.420  1070-1082  agps                    mtk_agpsd                            D  [agps][n][AGPS] [MNL] mnl2agps [167]
2025-08-05 18:30:02.420  1070-1082  agps                    mtk_agpsd                            D  [agps][n][AGPS] [MNL] read  gnss_time_sync  utc_time=1754411402000
2025-08-05 18:30:02.420  1070-1082  agps                    mtk_agpsd                            D  [agps][n][AGPS] [MNL] mnl2agps [150]
2025-08-05 18:30:02.426  1385-1658  GnssLocationProvider_ex system_server                        D  SV Count : 8 / 8      (PRN, Constellation, SNR, Used)
2025-08-05 18:30:02.427  1385-1658  GnssLocationProvider_ex system_server                        D  (5, GPS, 22.7, 1) (14, GPS, 23.4, 1) (15, GPS, 23.1, 1) (17, GLONASS, 22.6, 1) (24, GALILEO, 22.2, 1) (36, BEIDOU, 18.3, 1) 
                                                                                                    (9, BEIDOU, 25.1, 1) (7, BEIDOU, 17.6, 1) 
2025-08-05 18:30:02.427 29139-29226 gralloc4                com.google.android.apps.maps         I  @set_metadata: update dataspace from GM (0x00000000 -> 0x08010000)
2025-08-05 18:30:02.430  1385-1658  GnssLocationProvider    system_server                        D  reportLocation
2025-08-05 18:30:02.435  1385-1658  AlarmManager            system_server                        W  Unrecognized alarm listener com.android.server.location.gnss.GnssLocationProvider$$ExternalSyntheticLambda13@c30fdb4
2025-08-05 18:30:02.437  1385-2137  SLocation               system_server                        D  PositionManager - Passive handleLocationChanged gps 1754411402000
2025-08-05 18:30:02.437  1385-2137  SLocation               system_server                        D  ARDistanceBigData - BIGDATA ARD - receive location
2025-08-05 18:30:02.438  1385-2137  SLocation               system_server                        D  LastLocations - update latest location [G, A : 4.40, T : 277305314, E : SH, h : 27/17]
2025-08-05 18:30:02.439  1385-2137  SLocation               system_server                        D  FilteredLastLocation - notify all last locations, loc : 3
2025-08-05 18:30:02.439  7091-7239  FusedLocation           com.google.android.gms.persistent    I  (REDACTED) location delivery to %s blocked - too fast
2025-08-05 18:30:02.440 29139-32171 gralloc4                com.google.android.apps.maps         I  @set_metadata: update dataspace from GM (0x00000000 -> 0x10020000)
2025-08-05 18:30:02.441  7091-7239  FusedLocation           com.google.android.gms.persistent    I  (REDACTED) location delivery to %s blocked - too close
2025-08-05 18:30:02.443  7091-7239  FusedLocation           com.google.android.gms.persistent    I  (REDACTED) location delivery to %s blocked - too close
2025-08-05 18:30:02.443 29139-29226 gralloc4                com.google.android.apps.maps         I  @set_metadata: update dataspace from GM (0x00000000 -> 0x08010000)
2025-08-05 18:30:02.445  1385-2137  SLocation               system_server                        D  PositionManager - Passive handleLocationChanged fused 1754411402333
2025-08-05 18:30:02.446  1385-2137  SLocation               system_server                        I  PositionManager - do not refresh last location about fused location
2025-08-05 18:30:02.446  1385-2137  SLocation               system_server                        D  ARDistanceBigData - BIGDATA ARD - receive location
2025-08-05 18:30:02.446  1385-2137  Settings                system_server                        W  Setting airplane_mode_on has moved from android.provider.Settings.System to android.provider.Settings.Global, returning read-only value.
2025-08-05 18:30:02.447 29139-29332 gralloc4                com.google.android.apps.maps         I  @set_metadata: update dataspace from GM (0x00000000 -> 0x08010000)
2025-08-05 18:30:02.451  1385-2137  SLocation               system_server                        D  FilteredLastLocation - notify all last locations, loc : 3
2025-08-05 18:30:02.451  1385-2137  SLocation               system_server                        D  PositionManager - receive fused location
2025-08-05 18:30:02.457 29139-32172 CCodecBufferChannel     com.google.android.apps.maps         D  [c2.mtk.avc.decoder#508] flushed work; ignored.
2025-08-05 18:30:02.458 29139-32172 CCodecBufferChannel     com.google.android.apps.maps         D  [c2.mtk.avc.decoder#508] Discard frames from previous generation.
2025-08-05 18:30:02.458 29139-32172 PipelineWatcher         com.google.android.apps.maps         D  onWorkDone: frameIndex not found (18446744073709551615); ignored
2025-08-05 18:30:02.459 29139-29332 gralloc4                com.google.android.apps.maps         I  @set_metadata: update dataspace from GM (0x00000000 -> 0x08010000)
2025-08-05 18:30:02.464 29139-29226 gralloc4                com.google.android.apps.maps         I  @set_metadata: update dataspace from GM (0x00000000 -> 0x08010000)
2025-08-05 18:30:02.475 29139-29226 gralloc4                com.google.android.apps.maps         I  @set_metadata: update dataspace from GM (0x00000000 -> 0x08010000)
2025-08-05 18:30:02.491 29139-32171 gralloc4                com.google.android.apps.maps         I  @set_metadata: update dataspace from GM (0x00000000 -> 0x10020000)
2025-08-05 18:30:02.496 29139-32172 CCodecBufferChannel     com.google.android.apps.maps         D  [c2.mtk.avc.decoder#508] flushed work; ignored.
2025-08-05 18:30:02.496 29139-32172 CCodecBufferChannel     com.google.android.apps.maps         D  [c2.mtk.avc.decoder#508] Discard frames from previous generation.
2025-08-05 18:30:02.496 29139-32172 PipelineWatcher         com.google.android.apps.maps         D  onWorkDone: frameIndex not found (18446744073709551615); ignored
2025-08-05 18:30:02.500  1385-3240  SemWifiUsa...atsMonitor system_server                        D  onWifiUsabilityStats - seqNum 16567, isSameBssidAndFreq true
2025-08-05 18:30:02.500  1385-1724  SemWifiLin...ityMonitor system_server                        I  Link stat: 0 / 0 / 1.00 (57) / 65 / -63.0 || 100.0 : 65.00 / B (B) || 0.23 ms / 35.41 Mbps / D || 0 / N / 0 Y / 0 Y
2025-08-05 18:30:02.503 29139-29226 gralloc4                com.google.android.apps.maps         I  @set_metadata: update dataspace from GM (0x00000000 -> 0x08010000)
2025-08-05 18:30:02.506 29139-29332 gralloc4                com.google.android.apps.maps         I  @set_metadata: update dataspace from GM (0x00000000 -> 0x08010000)
2025-08-05 18:30:02.519 29139-29226 gralloc4                com.google.android.apps.maps         I  @set_metadata: update dataspace from GM (0x00000000 -> 0x08010000)
2025-08-05 18:30:02.521 29139-32171 gralloc4                com.google.android.apps.maps         I  @set_metadata: update dataspace from GM (0x00000000 -> 0x10020000)
2025-08-05 18:30:02.524 29139-29332 gralloc4                com.google.android.apps.maps         I  @set_metadata: update dataspace from GM (0x00000000 -> 0x08010000)
2025-08-05 18:30:02.528 29139-32172 CCodecBufferChannel     com.google.android.apps.maps         D  [c2.mtk.avc.decoder#508] flushed work; ignored.
2025-08-05 18:30:02.528 29139-32172 CCodecBufferChannel     com.google.android.apps.maps         D  [c2.mtk.avc.decoder#508] Discard frames from previous generation.
2025-08-05 18:30:02.528 29139-32172 PipelineWatcher         com.google.android.apps.maps         D  onWorkDone: frameIndex not found (18446744073709551615); ignored
2025-08-05 18:30:02.539 29139-29226 gralloc4                com.google.android.apps.maps         I  @set_metadata: update dataspace from GM (0x00000000 -> 0x08010000)
2025-08-05 18:30:02.547 29139-29332 gralloc4                com.google.android.apps.maps         I  @set_metadata: update dataspace from GM (0x00000000 -> 0x08010000)
2025-08-05 18:30:02.555   826-861   HYPER-HAL               ven...amsung.hardware.hyper-service  I  [RequestManager.cpp]releaseLocked(): Released ID : 987735
2025-08-05 18:30:02.557 29139-29226 gralloc4                com.google.android.apps.maps         I  @set_metadata: update dataspace from GM (0x00000000 -> 0x08010000)
2025-08-05 18:30:02.561 29139-32172 CCodecBufferChannel     com.google.android.apps.maps         D  [c2.mtk.avc.decoder#508] flushed work; ignored.
2025-08-05 18:30:02.561 29139-32172 CCodecBufferChannel     com.google.android.apps.maps         D  [c2.mtk.avc.decoder#508] Discard frames from previous generation.
2025-08-05 18:30:02.561 29139-32172 PipelineWatcher         com.google.android.apps.maps         D  onWorkDone: frameIndex not found (18446744073709551615); ignored
2025-08-05 18:30:02.561   826-32189 HYPER-HAL               ven...amsung.hardware.hyper-service  I  [RequestManager.cpp]releaseLocked(): Released ID : 994780
2025-08-05 18:30:02.563 29139-29332 gralloc4                com.google.android.apps.maps         I  @set_metadata: update dataspace from GM (0x00000000 -> 0x08010000)
2025-08-05 18:30:02.573 29139-32171 gralloc4                com.google.android.apps.maps         I  @set_metadata: update dataspace from GM (0x00000000 -> 0x10020000)
2025-08-05 18:30:02.574 29139-29226 gralloc4                com.google.android.apps.maps         I  @set_metadata: update dataspace from GM (0x00000000 -> 0x08010000)
2025-08-05 18:30:02.583  1385-2371  ActivityManager         system_server                        D  force stop from com.android.server.am.ActivityManagerService.forceStopPackage:4564 com.android.server.am.ActivityManagerShellCommand.runForceStop:1710 
2025-08-05 18:30:02.583  1385-2371  ActivityManager         system_server                        I  Force stopping com.example.ordersgeneratorapp appid=10317 user=0: from pid 32220
2025-08-05 18:30:02.587  1904-1904  StatusBarIconController com.android.systemui                 D  ignoring old pipeline callbacks, because the new mobile icons are enabled
2025-08-05 18:30:02.596  1385-2371  AppsFilter              system_server                        I  interaction: PackageSetting{b1cf8d8 com.yourdomain.finvizapp/10227} -> PackageSetting{9b7046 com.example.ordersgeneratorapp/10317} BLOCKED
2025-08-05 18:30:02.596 29139-29332 gralloc4                com.google.android.apps.maps         I  @set_metadata: update dataspace from GM (0x00000000 -> 0x08010000)
2025-08-05 18:30:02.598  1385-2371  ActivityManager         system_server                        I  broadcastAllowList remove BroadcastFilter{7cc5287 10199/u0 ReceiverList{56522c6 29139 com.google.android.apps.maps/10199/u0 remote:96020a1}}
2025-08-05 18:30:02.598  1385-2371  ActivityManager         system_server                        I  broadcastAllowList remove BroadcastFilter{e64d048 10199/u0 ReceiverList{977eaeb 29139 com.google.android.apps.maps/10199/u0 remote:b400e3a}}
2025-08-05 18:30:02.605 29139-32172 CCodecBufferChannel     com.google.android.apps.maps         D  [c2.mtk.avc.decoder#508] flushed work; ignored.
2025-08-05 18:30:02.605 29139-32172 CCodecBufferChannel     com.google.android.apps.maps         D  [c2.mtk.avc.decoder#508] Discard frames from previous generation.
2025-08-05 18:30:02.605 29139-32172 PipelineWatcher         com.google.android.apps.maps         D  onWorkDone: frameIndex not found (18446744073709551615); ignored
2025-08-05 18:30:02.606 29139-29226 gralloc4                com.google.android.apps.maps         I  @set_metadata: update dataspace from GM (0x00000000 -> 0x08010000)
2025-08-05 18:30:02.613 29139-32171 gralloc4                com.google.android.apps.maps         I  @set_metadata: update dataspace from GM (0x00000000 -> 0x10020000)
2025-08-05 18:30:02.619 29139-29332 gralloc4                com.google.android.apps.maps         I  @set_metadata: update dataspace from GM (0x00000000 -> 0x08010000)
2025-08-05 18:30:02.622  1812-1812  CarrierSvcBindHelper    com.android.phone                    D  onHandleForceStop: [com.example.ordersgeneratorapp]
2025-08-05 18:30:02.622  1812-1812  CarrierSvcBindHelper    com.android.phone                    D  No carrier app for: 0
2025-08-05 18:30:02.622  1812-1812  CarrierSvcBindHelper    com.android.phone                    D  No carrier app for: 1
2025-08-05 18:30:02.623  1385-1409  LocationManagerService  system_server                        D  package com.example.ordersgeneratorapp reset
2025-08-05 18:30:02.629 29139-29226 gralloc4                com.google.android.apps.maps         I  @set_metadata: update dataspace from GM (0x00000000 -> 0x08010000)
2025-08-05 18:30:02.643 29139-32171 gralloc4                com.google.android.apps.maps         I  @set_metadata: update dataspace from GM (0x00000000 -> 0x10020000)
2025-08-05 18:30:02.643 29139-29332 gralloc4                com.google.android.apps.maps         I  @set_metadata: update dataspace from GM (0x00000000 -> 0x08010000)
2025-08-05 18:30:02.645 32223-32223 Parcel                  pid-32223                            E  Reading a NULL string not supported here.
2025-08-05 18:30:02.658 29139-29226 gralloc4                com.google.android.apps.maps         I  @set_metadata: update dataspace from GM (0x00000000 -> 0x08010000)
2025-08-05 18:30:02.660 32223-32223 Parcel                  pid-32223                            E  Reading a NULL string not supported here.
2025-08-05 18:30:02.663 29139-29332 gralloc4                com.google.android.apps.maps         I  @set_metadata: update dataspace from GM (0x00000000 -> 0x08010000)
2025-08-05 18:30:02.666 32223-32223 Parcel                  pid-32223                            E  Reading a NULL string not supported here.
2025-08-05 18:30:02.667 32223-32223 Parcel                  pid-32223                            E  Reading a NULL string not supported here.
2025-08-05 18:30:02.669 32223-32223 Parcel                  pid-32223                            E  Reading a NULL string not supported here.
2025-08-05 18:30:02.673 32223-32223 Parcel                  pid-32223                            E  Reading a NULL string not supported here.
2025-08-05 18:30:02.674 32223-32223 Parcel                  pid-32223                            E  Reading a NULL string not supported here.
2025-08-05 18:30:02.674 32223-32223 Parcel                  pid-32223                            E  Reading a NULL string not supported here.
2025-08-05 18:30:02.676 32223-32223 Parcel                  pid-32223                            E  Reading a NULL string not supported here.
2025-08-05 18:30:02.676 32223-32223 Parcel                  pid-32223                            E  Reading a NULL string not supported here.
2025-08-05 18:30:02.680 32223-32223 Parcel                  pid-32223                            E  Reading a NULL string not supported here.
2025-08-05 18:30:02.681 29139-29332 gralloc4                com.google.android.apps.maps         I  @set_metadata: update dataspace from GM (0x00000000 -> 0x08010000)
2025-08-05 18:30:02.685 32223-32223 Parcel                  pid-32223                            E  Reading a NULL string not supported here.
2025-08-05 18:30:02.693 29139-32171 gralloc4                com.google.android.apps.maps         I  @set_metadata: update dataspace from GM (0x00000000 -> 0x10020000)
2025-08-05 18:30:02.698 32223-32223 Parcel                  pid-32223                            E  Reading a NULL string not supported here.
2025-08-05 18:30:02.699 32223-32223 Parcel                  pid-32223                            E  Reading a NULL string not supported here.
2025-08-05 18:30:02.700 29139-29332 gralloc4                com.google.android.apps.maps         I  @set_metadata: update dataspace from GM (0x00000000 -> 0x08010000)
2025-08-05 18:30:02.706 32223-32223 Parcel                  pid-32223                            E  Reading a NULL string not supported here.
2025-08-05 18:30:02.709 29139-29226 gralloc4                com.google.android.apps.maps         I  @set_metadata: update dataspace from GM (0x00000000 -> 0x08010000)
2025-08-05 18:30:02.711 32223-32223 Parcel                  pid-32223                            E  Reading a NULL string not supported here.
2025-08-05 18:30:02.717 32223-32223 Parcel                  pid-32223                            E  Reading a NULL string not supported here.
2025-08-05 18:30:02.718 32223-32223 Parcel                  pid-32223                            E  Reading a NULL string not supported here.
2025-08-05 18:30:02.722 32223-32223 Parcel                  pid-32223                            E  Reading a NULL string not supported here.
2025-08-05 18:30:02.723 29139-32171 gralloc4                com.google.android.apps.maps         I  @set_metadata: update dataspace from GM (0x00000000 -> 0x10020000)
2025-08-05 18:30:02.730 29139-29332 gralloc4                com.google.android.apps.maps         I  @set_metadata: update dataspace from GM (0x00000000 -> 0x08010000)
2025-08-05 18:30:02.734 32223-32223 Parcel                  pid-32223                            E  Reading a NULL string not supported here.
2025-08-05 18:30:02.743 29139-29226 gralloc4                com.google.android.apps.maps         I  @set_metadata: update dataspace from GM (0x00000000 -> 0x08010000)
2025-08-05 18:30:02.748 29139-29332 gralloc4                com.google.android.apps.maps         I  @set_metadata: update dataspace from GM (0x00000000 -> 0x08010000)
2025-08-05 18:30:02.750 32223-32223 Parcel                  pid-32223                            E  Reading a NULL string not supported here.
2025-08-05 18:30:02.753 32223-32223 Parcel                  pid-32223                            E  Reading a NULL string not supported here.
2025-08-05 18:30:02.760 32223-32223 Parcel                  pid-32223                            E  Reading a NULL string not supported here.
2025-08-05 18:30:02.763 29139-29332 gralloc4                com.google.android.apps.maps         I  @set_metadata: update dataspace from GM (0x00000000 -> 0x08010000)
2025-08-05 18:30:02.774 29139-32171 gralloc4                com.google.android.apps.maps         I  @set_metadata: update dataspace from GM (0x00000000 -> 0x10020000)
2025-08-05 18:30:02.780 29139-29332 gralloc4                com.google.android.apps.maps         I  @set_metadata: update dataspace from GM (0x00000000 -> 0x08010000)
2025-08-05 18:30:02.792 29139-29226 gralloc4                com.google.android.apps.maps         I  @set_metadata: update dataspace from GM (0x00000000 -> 0x08010000)
2025-08-05 18:30:02.797 29139-29332 gralloc4                com.google.android.apps.maps         I  @set_metadata: update dataspace from GM (0x00000000 -> 0x08010000)
2025-08-05 18:30:02.806 29139-32171 gralloc4                com.google.android.apps.maps         I  @set_metadata: update dataspace from GM (0x00000000 -> 0x10020000)
2025-08-05 18:30:02.806 29139-32172 CCodecBufferChannel     com.google.android.apps.maps         D  [c2.mtk.avc.decoder#508] flushed work; ignored.
2025-08-05 18:30:02.806 29139-32172 CCodecBufferChannel     com.google.android.apps.maps         D  [c2.mtk.avc.decoder#508] Discard frames from previous generation.
2025-08-05 18:30:02.806 29139-32172 PipelineWatcher         com.google.android.apps.maps         D  onWorkDone: frameIndex not found (18446744073709551615); ignored
2025-08-05 18:30:02.809 29139-32172 CCodecBufferChannel     com.google.android.apps.maps         D  [c2.mtk.avc.decoder#508] flushed work; ignored.
2025-08-05 18:30:02.809 29139-32172 CCodecBufferChannel     com.google.android.apps.maps         D  [c2.mtk.avc.decoder#508] Discard frames from previous generation.
2025-08-05 18:30:02.809 29139-32172 PipelineWatcher         com.google.android.apps.maps         D  onWorkDone: frameIndex not found (18446744073709551615); ignored
2025-08-05 18:30:02.814 29139-32172 CCodecBufferChannel     com.google.android.apps.maps         D  [c2.mtk.avc.decoder#508] flushed work; ignored.
2025-08-05 18:30:02.814 29139-32172 CCodecBufferChannel     com.google.android.apps.maps         D  [c2.mtk.avc.decoder#508] Discard frames from previous generation.
2025-08-05 18:30:02.814 29139-32172 PipelineWatcher         com.google.android.apps.maps         D  onWorkDone: frameIndex not found (18446744073709551615); ignored
2025-08-05 18:30:02.815 29139-32172 CCodecBufferChannel     com.google.android.apps.maps         D  [c2.mtk.avc.decoder#508] flushed work; ignored.
2025-08-05 18:30:02.815 29139-32172 CCodecBufferChannel     com.google.android.apps.maps         D  [c2.mtk.avc.decoder#508] Discard frames from previous generation.
2025-08-05 18:30:02.815 29139-32172 PipelineWatcher         com.google.android.apps.maps         D  onWorkDone: frameIndex not found (18446744073709551615); ignored
2025-08-05 18:30:02.820 29139-29332 gralloc4                com.google.android.apps.maps         I  @set_metadata: update dataspace from GM (0x00000000 -> 0x08010000)
2025-08-05 18:30:02.823 29139-32172 CCodecBufferChannel     com.google.android.apps.maps         D  [c2.mtk.avc.decoder#508] flushed work; ignored.
2025-08-05 18:30:02.823 29139-32172 CCodecBufferChannel     com.google.android.apps.maps         D  [c2.mtk.avc.decoder#508] Discard frames from previous generation.
2025-08-05 18:30:02.823 29139-32172 PipelineWatcher         com.google.android.apps.maps         D  onWorkDone: frameIndex not found (18446744073709551615); ignored
2025-08-05 18:30:02.826 29139-29226 gralloc4                com.google.android.apps.maps         I  @set_metadata: update dataspace from GM (0x00000000 -> 0x08010000)
2025-08-05 18:30:02.827 29139-32172 CCodecBufferChannel     com.google.android.apps.maps         D  [c2.mtk.avc.decoder#508] flushed work; ignored.
2025-08-05 18:30:02.827 29139-32172 CCodecBufferChannel     com.google.android.apps.maps         D  [c2.mtk.avc.decoder#508] Discard frames from previous generation.
2025-08-05 18:30:02.827 29139-32172 PipelineWatcher         com.google.android.apps.maps         D  onWorkDone: frameIndex not found (18446744073709551615); ignored
2025-08-05 18:30:02.830  1385-1419  SemDvfsHyPerManager     system_server                        I  acquire hyper - APP_LAUNCH/1385@553, type = -999
2025-08-05 18:30:02.831   826-861   HYPER-HAL               ven...amsung.hardware.hyper-service  I  [RequestManager.cpp]acquire(): Acquired ID : 1879444  [1385 / 553]    HINT : APP_LAUNCH    list : 
2025-08-05 18:30:02.831   826-861   mtkpower_client         ven...amsung.hardware.hyper-service  I  perf_lock_acq, hdl:0, dur:0, num:2, tid:861
2025-08-05 18:30:02.833   826-861   mtkpower_client         ven...amsung.hardware.hyper-service  I  ret_hdl:11754
2025-08-05 18:30:02.833   831-874   libPowerHal             ven...hardware.mtkpower@1.0-service  I  [perfLockAcq] idx:1 hdl:11754 hint:-1 pid:826 duration:0 lock_user:vendor.samsung. => ret_hdl:11754
2025-08-05 18:30:02.834   826-861   mtkpower_client         ven...amsung.hardware.hyper-service  I  perf_lock_acq, hdl:0, dur:0, num:2, tid:861
2025-08-05 18:30:02.835  3758-3758  SemDvfsHyPerManager     com.sec.android.sdhms                I  acquire hyper - APP_START_SHORT/3758@14, type = -999
2025-08-05 18:30:02.835  3758-3758  R0                      com.sec.android.sdhms                I  limitGPUFreq:: freq = -1
2025-08-05 18:30:02.836  3758-3758  R0                      com.sec.android.sdhms                I  limitCPUFreq:: freq = -1
2025-08-05 18:30:02.836   831-874   libPowerHal             ven...hardware.mtkpower@1.0-service  I  [PE] vendor.samsung. update cmd:300c000, param:15
2025-08-05 18:30:02.837   816-870   hwcomposer              and...graphics.composer@2.1-service  I  [HWCDisplay] [Display_0 (type:1)] fps:55.904774,dur:1001.70,max:33.60,min:15.16  
2025-08-05 18:30:02.838   831-874   libPowerHal             ven...hardware.mtkpower@1.0-service  I  [perfLockAcq] idx:2 hdl:11755 hint:-1 pid:826 duration:0 lock_user:vendor.samsung. => ret_hdl:11755
2025-08-05 18:30:02.838   826-861   mtkpower_client         ven...amsung.hardware.hyper-service  I  ret_hdl:11755
2025-08-05 18:30:02.838   831-874   libPowerHal             ven...hardware.mtkpower@1.0-service  I  [PE] (less) /proc/mcdi/state set +prefix:enable 0;
2025-08-05 18:30:02.838   826-861   mtkpower_client         ven...amsung.hardware.hyper-service  I  perf_lock_acq, hdl:0, dur:0, num:2, tid:861
2025-08-05 18:30:02.839   826-861   mtkpower_client         ven...amsung.hardware.hyper-service  I  ret_hdl:11756
2025-08-05 18:30:02.839   826-861   mtkpower_client         ven...amsung.hardware.hyper-service  I  perf_lock_acq, hdl:0, dur:0, num:2, tid:861
2025-08-05 18:30:02.839   831-874   libPowerHal             ven...hardware.mtkpower@1.0-service  I  [perfLockAcq] idx:3 hdl:11756 hint:-1 pid:826 duration:0 lock_user:vendor.samsung. => ret_hdl:11756
2025-08-05 18:30:02.840  1385-2371  ActivityTaskManager     system_server                        D  startActivityAsUser: callingPid=32227, callingUid=2000, caller=com.android.server.wm.ActivityTaskManagerService.startActivityAsUser:1844 com.android.server.am.ActivityManagerService.startActivityAsUserWithFeature:3818 com.android.server.am.ActivityManagerShellCommand.runStartActivity:779 com.android.server.am.ActivityManagerShellCommand.onCommand:253 com.android.modules.utils.BasicShellCommandHandler.exec:97 android.os.ShellCommand.exec:38 com.android.server.am.ActivityManagerService.onShellCommand:11978 
2025-08-05 18:30:02.841   831-874   libPowerHal             ven...hardware.mtkpower@1.0-service  I  vendor.samsung.: cpu_ctrl set cpu freq: 1800000 -1 -1 -1
2025-08-05 18:30:02.841   826-861   mtkpower_client         ven...amsung.hardware.hyper-service  I  ret_hdl:11757
2025-08-05 18:30:02.841   831-874   libPowerHal             ven...hardware.mtkpower@1.0-service  I  [perfLockAcq] idx:4 hdl:11757 hint:-1 pid:826 duration:0 lock_user:vendor.samsung. => ret_hdl:11757
2025-08-05 18:30:02.842   826-861   HYPER-HAL               ven...amsung.hardware.hyper-service  I  [RequestManager.cpp]acquire(): Acquired ID : 7115892  [3758 / 14]    HINT : APP_START    list : [TIMEOUT / 1500] 
2025-08-05 18:30:02.842   831-874   libPowerHal             ven...hardware.mtkpower@1.0-service  I  [PE] vendor.samsung. update cmd:1000000, param:0
2025-08-05 18:30:02.842   831-874   libPowerHal             ven...hardware.mtkpower@1.0-service  I  [PE] vendor.samsung. update cmd:1000000 param:0
2025-08-05 18:30:02.842   826-861   HYPER-HAL               ven...amsung.hardware.hyper-service  I  [RequestManager.cpp]releaseLocked(): Released ID : 7078207
2025-08-05 18:30:02.843   826-861   HYPER-HAL               ven...amsung.hardware.hyper-service  I  [RequestManager.cpp]releaseLocked(): Released ID : 7070682
2025-08-05 18:30:02.844  1385-1412  ChimeraSys...ntListener system_server                        I  appLaunchIntent package name is: com.example.ordersgeneratorapp
2025-08-05 18:30:02.845  1385-2371  Pageboost               system_server                        I  onAppLaunch : com.example.ordersgeneratorapp
2025-08-05 18:30:02.847 29139-29332 gralloc4                com.google.android.apps.maps         I  @set_metadata: update dataspace from GM (0x00000000 -> 0x08010000)
2025-08-05 18:30:02.848  1385-2371  ActivityTaskManager     system_server                        W  callingPackage for (uid=2000, pid=32227) has no WPC
2025-08-05 18:30:02.851  1385-2371  Compatibil...geReporter system_server                        D  Compat change id reported: 265464455; UID 10317; state: DISABLED
2025-08-05 18:30:02.851  1385-2371  Compatibil...geReporter system_server                        D  Compat change id reported: 265452344; UID 10317; state: DISABLED
2025-08-05 18:30:02.852  1385-2371  Compatibil...geReporter system_server                        D  Compat change id reported: 266124927; UID 10317; state: DISABLED
2025-08-05 18:30:02.852  1385-2371  Compatibil...geReporter system_server                        D  Compat change id reported: 265451093; UID 10317; state: DISABLED
2025-08-05 18:30:02.852  1385-2371  Compatibil...geReporter system_server                        D  Compat change id reported: 265456536; UID 10317; state: DISABLED
2025-08-05 18:30:02.852  1385-2371  Compatibil...geReporter system_server                        D  Compat change id reported: 255940284; UID 10317; state: DISABLED
2025-08-05 18:30:02.852  1385-2371  Compatibil...geReporter system_server                        D  Compat change id reported: 236283604; UID 10317; state: DISABLED
2025-08-05 18:30:02.852  1385-2371  Compatibil...geReporter system_server                        D  Compat change id reported: 263959004; UID 10317; state: DISABLED
2025-08-05 18:30:02.852  1385-2371  Compatibil...geReporter system_server                        D  Compat change id reported: 264304459; UID 10317; state: DISABLED
2025-08-05 18:30:02.852  1385-2371  Compatibil...geReporter system_server                        D  Compat change id reported: 264301586; UID 10317; state: DISABLED
2025-08-05 18:30:02.852  1385-2371  Compatibil...geReporter system_server                        D  Compat change id reported: 254631730; UID 10317; state: DISABLED
2025-08-05 18:30:02.853  1385-2371  Compatibil...geReporter system_server                        D  Compat change id reported: 273509367; UID 10317; state: DISABLED
2025-08-05 18:30:02.853  1385-2371  Compatibil...geReporter system_server                        D  Compat change id reported: 263259275; UID 10317; state: DISABLED
2025-08-05 18:30:02.853  1385-2371  Compatibil...geReporter system_server                        D  Compat change id reported: 174042980; UID 10317; state: DISABLED
2025-08-05 18:30:02.853  1385-2371  Compatibil...geReporter system_server                        D  Compat change id reported: 174042936; UID 10317; state: DISABLED
2025-08-05 18:30:02.853  1385-2371  Compatibil...geReporter system_server                        D  Compat change id reported: 181136395; UID 10317; state: DISABLED
2025-08-05 18:30:02.854  1385-2371  Compatibil...geReporter system_server                        D  Compat change id reported: 194480991; UID 10317; state: ENABLED
2025-08-05 18:30:02.855 29139-32171 gralloc4                com.google.android.apps.maps         I  @set_metadata: update dataspace from GM (0x00000000 -> 0x10020000)
2025-08-05 18:30:02.858  1385-2371  WindowManager           system_server                        D  Transition is created, t=TransitionRecord{7000c55 id=-1 type=OPEN flags=0x0}, caller=com.android.server.wm.TransitionController.createAndStartCollecting:1765 com.android.server.wm.ActivityStarter.startActivityUnchecked:2360 com.android.server.wm.ActivityStarter.executeRequest:1953 com.android.server.wm.ActivityStarter.execute:1093 com.android.server.wm.ActivityTaskManagerService.startActivityAsUser:1985 
2025-08-05 18:30:02.859  1385-2371  WindowManager           system_server                        D  SyncGroup is created, id=2222, name=Transition, caller=com.android.server.wm.BLASTSyncEngine$SyncGroup.<init>:0 com.android.server.wm.BLASTSyncEngine.prepareSyncSet:513 com.android.server.wm.BLASTSyncEngine.startSyncSet:518 com.android.server.wm.Transition.startCollecting:710 com.android.server.wm.TransitionController.moveToCollecting:360 com.android.server.wm.TransitionController.createAndStartCollecting:1766 com.android.server.wm.ActivityStarter.startActivityUnchecked:2360 
2025-08-05 18:30:02.860  1385-2371  WindowManager           system_server                        W  setSyncMethod, id=2222, method=0, caller=com.android.server.wm.Transition.startCollecting:712 com.android.server.wm.TransitionController.moveToCollecting:360 com.android.server.wm.TransitionController.createAndStartCollecting:1766 
2025-08-05 18:30:02.860  1385-2371  WindowManager           system_server                        V  Start collecting in Transition: TransitionRecord{7000c55 id=2222 type=OPEN flags=0x0}, caller=com.android.server.wm.TransitionController.createAndStartCollecting:1766 com.android.server.wm.ActivityStarter.startActivityUnchecked:2360 com.android.server.wm.ActivityStarter.executeRequest:1953 com.android.server.wm.ActivityStarter.execute:1093 com.android.server.wm.ActivityTaskManagerService.startActivityAsUser:1985 
2025-08-05 18:30:02.860 29139-29332 gralloc4                com.google.android.apps.maps         I  @set_metadata: update dataspace from GM (0x00000000 -> 0x08010000)
2025-08-05 18:30:02.861  1385-2371  WindowManager           system_server                        V  Collecting in transition 2222: ActivityRecord{d85566a u0 com.example.ordersgeneratorapp/.MainActivity, caller=com.android.server.wm.Transition.collect:759 com.android.server.wm.TransitionController.collect:935 com.android.server.wm.ActivityStarter.startActivityUnchecked:2376 com.android.server.wm.ActivityStarter.executeRequest:1953 com.android.server.wm.ActivityStarter.execute:1093 
2025-08-05 18:30:02.862  1385-2371  ActivityTaskManager     system_server                        D  TaskLaunchParamsModifier:task=null activity=ActivityRecord{d85566a u0 com.example.ordersgeneratorapp/.MainActivity t-1} display-id=0 task-display-area-windowing-mode=1 suggested-display-area=DefaultTaskDisplayArea_d0@226401490
2025-08-05 18:30:02.863  1385-2371  ActivityTaskManager     system_server                        D  TaskLaunchParamsModifier:task=null activity=ActivityRecord{d85566a u0 com.example.ordersgeneratorapp/.MainActivity t-1} display-id=0 task-display-area-windowing-mode=1 suggested-display-area=DefaultTaskDisplayArea_d0@226401490 non-freeform-task-display-area display-area=DefaultTaskDisplayArea_d0@226401490 default-portrait freeform-size-mismatch=Rect(81, 569 - 999, 1773)
2025-08-05 18:30:02.863  1385-2375  SemDvfsHyPerManager     system_server                        I  acquire hyper - AMS_APP_SWITCH/1385@18, type = -999
2025-08-05 18:30:02.863   826-861   HYPER-HAL               ven...amsung.hardware.hyper-service  I  [RequestManager.cpp]acquire(): Acquired ID : 984924  [1385 / 18]    HINT : AMS_ACT_SWITCH    list : 
2025-08-05 18:30:02.864   826-861   mtkpower_client         ven...amsung.hardware.hyper-service  I  perf_lock_rel, hdl:11754, tid:861
2025-08-05 18:30:02.864  1385-2375  ActivityMa...erformance system_server                        D  AMP_acquire() APP_SWITCH
2025-08-05 18:30:02.864   831-874   libPowerHal             ven...hardware.mtkpower@1.0-service  I  [perfLockRel] hdl:11754, idx:1
2025-08-05 18:30:02.864   831-874   libPowerHal             ven...hardware.mtkpower@1.0-service  I  [PD] vendor.samsung. update cmd:300c000 param:0
2025-08-05 18:30:02.864   826-861   mtkpower_client         ven...amsung.hardware.hyper-service  I  perf_lock_acq, hdl:0, dur:0, num:2, tid:861
2025-08-05 18:30:02.864  3758-3758  SemDvfsHyPerManager     com.sec.android.sdhms                I  acquire hyper - APP_START_SHORT/3758@14, type = -999
2025-08-05 18:30:02.865   826-861   mtkpower_client         ven...amsung.hardware.hyper-service  I  ret_hdl:11758
2025-08-05 18:30:02.865   826-861   mtkpower_client         ven...amsung.hardware.hyper-service  I  perf_lock_rel, hdl:11755, tid:861
2025-08-05 18:30:02.865   831-874   libPowerHal             ven...hardware.mtkpower@1.0-service  I  [perfLockAcq] idx:1 hdl:11758 hint:-1 pid:826 duration:0 lock_user:vendor.samsung. => ret_hdl:11758
2025-08-05 18:30:02.865   831-874   libPowerHal             ven...hardware.mtkpower@1.0-service  I  [PE] vendor.samsung. update cmd:300c000, param:15
2025-08-05 18:30:02.865   826-861   mtkpower_client         ven...amsung.hardware.hyper-service  I  perf_lock_acq, hdl:0, dur:0, num:2, tid:861
2025-08-05 18:30:02.865   831-874   libPowerHal             ven...hardware.mtkpower@1.0-service  I  [perfLockRel] hdl:11755, idx:2
2025-08-05 18:30:02.865   831-874   libPowerHal             ven...hardware.mtkpower@1.0-service  I  [PD] vendor.samsung. update cmd:1c3c000, param:1
2025-08-05 18:30:02.866   831-874   libPowerHal             ven...hardware.mtkpower@1.0-service  I  [PD] (less) /proc/mcdi/state set +prefix:enable 1;
2025-08-05 18:30:02.866   826-861   mtkpower_client         ven...amsung.hardware.hyper-service  I  ret_hdl:11759
2025-08-05 18:30:02.866   831-874   libPowerHal             ven...hardware.mtkpower@1.0-service  I  [perfLockAcq] idx:5 hdl:11759 hint:-1 pid:826 duration:0 lock_user:vendor.samsung. => ret_hdl:11759
2025-08-05 18:30:02.867   831-874   libPowerHal             ven...hardware.mtkpower@1.0-service  I  [PE] (less) /proc/mcdi/state set +prefix:enable 0;
2025-08-05 18:30:02.867   826-861   mtkpower_client         ven...amsung.hardware.hyper-service  I  perf_lock_rel, hdl:11756, tid:861
2025-08-05 18:30:02.868   826-861   mtkpower_client         ven...amsung.hardware.hyper-service  I  perf_lock_acq, hdl:0, dur:0, num:2, tid:861
2025-08-05 18:30:02.868   831-874   libPowerHal             ven...hardware.mtkpower@1.0-service  I  [perfLockRel] hdl:11756, idx:3
2025-08-05 18:30:02.869   831-874   libPowerHal             ven...hardware.mtkpower@1.0-service  I  vendor.samsung.: cpu_ctrl set cpu freq: -1 -1 -1 -1
2025-08-05 18:30:02.870   826-861   mtkpower_client         ven...amsung.hardware.hyper-service  I  ret_hdl:11760
2025-08-05 18:30:02.870   826-861   mtkpower_client         ven...amsung.hardware.hyper-service  I  perf_lock_rel, hdl:11757, tid:861
2025-08-05 18:30:02.870   831-874   libPowerHal             ven...hardware.mtkpower@1.0-service  I  [perfLockAcq] idx:2 hdl:11760 hint:-1 pid:826 duration:0 lock_user:vendor.samsung. => ret_hdl:11760
2025-08-05 18:30:02.871   831-874   libPowerHal             ven...hardware.mtkpower@1.0-service  I  vendor.samsung.: cpu_ctrl set cpu freq: 1800000 -1 -1 -1
2025-08-05 18:30:02.871   896-917   BufferQueueDebug        surfaceflinger                       E  [Task=27674#29096](this:0xe62768b8,id:-1,api:0,p:-1,c:-1) id info cannot be read from 'Task=27674#29096'
2025-08-05 18:30:02.871   826-861   mtkpower_client         ven...amsung.hardware.hyper-service  I  perf_lock_acq, hdl:0, dur:0, num:2, tid:861
2025-08-05 18:30:02.871   896-917   BufferQueueDebug        surfaceflinger                       I  [Task=27674#29096](this:0xe62768b8,id:-1,api:0,p:-1,c:-1) BufferQueue core=(896:/system/bin/surfaceflinger)
2025-08-05 18:30:02.871   896-917   SurfaceFlinger          surfaceflinger                       I  id=29096 createSurf, flag=24004, Task=27674#29096
2025-08-05 18:30:02.872   831-874   libPowerHal             ven...hardware.mtkpower@1.0-service  I  [perfLockRel] hdl:11757, idx:4
2025-08-05 18:30:02.872   831-874   libPowerHal             ven...hardware.mtkpower@1.0-service  I  [PD] vendor.samsung. update cmd:1000000, param:-1
2025-08-05 18:30:02.873   831-874   libPowerHal             ven...hardware.mtkpower@1.0-service  I  [PD] vendor.samsung. update cmd:1000000 param:-1
2025-08-05 18:30:02.873   826-861   mtkpower_client         ven...amsung.hardware.hyper-service  I  ret_hdl:11761
