2025-08-05 18:30:04.311 29139-32172 CCodecBufferChannel     com.google.android.apps.maps         D  [c2.mtk.avc.decoder#508] flushed work; ignored.
2025-08-05 18:30:04.311 29139-32172 CCodecBufferChannel     com.google.android.apps.maps         D  [c2.mtk.avc.decoder#508] Discard frames from previous generation.
2025-08-05 18:30:04.311 29139-32172 PipelineWatcher         com.google.android.apps.maps         D  onWorkDone: frameIndex not found (18446744073709551615); ignored
2025-08-05 18:30:04.337  1067-1142  MPE_MA                  mnld                                 D  mnl2mpe_hdlr: mpe recv, type = 8, len = 0
2025-08-05 18:30:04.337  1067-1142  MPE_MA                  mnld                                 D  mnl2mpe_hdlr: mpe_flag, 0, 0, 0, 0, 3, 0, 0
2025-08-05 18:30:04.337  1067-1142  MPE_MA                  mnld                                 D  mnl2mpe_hdlr: MPE_DBG: No sensor raw data report. Init MPE kernel
2025-08-05 18:30:04.337  1067-1142  MPE_DR                  mnld                                 D  mpe_dr_re_initialize: Start to init MPE4.0
2025-08-05 18:30:04.337  1067-1142  MPE_DR                  mnld                                 D  mpe_dr_re_initialize: End to init MPE4.0
2025-08-05 18:30:04.337  1067-1142  mpe                     mnld                                 D  mpe_main_thread: wait
2025-08-05 18:30:04.343 29139-32171 gralloc4                com.google.android.apps.maps         I  @set_metadata: update dataspace from GM (0x00000000 -> 0x10020000)
2025-08-05 18:30:04.352  1067-1142  MPE_MA                  mnld                                 D  mnl2mpe_hdlr: mpe recv, type = 10, len = 27204
2025-08-05 18:30:04.352  1067-1142  mpe                     mnld                                 D  mpe_main_thread: wait
2025-08-05 18:30:04.352  1067-1142  MPE_MA                  mnld                                 D  mnl2mpe_hdlr: mpe recv, type = 7, len = 256
2025-08-05 18:30:04.352  1067-1142  MPE_MA                  mnld                                 D  mnl2mpe_hdlr: mnl_in, 1438446622.000, 18, 277307317498536
2025-08-05 18:30:04.352  1067-1142  mpe                     mnld                                 D  mpe2mnl_hdlr: type=37 length=0
2025-08-05 18:30:04.352  1067-1142  mpe                     mnld                                 D  mpe_main_thread: wait
2025-08-05 18:30:04.353  1070-1082  agps                    mtk_agpsd                            D  [agps][n][AGPS] [MNL] mnl2agps [150]
2025-08-05 18:30:04.354 29139-32172 CCodecBufferChannel     com.google.android.apps.maps         D  [c2.mtk.avc.decoder#508] flushed work; ignored.
2025-08-05 18:30:04.354 29139-32172 CCodecBufferChannel     com.google.android.apps.maps         D  [c2.mtk.avc.decoder#508] Discard frames from previous generation.
2025-08-05 18:30:04.354 29139-32172 PipelineWatcher         com.google.android.apps.maps         D  onWorkDone: frameIndex not found (18446744073709551615); ignored
2025-08-05 18:30:04.374   826-32231 HYPER-HAL               ven...amsung.hardware.hyper-service  I  [RequestManager.cpp]releaseLocked(): Released ID : 7115892
2025-08-05 18:30:04.380  7091-32262 GCoreUlr                com.google.android.gms.persistent    I  AutoEnableManager setIneligible for account#-12#
2025-08-05 18:30:04.383 29139-32171 gralloc4                com.google.android.apps.maps         I  @set_metadata: update dataspace from GM (0x00000000 -> 0x10020000)
2025-08-05 18:30:04.386 29139-32172 CCodecBufferChannel     com.google.android.apps.maps         D  [c2.mtk.avc.decoder#508] flushed work; ignored.
2025-08-05 18:30:04.386 29139-32172 CCodecBufferChannel     com.google.android.apps.maps         D  [c2.mtk.avc.decoder#508] Discard frames from previous generation.
2025-08-05 18:30:04.386 29139-32172 PipelineWatcher         com.google.android.apps.maps         D  onWorkDone: frameIndex not found (18446744073709551615); ignored
2025-08-05 18:30:04.397  1385-1443  PowerManagerService     system_server                        D  displayReady: false groupId=0
2025-08-05 18:30:04.397  1385-1443  DisplayPow...roller2[0] system_server                        D  animateScreenStateChange: target=ON, mIsEnabled=true
2025-08-05 18:30:04.397  1385-1443  DisplayPow...roller2[0] system_server                        D  Animating brightness: target=160(0.63), rate=0.000, rateAtHbm=0.000, reason=automatic[255] -> low_pwr[229] -> mb_limit[160]
2025-08-05 18:30:04.399  1385-1443  DisplayPow...roller2[0] system_server                        D  saveBrightnessInfo: brt:1.0 adjBrt:0.62745106 min:0.003921569 max:1.0 hbm:0 tp:1.0 throttler:0 isAnimating:false
2025-08-05 18:30:04.399  1385-1443  DisplayPow...roller2[0] system_server                        I  BrightnessEvent: disp=0, physDisp=local:0, brt=0.62745106, initBrt=0.62352943, rcmdBrt=1.0, preBrt=0.0, lux=100.0, preLux=0.0, hbmMax=1.0, hbmMode=off, rbcStrength=-1, thrmMax=1.0, powerFactor=0.9, wasShortTermModelActive=true, flags=low_power_mode , reason=automatic [ low_pwr ], autoBrightness=true, strategy=InvalidBrightnessStrategy
2025-08-05 18:30:04.399  1385-1443  DisplayPow...roller2[0] system_server                        D  animateScreenStateChange: target=ON, mIsEnabled=true
2025-08-05 18:30:04.399   829-829   SehLight                ven...amsung.hardware.light-service  I  lcd : 160+
2025-08-05 18:30:04.399  1385-1443  PowerManagerService     system_server                        D  displayReady: true groupId=0
2025-08-05 18:30:04.402  1385-1412  DisplayManagerService   system_server                        D  Ignore redundant display event 0/4 to 10331/24294
2025-08-05 18:30:04.402  1385-1412  DisplayManagerService   system_server                        D  Ignore redundant display event 0/4 to 10299/25243
2025-08-05 18:30:04.402  1385-1412  DisplayManagerService   system_server                        D  Ignore redundant display event 0/4 to 10161/31158
2025-08-05 18:30:04.403  1904-1904  CentralSur...Controller com.android.systemui                 D  info.brightness:1.0
2025-08-05 18:30:04.403  1904-1904  CentralSur...Controller com.android.systemui                 D  info.brightness:1.0
2025-08-05 18:30:04.405   826-32233 mtkpower_client         ven...amsung.hardware.hyper-service  I  perf_lock_rel, hdl:11766, tid:32233
2025-08-05 18:30:04.405   826-32233 mtkpower_client         ven...amsung.hardware.hyper-service  I  perf_lock_acq, hdl:0, dur:0, num:2, tid:32233
2025-08-05 18:30:04.406   831-874   libPowerHal             ven...hardware.mtkpower@1.0-service  I  [perfLockRel] hdl:11766, idx:3
2025-08-05 18:30:04.406   831-874   libPowerHal             ven...hardware.mtkpower@1.0-service  I  [PD] vendor.samsung. update cmd:300c000 param:0
2025-08-05 18:30:04.406   826-32233 mtkpower_client         ven...amsung.hardware.hyper-service  I  ret_hdl:11770
2025-08-05 18:30:04.406   826-32233 mtkpower_client         ven...amsung.hardware.hyper-service  I  perf_lock_rel, hdl:11767, tid:32233
2025-08-05 18:30:04.406   826-32233 mtkpower_client         ven...amsung.hardware.hyper-service  I  perf_lock_acq, hdl:0, dur:0, num:2, tid:32233
2025-08-05 18:30:04.406   829-829   SehLight                ven...amsung.hardware.light-service  I  lcd : 160-
2025-08-05 18:30:04.407   826-32233 mtkpower_client         ven...amsung.hardware.hyper-service  I  ret_hdl:11771
2025-08-05 18:30:04.407   826-32233 mtkpower_client         ven...amsung.hardware.hyper-service  I  perf_lock_rel, hdl:11768, tid:32233
2025-08-05 18:30:04.407   826-32233 mtkpower_client         ven...amsung.hardware.hyper-service  I  perf_lock_acq, hdl:0, dur:0, num:2, tid:32233
2025-08-05 18:30:04.407   826-32233 mtkpower_client         ven...amsung.hardware.hyper-service  I  ret_hdl:11772
2025-08-05 18:30:04.407   826-32233 mtkpower_client         ven...amsung.hardware.hyper-service  I  perf_lock_rel, hdl:11769, tid:32233
2025-08-05 18:30:04.407   826-32233 mtkpower_client         ven...amsung.hardware.hyper-service  I  perf_lock_acq, hdl:0, dur:0, num:2, tid:32233
2025-08-05 18:30:04.407   826-32233 mtkpower_client         ven...amsung.hardware.hyper-service  I  ret_hdl:11773
2025-08-05 18:30:04.407   826-32233 HYPER-HAL               ven...amsung.hardware.hyper-service  I  [RequestManager.cpp]releaseLocked(): Released ID : 980715
2025-08-05 18:30:04.408   831-874   libPowerHal             ven...hardware.mtkpower@1.0-service  I  [perfLockAcq] idx:5 hdl:11770 hint:-1 pid:826 duration:0 lock_user:vendor.samsung. => ret_hdl:11770
2025-08-05 18:30:04.408   831-874   libPowerHal             ven...hardware.mtkpower@1.0-service  I  [PE] vendor.samsung. update cmd:300c000, param:15
2025-08-05 18:30:04.409   831-874   libPowerHal             ven...hardware.mtkpower@1.0-service  I  [perfLockRel] hdl:11767, idx:1
2025-08-05 18:30:04.409   831-874   libPowerHal             ven...hardware.mtkpower@1.0-service  I  [PD] vendor.samsung. update cmd:1c3c000, param:1
2025-08-05 18:30:04.409   831-874   libPowerHal             ven...hardware.mtkpower@1.0-service  I  [PD] (less) /proc/mcdi/state set +prefix:enable 1;
2025-08-05 18:30:04.410   831-874   libPowerHal             ven...hardware.mtkpower@1.0-service  I  [perfLockAcq] idx:3 hdl:11771 hint:-1 pid:826 duration:0 lock_user:vendor.samsung. => ret_hdl:11771
2025-08-05 18:30:04.410   831-874   libPowerHal             ven...hardware.mtkpower@1.0-service  I  [PE] (less) /proc/mcdi/state set +prefix:enable 0;
2025-08-05 18:30:04.410   831-874   libPowerHal             ven...hardware.mtkpower@1.0-service  I  [perfLockRel] hdl:11768, idx:4
2025-08-05 18:30:04.411   831-874   libPowerHal             ven...hardware.mtkpower@1.0-service  I  vendor.samsung.: cpu_ctrl set cpu freq: -1 -1 -1 -1
2025-08-05 18:30:04.411   831-874   libPowerHal             ven...hardware.mtkpower@1.0-service  I  [perfLockAcq] idx:6 hdl:11772 hint:-1 pid:826 duration:0 lock_user:vendor.samsung. => ret_hdl:11772
2025-08-05 18:30:04.411   831-874   libPowerHal             ven...hardware.mtkpower@1.0-service  I  vendor.samsung.: cpu_ctrl set cpu freq: 1800000 -1 -1 -1
2025-08-05 18:30:04.412   831-874   libPowerHal             ven...hardware.mtkpower@1.0-service  I  [perfLockRel] hdl:11769, idx:2
2025-08-05 18:30:04.412   831-874   libPowerHal             ven...hardware.mtkpower@1.0-service  I  [PD] vendor.samsung. update cmd:1000000, param:-1
2025-08-05 18:30:04.412   831-874   libPowerHal             ven...hardware.mtkpower@1.0-service  I  [PD] vendor.samsung. update cmd:1000000 param:-1
2025-08-05 18:30:04.413   831-874   libPowerHal             ven...hardware.mtkpower@1.0-service  I  [perfLockAcq] idx:7 hdl:11773 hint:-1 pid:826 duration:0 lock_user:vendor.samsung. => ret_hdl:11773
2025-08-05 18:30:04.413   831-874   libPowerHal             ven...hardware.mtkpower@1.0-service  I  [PE] vendor.samsung. update cmd:1000000, param:0
2025-08-05 18:30:04.413   831-874   libPowerHal             ven...hardware.mtkpower@1.0-service  I  [PE] vendor.samsung. update cmd:1000000 param:0
2025-08-05 18:30:04.414 29139-32171 gralloc4                com.google.android.apps.maps         I  @set_metadata: update dataspace from GM (0x00000000 -> 0x10020000)
2025-08-05 18:30:04.415  1067-31645 MPE_SE                  mnld                                 D  mpe_sensor_check_mnl_response: mpe_sensor_check_mnl_response 0.062502, 1754411422.415213 1754411422.352711 0 1
2025-08-05 18:30:04.415  1067-31427 pseudo                  mnld                                 D  mtk_gps_sys_nmea_output_to_mnld: received 1924 bytes:
2025-08-05 18:30:04.415  1067-31427 mnld                    mnld                                 D  nmea_reader_update_time: nmea_reader_update_time: timestamp = 1754411404000, second = 1754411404000, msec = 0
2025-08-05 18:30:04.416  1385-1385  BrightnessSynchronizer  system_server                        D  onDisplayChanged() : displayId=0
2025-08-05 18:30:04.416  1385-1385  BrightnessSynchronizer  system_server                        D  updateScreenBrightness: displayId=0 type=2 mPreferredSettingValue=1.0(255) currentBrightnessInt=255 currentBrightnessIntFromFloat=255(1.0)
2025-08-05 18:30:04.417  1067-31427 mnld                    mnld                                 D  nmea_reader_update_time: nmea_reader_update_time: timestamp = 1754411404000, second = 1754411404000, msec = 0
2025-08-05 18:30:04.417  1067-31427 mnld                    mnld                                 W  nmea_reader_parse: unknown sentence 'GNVTG
2025-08-05 18:30:04.417  1067-31427 mnld                    mnld                                 D  nmea_reader_update_accuracy: update accuracy: h=4.400000, b= 162.199997, s=2.700000, v=23.799999
2025-08-05 18:30:04.417  1067-31427 mnld                    mnld                                 D  nmea_reader_parse: receive PMTKAGC command, agc: 6
2025-08-05 18:30:04.417  1067-31427 mnld                    mnld                                 W  nmea_reader_parse: unknown sentence 'PMTKTSX1
2025-08-05 18:30:04.417  1067-31427 mnld                    mnld                                 W  nmea_reader_parse: unknown sentence 'PMTKSUPL
2025-08-05 18:30:04.417  1067-31427 mnld                    mnld                                 W  nmea_reader_parse: unknown sentence 'PMTKCLK
2025-08-05 18:30:04.417  1067-31427 mnld                    mnld                                 W  nmea_reader_parse: unknown sentence 'PMTKMPE
2025-08-05 18:30:04.418  1067-31427 mnld                    mnld                                 D  nmea_reader_parse: et_mnl_report_mnld = 934280218238979, tick_in_dsp = 7086973345717, et_mnl_receive_tick = 0, et_at_dsp =0
2025-08-05 18:30:04.418  1067-31427 mnld                    mnld                                 W  nmea_reader_parse: unknown sentence 'PMTKMPE1
2025-08-05 18:30:04.418  1067-31427 mnld                    mnld                                 W  nmea_reader_parse: unknown sentence 'PMTKMPE2
2025-08-05 18:30:04.418  1067-31427 mnld                    mnld                                 W  nmea_reader_parse: unknown sentence 'PMTKLCPOS1
2025-08-05 18:30:04.418  1067-31427 mnld                    mnld                                 W  nmea_reader_parse: unknown sentence 'PMTKLCPOS2
2025-08-05 18:30:04.418  1067-31427 mnld                    mnld                                 D  nmea_reader_parse: Base value: et_mnl_receive_tick = 56111664646, tick_in_dsp = 217516, et_interval = -1544433536, mnld_timestampNs = 64565
2025-08-05 18:30:04.418  1067-31427 mnld                    mnld                                 D  nmea_reader_parse: fix_mode:3, fix_flag:0xff
2025-08-05 18:30:04.418  1067-31427 mnld                    mnld                                 D  nmea_reader_parse: mnld_set_sv_inuse_valid:1, mnld_set_sv_inuse_num:7
2025-08-05 18:30:04.418  1067-31427 mnld                    mnld                                 D  nmea_reader_parse: report elapsedrealtime, timestampNs = 277307314000000
2025-08-05 18:30:04.418  1067-1150  MNLD                    mnld                                 W  Xed[V_8M.*7-$;;3B3',0>lz'WcE?NJWmd[[SbsteTEUYdk[RDU]X]
2025-08-05 18:30:04.418  1067-1150  MNLD                    mnld                                 D  mnld_nfw_mnl2agps_location_sync: nfw dont have white list ret = 16
2025-08-05 18:30:04.418  1067-1150  MNLD                    mnld                                 D  mnld_nfw_mnl2agps_location_sync: mnl2agps_gnss_time_sync success
2025-08-05 18:30:04.418 29139-32172 CCodecBufferChannel     com.google.android.apps.maps         D  [c2.mtk.avc.decoder#508] flushed work; ignored.
2025-08-05 18:30:04.418  1070-1082  agps                    mtk_agpsd                            D  [agps][n][AGPS] [MNL] mnl2agps [167]
2025-08-05 18:30:04.418 29139-32172 CCodecBufferChannel     com.google.android.apps.maps         D  [c2.mtk.avc.decoder#508] Discard frames from previous generation.
2025-08-05 18:30:04.418  1070-1082  agps                    mtk_agpsd                            D  [agps][n][AGPS] [MNL] read  gnss_time_sync  utc_time=1754411404000
2025-08-05 18:30:04.418 29139-32172 PipelineWatcher         com.google.android.apps.maps         D  onWorkDone: frameIndex not found (18446744073709551615); ignored
2025-08-05 18:30:04.418  1067-31427 pseudo                  mnld                                 D  mtk_gps_sys_nmea_output_to_app: len:1924, [NMEA]$GNGGA,163004.00...
2025-08-05 18:30:04.418  1067-31427 gps_controlller         mnld                                 D  send_active_notify: send clean nmea timer cmd!
2025-08-05 18:30:04.419  1067-1138  gps_controlller         mnld                                 D  gps_control_thread: gps_control_thread wait
2025-08-05 18:30:04.419  1067-31427 gps_controlller         mnld                                 D  mtk_gps_sys_gps_mnl_callback: MTK_GPS_MSG_FIX_READY, GET_RTC_OK, -0.078, 0.007
2025-08-05 18:30:04.419  1067-31427 gps_controlller         mnld                                 D  mtk_gps_sys_gps_mnl_callback: Age = 2, RTCDiff = 30, Time_interval = 10
2025-08-05 18:30:04.419  1067-31427 pseudo                  mnld                                 D  mtk_gps_sys_nmea_output_to_app: len:46, [vAGPS_Auto_Req]:g_FirstDbtt:0,u2BitMap:0x108
2025-08-05 18:30:04.425  1385-1658  GnssLocationProvider_ex system_server                        D  SV Count : 7 / 7      (PRN, Constellation, SNR, Used)
2025-08-05 18:30:04.425  1385-1658  GnssLocationProvider_ex system_server                        D  (5, GPS, 22.6, 1) (14, GPS, 23.4, 1) (15, GPS, 23.1, 1) (17, GLONASS, 22.5, 1) (24, GALILEO, 22.2, 1) (9, BEIDOU, 25.0, 1) 
                                                                                                    (7, BEIDOU, 17.1, 1) 
2025-08-05 18:30:04.427  1385-1658  GnssLocationProvider    system_server                        D  reportLocation
2025-08-05 18:30:04.431  1385-1658  AlarmManager            system_server                        W  Unrecognized alarm listener com.android.server.location.gnss.GnssLocationProvider$$ExternalSyntheticLambda13@c30fdb4
2025-08-05 18:30:04.432  1385-2137  SLocation               system_server                        D  PositionManager - Passive handleLocationChanged gps 1754411404000
2025-08-05 18:30:04.432  1385-2137  SLocation               system_server                        D  ARDistanceBigData - BIGDATA ARD - receive location
2025-08-05 18:30:04.433  1385-2137  SLocation               system_server                        D  LastLocations - update latest location [G, A : 4.40, T : 277307314, E : SH, h : 27/17]
2025-08-05 18:30:04.433  1385-2137  SLocation               system_server                        D  FilteredLastLocation - notify all last locations, loc : 3
2025-08-05 18:30:04.435  7091-7239  FusedLocation           com.google.android.gms.persistent    I  (REDACTED) location delivery to %s blocked - too fast
2025-08-05 18:30:04.438  7091-7239  FusedLocation           com.google.android.gms.persistent    I  (REDACTED) location delivery to %s blocked - too close
2025-08-05 18:30:04.440  7091-7239  FusedLocation           com.google.android.gms.persistent    I  (REDACTED) location delivery to %s blocked - too close
2025-08-05 18:30:04.442  1385-2137  SLocation               system_server                        D  PositionManager - Passive handleLocationChanged fused 1754411404334
2025-08-05 18:30:04.442  1385-2137  SLocation               system_server                        I  PositionManager - do not refresh last location about fused location
2025-08-05 18:30:04.442  1385-2137  SLocation               system_server                        D  ARDistanceBigData - BIGDATA ARD - receive location
2025-08-05 18:30:04.443  1385-2137  Settings                system_server                        W  Setting airplane_mode_on has moved from android.provider.Settings.System to android.provider.Settings.Global, returning read-only value.
2025-08-05 18:30:04.443  1385-2137  SLocation               system_server                        D  FilteredLastLocation - notify all last locations, loc : 3
2025-08-05 18:30:04.443  1385-2137  SLocation               system_server                        D  PositionManager - receive fused location
2025-08-05 18:30:04.448 32238-32238 ersgeneratorapp         com.example.ordersgeneratorapp       W  Method boolean androidx.compose.runtime.snapshots.SnapshotStateList.conditionalUpdate(boolean, kotlin.jvm.functions.Function1) failed lock verification and will run slower.
                                                                                                    Common causes for lock verification issues are non-optimized dex code
                                                                                                    and incorrect proguard optimizations.
2025-08-05 18:30:04.448 32238-32238 ersgeneratorapp         com.example.ordersgeneratorapp       W  Method boolean androidx.compose.runtime.snapshots.SnapshotStateList.conditionalUpdate$default(androidx.compose.runtime.snapshots.SnapshotStateList, boolean, kotlin.jvm.functions.Function1, int, java.lang.Object) failed lock verification and will run slower.
2025-08-05 18:30:04.448 32238-32238 ersgeneratorapp         com.example.ordersgeneratorapp       W  Method java.lang.Object androidx.compose.runtime.snapshots.SnapshotStateList.mutate(kotlin.jvm.functions.Function1) failed lock verification and will run slower.
2025-08-05 18:30:04.448 32238-32238 ersgeneratorapp         com.example.ordersgeneratorapp       W  Method void androidx.compose.runtime.snapshots.SnapshotStateList.update(boolean, kotlin.jvm.functions.Function1) failed lock verification and will run slower.
2025-08-05 18:30:04.448 32238-32238 ersgeneratorapp         com.example.ordersgeneratorapp       W  Method void androidx.compose.runtime.snapshots.SnapshotStateList.update$default(androidx.compose.runtime.snapshots.SnapshotStateList, boolean, kotlin.jvm.functions.Function1, int, java.lang.Object) failed lock verification and will run slower.
2025-08-05 18:30:04.464 29139-32171 gralloc4                com.google.android.apps.maps         I  @set_metadata: update dataspace from GM (0x00000000 -> 0x10020000)
2025-08-05 18:30:04.471 29139-32172 CCodecBufferChannel     com.google.android.apps.maps         D  [c2.mtk.avc.decoder#508] flushed work; ignored.
2025-08-05 18:30:04.471 29139-32172 CCodecBufferChannel     com.google.android.apps.maps         D  [c2.mtk.avc.decoder#508] Discard frames from previous generation.
2025-08-05 18:30:04.471 29139-32172 PipelineWatcher         com.google.android.apps.maps         D  onWorkDone: frameIndex not found (18446744073709551615); ignored
2025-08-05 18:30:04.477  7091-32187 GCoreUlr                com.google.android.gms.persistent    I  Unbound from all signal providers.
2025-08-05 18:30:04.494 29139-32171 gralloc4                com.google.android.apps.maps         I  @set_metadata: update dataspace from GM (0x00000000 -> 0x10020000)
2025-08-05 18:30:04.546 29139-32171 gralloc4                com.google.android.apps.maps         I  @set_metadata: update dataspace from GM (0x00000000 -> 0x10020000)
2025-08-05 18:30:04.566  1385-3927  CoreBackPreview         system_server                        D  Window{5290501 u0 com.example.ordersgeneratorapp/com.example.ordersgeneratorapp.MainActivity}: Setting back callback OnBackInvokedCallbackInfo{mCallback=android.window.IOnBackInvokedCallback$Stub$Proxy@2441523, mPriority=0, mIsAnimationCallback=false}
2025-08-05 18:30:04.587 29139-32171 gralloc4                com.google.android.apps.maps         I  @set_metadata: update dataspace from GM (0x00000000 -> 0x10020000)
2025-08-05 18:30:04.595  7091-7091  GCoreUlr                com.google.android.gms.persistent    I  Unbound from all signal providers.
2025-08-05 18:30:04.595  7091-7091  GCoreUlr                com.google.android.gms.persistent    I  Stopping handler for UlrDispSvcFast
2025-08-05 18:30:04.598  1385-1443  PowerManagerService     system_server                        D  displayReady: false groupId=0
2025-08-05 18:30:04.598  1385-1443  DisplayPow...roller2[0] system_server                        D  animateScreenStateChange: target=ON, mIsEnabled=true
2025-08-05 18:30:04.598  1385-1443  DisplayPow...roller2[0] system_server                        D  Animating brightness: target=161(0.63), rate=0.000, rateAtHbm=0.000, reason=automatic[255] -> low_pwr[229] -> mb_limit[161]
2025-08-05 18:30:04.599  1385-1443  DisplayPow...roller2[0] system_server                        D  saveBrightnessInfo: brt:1.0 adjBrt:0.6313726 min:0.003921569 max:1.0 hbm:0 tp:1.0 throttler:0 isAnimating:false
2025-08-05 18:30:04.599  1385-1443  DisplayPow...roller2[0] system_server                        I  BrightnessEvent: disp=0, physDisp=local:0, brt=0.6313726, initBrt=0.62745106, rcmdBrt=1.0, preBrt=0.0, lux=100.0, preLux=0.0, hbmMax=1.0, hbmMode=off, rbcStrength=-1, thrmMax=1.0, powerFactor=0.9, wasShortTermModelActive=true, flags=low_power_mode , reason=automatic [ low_pwr ], autoBrightness=true, strategy=InvalidBrightnessStrategy
2025-08-05 18:30:04.600  1385-1443  DisplayPow...roller2[0] system_server                        D  animateScreenStateChange: target=ON, mIsEnabled=true
2025-08-05 18:30:04.601  1385-1443  PowerManagerService     system_server                        D  displayReady: true groupId=0
2025-08-05 18:30:04.601   829-829   SehLight                ven...amsung.hardware.light-service  I  lcd : 161+
2025-08-05 18:30:04.602  1385-1385  BrightnessSynchronizer  system_server                        D  onDisplayChanged() : displayId=0
2025-08-05 18:30:04.603  1385-1412  DisplayManagerService   system_server                        D  Ignore redundant display event 0/4 to 10331/24294
2025-08-05 18:30:04.603  1385-1385  BrightnessSynchronizer  system_server                        D  updateScreenBrightness: displayId=0 type=2 mPreferredSettingValue=1.0(255) currentBrightnessInt=255 currentBrightnessIntFromFloat=255(1.0)
2025-08-05 18:30:04.603  1385-1412  DisplayManagerService   system_server                        D  Ignore redundant display event 0/4 to 10299/25243
2025-08-05 18:30:04.603  1385-1412  DisplayManagerService   system_server                        D  Ignore redundant display event 0/4 to 10161/31158
2025-08-05 18:30:04.604  1904-1904  CentralSur...Controller com.android.systemui                 D  info.brightness:1.0
2025-08-05 18:30:04.604  1904-1904  CentralSur...Controller com.android.systemui                 D  info.brightness:1.0
2025-08-05 18:30:04.606  7091-32187 GCoreUlr                com.google.android.gms.persistent    I  DispatchingService ignoring Intent { act=android.net.wifi.WIFI_STATE_CHANGED flg=0x4000010 (has extras) } because ULR inactive
2025-08-05 18:30:04.607   829-829   SehLight                ven...amsung.hardware.light-service  I  lcd : 161-
2025-08-05 18:30:04.629 29139-32171 gralloc4                com.google.android.apps.maps         I  @set_metadata: update dataspace from GM (0x00000000 -> 0x10020000)
2025-08-05 18:30:04.642 29139-32172 CCodecBufferChannel     com.google.android.apps.maps         D  [c2.mtk.avc.decoder#508] flushed work; ignored.
2025-08-05 18:30:04.643 29139-32172 CCodecBufferChannel     com.google.android.apps.maps         D  [c2.mtk.avc.decoder#508] Discard frames from previous generation.
2025-08-05 18:30:04.643 29139-32172 PipelineWatcher         com.google.android.apps.maps         D  onWorkDone: frameIndex not found (18446744073709551615); ignored
2025-08-05 18:30:04.646 29139-32172 CCodecBufferChannel     com.google.android.apps.maps         D  [c2.mtk.avc.decoder#508] flushed work; ignored.
2025-08-05 18:30:04.646 29139-32172 CCodecBufferChannel     com.google.android.apps.maps         D  [c2.mtk.avc.decoder#508] Discard frames from previous generation.
2025-08-05 18:30:04.646 29139-32172 PipelineWatcher         com.google.android.apps.maps         D  onWorkDone: frameIndex not found (18446744073709551615); ignored
2025-08-05 18:30:04.647 29139-32172 CCodecBufferChannel     com.google.android.apps.maps         D  [c2.mtk.avc.decoder#508] flushed work; ignored.
2025-08-05 18:30:04.647 29139-32172 CCodecBufferChannel     com.google.android.apps.maps         D  [c2.mtk.avc.decoder#508] Discard frames from previous generation.
2025-08-05 18:30:04.648 29139-32172 PipelineWatcher         com.google.android.apps.maps         D  onWorkDone: frameIndex not found (18446744073709551615); ignored
2025-08-05 18:30:04.649 29139-32172 CCodecBufferChannel     com.google.android.apps.maps         D  [c2.mtk.avc.decoder#508] flushed work; ignored.
2025-08-05 18:30:04.649 29139-32172 CCodecBufferChannel     com.google.android.apps.maps         D  [c2.mtk.avc.decoder#508] Discard frames from previous generation.
2025-08-05 18:30:04.649 29139-32172 PipelineWatcher         com.google.android.apps.maps         D  onWorkDone: frameIndex not found (18446744073709551615); ignored
2025-08-05 18:30:04.667 29139-32171 gralloc4                com.google.android.apps.maps         I  @set_metadata: update dataspace from GM (0x00000000 -> 0x10020000)
2025-08-05 18:30:04.671 29139-32172 CCodecBufferChannel     com.google.android.apps.maps         D  [c2.mtk.avc.decoder#508] flushed work; ignored.
2025-08-05 18:30:04.671 29139-32172 CCodecBufferChannel     com.google.android.apps.maps         D  [c2.mtk.avc.decoder#508] Discard frames from previous generation.
2025-08-05 18:30:04.671 29139-32172 PipelineWatcher         com.google.android.apps.maps         D  onWorkDone: frameIndex not found (18446744073709551615); ignored
2025-08-05 18:30:04.697 29139-32171 gralloc4                com.google.android.apps.maps         I  @set_metadata: update dataspace from GM (0x00000000 -> 0x10020000)
2025-08-05 18:30:04.703 29139-32172 CCodecBufferChannel     com.google.android.apps.maps         D  [c2.mtk.avc.decoder#508] flushed work; ignored.
2025-08-05 18:30:04.703 29139-32172 CCodecBufferChannel     com.google.android.apps.maps         D  [c2.mtk.avc.decoder#508] Discard frames from previous generation.
2025-08-05 18:30:04.703 29139-32172 PipelineWatcher         com.google.android.apps.maps         D  onWorkDone: frameIndex not found (18446744073709551615); ignored
2025-08-05 18:30:04.747 29139-32171 gralloc4                com.google.android.apps.maps         I  @set_metadata: update dataspace from GM (0x00000000 -> 0x10020000)
2025-08-05 18:30:04.756 29139-32172 CCodecBufferChannel     com.google.android.apps.maps         D  [c2.mtk.avc.decoder#508] flushed work; ignored.
2025-08-05 18:30:04.756 29139-32172 CCodecBufferChannel     com.google.android.apps.maps         D  [c2.mtk.avc.decoder#508] Discard frames from previous generation.
2025-08-05 18:30:04.756 29139-32172 PipelineWatcher         com.google.android.apps.maps         D  onWorkDone: frameIndex not found (18446744073709551615); ignored
2025-08-05 18:30:04.771 32238-32238 Compatibil...geReporter com.example.ordersgeneratorapp       D  Compat change id reported: 171228096; UID 10317; state: ENABLED
2025-08-05 18:30:04.787 29139-32171 gralloc4                com.google.android.apps.maps         I  @set_metadata: update dataspace from GM (0x00000000 -> 0x10020000)
2025-08-05 18:30:04.799 29139-32172 CCodecBufferChannel     com.google.android.apps.maps         D  [c2.mtk.avc.decoder#508] flushed work; ignored.
2025-08-05 18:30:04.799 29139-32172 CCodecBufferChannel     com.google.android.apps.maps         D  [c2.mtk.avc.decoder#508] Discard frames from previous generation.
2025-08-05 18:30:04.799 29139-32172 PipelineWatcher         com.google.android.apps.maps         D  onWorkDone: frameIndex not found (18446744073709551615); ignored
2025-08-05 18:30:04.799  1385-1443  PowerManagerService     system_server                        D  displayReady: false groupId=0
2025-08-05 18:30:04.799  1385-1443  DisplayPow...roller2[0] system_server                        D  animateScreenStateChange: target=ON, mIsEnabled=true
2025-08-05 18:30:04.799  1385-1443  DisplayPow...roller2[0] system_server                        D  Animating brightness: target=162(0.64), rate=0.000, rateAtHbm=0.000, reason=automatic[255] -> low_pwr[229] -> mb_limit[162]
2025-08-05 18:30:04.800  1385-1443  DisplayPow...roller2[0] system_server                        D  saveBrightnessInfo: brt:1.0 adjBrt:0.6352942 min:0.003921569 max:1.0 hbm:0 tp:1.0 throttler:0 isAnimating:false
2025-08-05 18:30:04.800  1385-1443  DisplayPow...roller2[0] system_server                        I  BrightnessEvent: disp=0, physDisp=local:0, brt=0.6352942, initBrt=0.6313726, rcmdBrt=1.0, preBrt=0.0, lux=100.0, preLux=0.0, hbmMax=1.0, hbmMode=off, rbcStrength=-1, thrmMax=1.0, powerFactor=0.9, wasShortTermModelActive=true, flags=low_power_mode , reason=automatic [ low_pwr ], autoBrightness=true, strategy=InvalidBrightnessStrategy
2025-08-05 18:30:04.801  1385-1443  DisplayPow...roller2[0] system_server                        D  animateScreenStateChange: target=ON, mIsEnabled=true
2025-08-05 18:30:04.801  1385-1385  BrightnessSynchronizer  system_server                        D  onDisplayChanged() : displayId=0
2025-08-05 18:30:04.801   829-829   SehLight                ven...amsung.hardware.light-service  I  lcd : 162+
2025-08-05 18:30:04.801  1385-1443  PowerManagerService     system_server                        D  displayReady: true groupId=0
2025-08-05 18:30:04.801  1385-1385  BrightnessSynchronizer  system_server                        D  updateScreenBrightness: displayId=0 type=2 mPreferredSettingValue=1.0(255) currentBrightnessInt=255 currentBrightnessIntFromFloat=255(1.0)
2025-08-05 18:30:04.801  1385-1412  DisplayManagerService   system_server                        D  Ignore redundant display event 0/4 to 10331/24294
2025-08-05 18:30:04.801  1385-1412  DisplayManagerService   system_server                        D  Ignore redundant display event 0/4 to 10299/25243
2025-08-05 18:30:04.801  1385-1412  DisplayManagerService   system_server                        D  Ignore redundant display event 0/4 to 10161/31158
2025-08-05 18:30:04.803  1904-1904  CentralSur...Controller com.android.systemui                 D  info.brightness:1.0
2025-08-05 18:30:04.804  1904-1904  CentralSur...Controller com.android.systemui                 D  info.brightness:1.0
2025-08-05 18:30:04.808   829-829   SehLight                ven...amsung.hardware.light-service  I  lcd : 162-
2025-08-05 18:30:04.813   826-32261 HYPER-HAL               ven...amsung.hardware.hyper-service  I  [RequestManager.cpp]releaseLocked(): Released ID : 994780
2025-08-05 18:30:04.829 29139-32171 gralloc4                com.google.android.apps.maps         I  @set_metadata: update dataspace from GM (0x00000000 -> 0x10020000)
2025-08-05 18:30:04.841 29139-32172 CCodecBufferChannel     com.google.android.apps.maps         D  [c2.mtk.avc.decoder#508] flushed work; ignored.
2025-08-05 18:30:04.841 29139-32172 CCodecBufferChannel     com.google.android.apps.maps         D  [c2.mtk.avc.decoder#508] Discard frames from previous generation.
2025-08-05 18:30:04.841 29139-32172 PipelineWatcher         com.google.android.apps.maps         D  onWorkDone: frameIndex not found (18446744073709551615); ignored
2025-08-05 18:30:04.869 29139-32171 gralloc4                com.google.android.apps.maps         I  @set_metadata: update dataspace from GM (0x00000000 -> 0x10020000)
2025-08-05 18:30:04.871   510-510   lmkd                    lmkd                                 I  0(delay), 50(swap), 0(freelimit), 0(reentrymode) memory pressure events were skipped after a kill!
2025-08-05 18:30:04.873 29139-32172 CCodecBufferChannel     com.google.android.apps.maps         D  [c2.mtk.avc.decoder#508] flushed work; ignored.
2025-08-05 18:30:04.873 29139-32172 CCodecBufferChannel     com.google.android.apps.maps         D  [c2.mtk.avc.decoder#508] Discard frames from previous generation.
2025-08-05 18:30:04.873 29139-32172 PipelineWatcher         com.google.android.apps.maps         D  onWorkDone: frameIndex not found (18446744073709551615); ignored
2025-08-05 18:30:04.894  1780-25462 WifiHAL                 and...ardware.wifi@1.0-service-lazy  D  event received NL80211_CMD_VENDOR, vendor_id = 0xce7, subcmd = 0xa
2025-08-05 18:30:04.898 29139-32171 gralloc4                com.google.android.apps.maps         I  @set_metadata: update dataspace from GM (0x00000000 -> 0x10020000)
2025-08-05 18:30:04.901  3758-4025  R0                      com.sec.android.sdhms                I  limitGPUFreq:: freq = 586000
2025-08-05 18:30:04.901  3758-4025  SemDvfsHyPerManager     com.sec.android.sdhms                I  acquire hyper - SIOP_GPU_FREQ_MAX/3758@4, type = 536875010
2025-08-05 18:30:04.901  3758-4025  R0                      com.sec.android.sdhms                I  limitCPUFreq:: freq = 1532000
2025-08-05 18:30:04.901   826-861   HYPER-HAL               ven...amsung.hardware.hyper-service  I  [RequestManager.cpp]acquire(): Acquired ID : 7078207  [3758 / 4]    HINT :      list : [GPUMaxFreq / 586000] 
2025-08-05 18:30:04.901  3758-4025  SemDvfsHyPerManager     com.sec.android.sdhms                I  acquire hyper - SIOP_ARM_MAX/3758@2, type = 301993986
2025-08-05 18:30:04.902   826-861   HYPER-HAL               ven...amsung.hardware.hyper-service  I  [RequestManager.cpp]acquire(): Acquired ID : 7070682  [3758 / 2]    HINT :      list : [CPUMaxFreq / 1532000] 
2025-08-05 18:30:04.905 29139-32172 CCodecBufferChannel     com.google.android.apps.maps         D  [c2.mtk.avc.decoder#508] flushed work; ignored.
2025-08-05 18:30:04.905 29139-32172 CCodecBufferChannel     com.google.android.apps.maps         D  [c2.mtk.avc.decoder#508] Discard frames from previous generation.
2025-08-05 18:30:04.905 29139-32172 PipelineWatcher         com.google.android.apps.maps         D  onWorkDone: frameIndex not found (18446744073709551615); ignored
2025-08-05 18:30:04.908  1780-25462 WifiHAL                 and...ardware.wifi@1.0-service-lazy  D  event received NL80211_CMD_VENDOR, vendor_id = 0xce7, subcmd = 0xa
2025-08-05 18:30:04.944   557-557   io_stats                iod                                  D  !@ 179,0 r 24519096 390339806 w 5987815 61683812 d 757719 56130892 f 0 0 iot 8395032 0 th 0 0 0 pt 0 inp 0 0 203678.383
2025-08-05 18:30:04.949 29139-32171 gralloc4                com.google.android.apps.maps         I  @set_metadata: update dataspace from GM (0x00000000 -> 0x10020000)
2025-08-05 18:30:04.977 29139-32237 FA                      com.google.android.apps.maps         I  Application backgrounded at: timestamp_millis: 1754411402977
2025-08-05 18:30:04.980 29139-32171 gralloc4                com.google.android.apps.maps         I  @set_metadata: update dataspace from GM (0x00000000 -> 0x10020000)
2025-08-05 18:30:04.999  1385-1443  PowerManagerService     system_server                        D  displayReady: false groupId=0
2025-08-05 18:30:04.999  1385-1443  DisplayPow...roller2[0] system_server                        D  animateScreenStateChange: target=ON, mIsEnabled=true
2025-08-05 18:30:05.000  1385-1443  DisplayPow...roller2[0] system_server                        D  Animating brightness: target=163(0.64), rate=0.000, rateAtHbm=0.000, reason=automatic[255] -> low_pwr[229] -> mb_limit[163]
2025-08-05 18:30:05.001  1385-1443  DisplayPow...roller2[0] system_server                        D  saveBrightnessInfo: brt:1.0 adjBrt:0.6392157 min:0.003921569 max:1.0 hbm:0 tp:1.0 throttler:0 isAnimating:false
2025-08-05 18:30:05.001  1385-1443  DisplayPow...roller2[0] system_server                        I  BrightnessEvent: disp=0, physDisp=local:0, brt=0.6392157, initBrt=0.6352942, rcmdBrt=1.0, preBrt=0.0, lux=100.0, preLux=0.0, hbmMax=1.0, hbmMode=off, rbcStrength=-1, thrmMax=1.0, powerFactor=0.9, wasShortTermModelActive=true, flags=low_power_mode , reason=automatic [ low_pwr ], autoBrightness=true, strategy=InvalidBrightnessStrategy
2025-08-05 18:30:05.001  1385-1443  DisplayPow...roller2[0] system_server                        D  animateScreenStateChange: target=ON, mIsEnabled=true
2025-08-05 18:30:05.001  1385-1443  PowerManagerService     system_server                        D  displayReady: true groupId=0
2025-08-05 18:30:05.002   829-829   SehLight                ven...amsung.hardware.light-service  I  lcd : 163+
2025-08-05 18:30:05.002  1385-1412  DisplayManagerService   system_server                        D  Ignore redundant display event 0/4 to 10331/24294
2025-08-05 18:30:05.002  1385-1412  DisplayManagerService   system_server                        D  Ignore redundant display event 0/4 to 10299/25243
2025-08-05 18:30:05.002  1385-1412  DisplayManagerService   system_server                        D  Ignore redundant display event 0/4 to 10161/31158
2025-08-05 18:30:05.003  1904-1904  CentralSur...Controller com.android.systemui                 D  info.brightness:1.0
2025-08-05 18:30:05.003  1385-1385  BrightnessSynchronizer  system_server                        D  onDisplayChanged() : displayId=0
2025-08-05 18:30:05.003  1385-1385  BrightnessSynchronizer  system_server                        D  updateScreenBrightness: displayId=0 type=2 mPreferredSettingValue=1.0(255) currentBrightnessInt=255 currentBrightnessIntFromFloat=255(1.0)
2025-08-05 18:30:05.003  1904-1904  CentralSur...Controller com.android.systemui                 D  info.brightness:1.0
2025-08-05 18:30:05.009   829-829   SehLight                ven...amsung.hardware.light-service  I  lcd : 163-
2025-08-05 18:30:05.031 29139-32171 gralloc4                com.google.android.apps.maps         I  @set_metadata: update dataspace from GM (0x00000000 -> 0x10020000)
2025-08-05 18:30:05.061 27461-27461 wpa_supplicant          wpa_supplicant                       I  Heartbeat 7175
2025-08-05 18:30:05.073 29139-32171 gralloc4                com.google.android.apps.maps         I  @set_metadata: update dataspace from GM (0x00000000 -> 0x10020000)
2025-08-05 18:30:05.087 29139-32172 CCodecBufferChannel     com.google.android.apps.maps         D  [c2.mtk.avc.decoder#508] flushed work; ignored.
2025-08-05 18:30:05.087 29139-32172 CCodecBufferChannel     com.google.android.apps.maps         D  [c2.mtk.avc.decoder#508] Discard frames from previous generation.
2025-08-05 18:30:05.087 29139-32172 PipelineWatcher         com.google.android.apps.maps         D  onWorkDone: frameIndex not found (18446744073709551615); ignored
2025-08-05 18:30:05.088 29139-32172 CCodecBufferChannel     com.google.android.apps.maps         D  [c2.mtk.avc.decoder#508] flushed work; ignored.
2025-08-05 18:30:05.088 29139-32172 CCodecBufferChannel     com.google.android.apps.maps         D  [c2.mtk.avc.decoder#508] Discard frames from previous generation.
2025-08-05 18:30:05.088 29139-32172 PipelineWatcher         com.google.android.apps.maps         D  onWorkDone: frameIndex not found (18446744073709551615); ignored
2025-08-05 18:30:05.093 29139-32172 CCodecBufferChannel     com.google.android.apps.maps         D  [c2.mtk.avc.decoder#508] flushed work; ignored.
2025-08-05 18:30:05.093 29139-32172 CCodecBufferChannel     com.google.android.apps.maps         D  [c2.mtk.avc.decoder#508] Discard frames from previous generation.
2025-08-05 18:30:05.093 29139-32172 PipelineWatcher         com.google.android.apps.maps         D  onWorkDone: frameIndex not found (18446744073709551615); ignored
2025-08-05 18:30:05.093 29139-32172 CCodecBufferChannel     com.google.android.apps.maps         D  [c2.mtk.avc.decoder#508] flushed work; ignored.
2025-08-05 18:30:05.093 29139-32172 CCodecBufferChannel     com.google.android.apps.maps         D  [c2.mtk.avc.decoder#508] Discard frames from previous generation.
2025-08-05 18:30:05.093 29139-32172 PipelineWatcher         com.google.android.apps.maps         D  onWorkDone: frameIndex not found (18446744073709551615); ignored
2025-08-05 18:30:05.101 29139-32171 gralloc4                com.google.android.apps.maps         I  @set_metadata: update dataspace from GM (0x00000000 -> 0x10020000)
2025-08-05 18:30:05.104 29139-32172 CCodecBufferChannel     com.google.android.apps.maps         D  [c2.mtk.avc.decoder#508] flushed work; ignored.
2025-08-05 18:30:05.104 29139-32172 CCodecBufferChannel     com.google.android.apps.maps         D  [c2.mtk.avc.decoder#508] Discard frames from previous generation.
2025-08-05 18:30:05.105 29139-32172 PipelineWatcher         com.google.android.apps.maps         D  onWorkDone: frameIndex not found (18446744073709551615); ignored
2025-08-05 18:30:05.152 29139-32171 gralloc4                com.google.android.apps.maps         I  @set_metadata: update dataspace from GM (0x00000000 -> 0x10020000)
2025-08-05 18:30:05.157 29139-32172 CCodecBufferChannel     com.google.android.apps.maps         D  [c2.mtk.avc.decoder#508] flushed work; ignored.
2025-08-05 18:30:05.157 29139-32172 CCodecBufferChannel     com.google.android.apps.maps         D  [c2.mtk.avc.decoder#508] Discard frames from previous generation.
2025-08-05 18:30:05.157 29139-32172 PipelineWatcher         com.google.android.apps.maps         D  onWorkDone: frameIndex not found (18446744073709551615); ignored
2025-08-05 18:30:05.181 29139-32171 gralloc4                com.google.android.apps.maps         I  @set_metadata: update dataspace from GM (0x00000000 -> 0x10020000)
2025-08-05 18:30:05.189 29139-32172 CCodecBufferChannel     com.google.android.apps.maps         D  [c2.mtk.avc.decoder#508] flushed work; ignored.
2025-08-05 18:30:05.189 29139-32172 CCodecBufferChannel     com.google.android.apps.maps         D  [c2.mtk.avc.decoder#508] Discard frames from previous generation.
2025-08-05 18:30:05.189 29139-32172 PipelineWatcher         com.google.android.apps.maps         D  onWorkDone: frameIndex not found (18446744073709551615); ignored
2025-08-05 18:30:05.199  1385-1443  PowerManagerService     system_server                        D  displayReady: false groupId=0
2025-08-05 18:30:05.199  1385-1443  DisplayPow...roller2[0] system_server                        D  animateScreenStateChange: target=ON, mIsEnabled=true
2025-08-05 18:30:05.200  1385-1443  DisplayPow...roller2[0] system_server                        D  Animating brightness: target=164(0.64), rate=0.000, rateAtHbm=0.000, reason=automatic[255] -> low_pwr[229] -> mb_limit[164]
2025-08-05 18:30:05.200  1385-1443  DisplayPow...roller2[0] system_server                        D  saveBrightnessInfo: brt:1.0 adjBrt:0.64313734 min:0.003921569 max:1.0 hbm:0 tp:1.0 throttler:0 isAnimating:false
2025-08-05 18:30:05.201  1385-1443  DisplayPow...roller2[0] system_server                        I  BrightnessEvent: disp=0, physDisp=local:0, brt=0.64313734, initBrt=0.6392157, rcmdBrt=1.0, preBrt=0.0, lux=100.0, preLux=0.0, hbmMax=1.0, hbmMode=off, rbcStrength=-1, thrmMax=1.0, powerFactor=0.9, wasShortTermModelActive=true, flags=low_power_mode , reason=automatic [ low_pwr ], autoBrightness=true, strategy=InvalidBrightnessStrategy
2025-08-05 18:30:05.201  1385-1443  DisplayPow...roller2[0] system_server                        D  animateScreenStateChange: target=ON, mIsEnabled=true
2025-08-05 18:30:05.201   829-829   SehLight                ven...amsung.hardware.light-service  I  lcd : 164+
2025-08-05 18:30:05.201  1385-1443  PowerManagerService     system_server                        D  displayReady: true groupId=0
2025-08-05 18:30:05.201  1385-1412  DisplayManagerService   system_server                        D  Ignore redundant display event 0/4 to 10331/24294
2025-08-05 18:30:05.201  1385-1412  DisplayManagerService   system_server                        D  Ignore redundant display event 0/4 to 10299/25243
2025-08-05 18:30:05.202  1385-1385  BrightnessSynchronizer  system_server                        D  onDisplayChanged() : displayId=0
2025-08-05 18:30:05.202  1385-1412  DisplayManagerService   system_server                        D  Ignore redundant display event 0/4 to 10161/31158
2025-08-05 18:30:05.202  1904-1904  CentralSur...Controller com.android.systemui                 D  info.brightness:1.0
2025-08-05 18:30:05.203  1904-1904  CentralSur...Controller com.android.systemui                 D  info.brightness:1.0
2025-08-05 18:30:05.203  1385-1385  BrightnessSynchronizer  system_server                        D  updateScreenBrightness: displayId=0 type=2 mPreferredSettingValue=1.0(255) currentBrightnessInt=255 currentBrightnessIntFromFloat=255(1.0)
2025-08-05 18:30:05.209   829-829   SehLight                ven...amsung.hardware.light-service  I  lcd : 164-
2025-08-05 18:30:05.231 29139-32171 gralloc4                com.google.android.apps.maps         I  @set_metadata: update dataspace from GM (0x00000000 -> 0x10020000)
2025-08-05 18:30:05.242 29139-32172 CCodecBufferChannel     com.google.android.apps.maps         D  [c2.mtk.avc.decoder#508] flushed work; ignored.
2025-08-05 18:30:05.242 29139-32172 CCodecBufferChannel     com.google.android.apps.maps         D  [c2.mtk.avc.decoder#508] Discard frames from previous generation.
2025-08-05 18:30:05.242 29139-32172 PipelineWatcher         com.google.android.apps.maps         D  onWorkDone: frameIndex not found (18446744073709551615); ignored
2025-08-05 18:30:05.255  1385-5824  WindowManager           system_server                        V  Relayout Window{5290501 u0 com.example.ordersgeneratorapp/com.example.ordersgeneratorapp.MainActivity}: viewVisibility=0 req=1080x2408 ty=1 d0
2025-08-05 18:30:05.255  1385-5824  RestrictionPolicy       system_server                        D  isScreenCaptureEnabled : ret=true userId=0
2025-08-05 18:30:05.256   896-917   BufferQueueDebug        surfaceflinger                       E  [com.example.ordersgeneratorapp/com.example.ordersgeneratorapp.MainActivity$_32238#29109](this:0xe5bfe8b8,id:-1,api:0,p:-1,c:-1) id info cannot be read from 'com.example.ordersgeneratorapp/com.example.ordersgeneratorapp.MainActivity$_32238#29109'
