2025-08-28 09:01:21.957  2202-2202  NetworkUtil             com.sec.imsservice                   I  isConnected = false isCellularOnly : true
2025-08-28 09:01:21.957  1383-1995  LocationAccessPolicy    system_server                        I  checkLocationPermission - callingUid: 10047, callingPid: 1828, resultForCoarse: DENIED_SOFT
2025-08-28 09:01:21.957  2202-2202  TelephonyC...troller<1> com.sec.imsservice                   I  onServiceStateChanged: state={mVoiceRegState=0(IN_SERVICE), mDataRegState=0(IN_SERVICE), mChannelNumber=6225, duplexMode()=1, mCellBandwidths=[15000], mOperatorAlphaLong=e&, mOperatorAlphaShort=e&, isManualNetworkSelection=false(automatic), getRilVoiceRadioTechnology=14(LTE), getRilDataRadioTechnology=14(LTE), mCssIndicator=unsupported, mNetworkId=*1, mSystemId=*1, mCdmaRoamingIndicator=-1, mCdmaDefaultRoamingIndicator=-1, VoiceRegType=0, Snap=0, PsOnly=false, FemtocellInd=0, SprDisplayRoam=false, OptRadioTech=0, MsimSubmode=0, IsVoiceCallAvailable=true, mIsEmergencyOnly=false, isUsingCarrierAggregation=false, mArfcnRsrpBoost=0, mNetworkRegistrationInfos=[NetworkRegistrationInfo{ domain=PS transportType=WLAN registrationState=UNKNOWN networkRegistrationState=UNKNOWN roamingType=NOT_ROAMING accessNetworkTechnology=IWLAN rejectCause=0 emergencyEnabled=false availableServices=[] cellIdentity=null voiceSpecificInfo=null dataSpecificInfo=null nrState=**** rRplmn= isUsingCarrierAggregation=false}, NetworkRegistrationInfo{ domain=CS transportType=WWAN registrationState=HOME networkRegistrationState=HOME roamingType=NOT_ROAMING accessNetworkTechnology=LTE rejectCause=0 emergencyEnabled=false availableServices=[VOICE,SMS,VIDEO] cellIdentity=CellIdentityLte:{ mCi=1*****88 mPci=2147483647 mTac=**5 mEarfcn=6225 mBands=[20] mBandwidth=2147483647 mMcc=424 mMnc=02 mAlphaLong=e& mAlphaShort=e& mAdditionalPlmns={} mCsgInfo=null} voiceSpecificInfo=VoiceSpecificRegistrationInfo { mCssSupported=false mRoamingIndicator=0 mSystemIsInPrl=0 mDefaultRoamingIndicator=0} dataSpecificInfo=null nrState=**** rRplmn=42402 isUsingCarrierAggregation=false}, NetworkRegistrationInfo{ domain=PS transportType=WWAN registrationState=HOME networkRegistrationState=HOME roamingType=NOT_ROAMING accessNetworkTechnology=LTE rejectCause=0 emergencyEnabled=false availableServices=[DATA] cellIdentity=CellIdentityLte:{ mCi=1*****88 mPci=0 mTac=**5 mEarfcn=6225 mBands=[20] mBandwidth=2147483647 mMcc=424 mMnc=02 mAlphaLong=e& mAlphaShort=e& mAdditionalPlmns={} mCsgInfo=null} voiceSpecificInfo=null dataSpecificInfo=android.telephony.DataSpecificRegistrationInfo :{ maxDataCalls = 16 isDcNrRestricted = false isNrAvailable = false isEnDcAvailable = false mLteAttachResultType = 0 mLteAttachExtraInfo = 0 LteVopsSupportInfo :  mVopsSupport = 2 mEmcBearerSupport = 3 } nrState=**** rRplmn=42402 isUsingCarrierAggregation=false}], mNrFrequencyRange=0, mOperatorAlphaLongRaw=e&, mOperatorAlphaShortRaw=e&, mIsDataRoamingFromRegistration=false, mIsIwlanPreferred=false}Changed=
2025-08-28 09:01:21.957  2202-2202  PdnController<1>        com.sec.imsservice                   I  notifyDataConnectionState
2025-08-28 09:01:21.957  2202-2202  PdnController<1>        com.sec.imsservice                   I  initialize PendedEPDGWeakSignal flag
2025-08-28 09:01:21.957  2202-2202  PdnController<1>        com.sec.imsservice                   I  setPendedEPDGWeakSignal
2025-08-28 09:01:21.957  2202-2202  PdnController<1>        com.sec.imsservice                   I  notifyDataConnectionState: needNotify=false networkType=13 isEpdgConnected=false dataNetType=13=>13 dataRegState=0=>0
2025-08-28 09:01:21.957  2202-2202  TelephonyC...troller<1> com.sec.imsservice                   I  notifySnapshotState: snapshotState=0 old=0
2025-08-28 09:01:21.957  2202-2432  GeolocationCon          com.sec.imsservice                   I  handleMessage : what = SERVICE_STATE_CHANGED
2025-08-28 09:01:21.958  2202-2432  GeolocationCon          com.sec.imsservice                   I  matchTimingReqLocation ,match=2, timing=4
2025-08-28 09:01:21.958  2202-2432  GeolocationCon          com.sec.imsservice                   I  matchTimingReqLocation ,match=0, timing=4
2025-08-28 09:01:21.958  2202-2432  GeolocationCon          com.sec.imsservice                   I  profile is null
2025-08-28 09:01:21.958  1927-2543  EPDG -- SI...ontroller] com.sec.epdg                         I  getIsRssiDisabledForProfiling: returning: false
2025-08-28 09:01:21.958  2202-2432  GeolocationCon<1>       com.sec.imsservice                   I  onNetworkCountryIsoChanged: mCountryIso = ae, iso = ae
2025-08-28 09:01:21.959  1927-2543  EPDG -- SI...ontroller] com.sec.epdg                         I  onNetworkStatusChanged: voiceNetType: 13 mActiveVoiceRat: 13
2025-08-28 09:01:21.959  1927-2543  EPDG -- SI...ontroller] com.sec.epdg                         I  onNetworkStatusChanged : mCellularAvailable = true
2025-08-28 09:01:21.959  1383-1995  LocationAccessPolicy    system_server                        I  checkLocationPermission - callingUid: 10181, callingPid: 23388, resultForFine: DENIED_HARD
2025-08-28 09:01:21.959  1383-1995  LocationAccessPolicy    system_server                        I  checkLocationPermission - callingUid: 10181, callingPid: 23388, resultForCoarse: DENIED_HARD
2025-08-28 09:01:21.960  1383-1995  ContextImpl             system_server                        W  Calling a method in the system process without a qualified user: android.app.ContextImpl.sendBroadcastMultiplePermissions:1331 android.content.Context.sendBroadcastMultiplePermissions:2480 com.android.server.TelephonyRegistry.broadcastServiceStateChanged:3657 com.android.server.TelephonyRegistry.notifyServiceStateForPhoneId:1753 com.android.internal.telephony.ITelephonyRegistry$Stub.onTransact:542 
2025-08-28 09:01:21.962  1927-2543  EPDG -- SI...Scription] com.sec.epdg                         I  volteSetting(true) for VOICECALL_TYPE_KEY: voicecall_type2
2025-08-28 09:01:21.963  1383-1995  ContextImpl             system_server                        W  Calling a method in the system process without a qualified user: android.app.ContextImpl.sendBroadcastMultiplePermissions:1364 com.android.server.TelephonyRegistry.broadcastServiceStateChanged:3662 com.android.server.TelephonyRegistry.notifyServiceStateForPhoneId:1753 com.android.internal.telephony.ITelephonyRegistry$Stub.onTransact:542 android.os.Binder.execTransactInternal:1380 
2025-08-28 09:01:21.964  1383-1383  SemWifiService          system_server                        D  received: android.intent.action.SERVICE_STATE
2025-08-28 09:01:21.967  1383-1995  ContextImpl             system_server                        W  Calling a method in the system process without a qualified user: android.app.ContextImpl.sendBroadcastMultiplePermissions:1364 com.android.server.TelephonyRegistry.broadcastServiceStateChanged:3671 com.android.server.TelephonyRegistry.notifyServiceStateForPhoneId:1753 com.android.internal.telephony.ITelephonyRegistry$Stub.onTransact:542 android.os.Binder.execTransactInternal:1380 
2025-08-28 09:01:21.971  1383-1995  ContextImpl             system_server                        W  Calling a method in the system process without a qualified user: android.app.ContextImpl.sendBroadcastMultiplePermissions:1364 com.android.server.TelephonyRegistry.broadcastServiceStateChanged:3677 com.android.server.TelephonyRegistry.notifyServiceStateForPhoneId:1753 com.android.internal.telephony.ITelephonyRegistry$Stub.onTransact:542 android.os.Binder.execTransactInternal:1380 
2025-08-28 09:01:21.972  1828-1828  MultiSIMController      com.android.systemui                 D  onReceive() - action = android.intent.action.SERVICE_STATE
2025-08-28 09:01:21.973  1828-1828  AirplaneModeTile        com.android.systemui                 D  onReceive android.intent.action.SERVICE_STATE
2025-08-28 09:01:21.973  1828-1828  MultiSIMController      com.android.systemui                 D  MESSAGE_UPDATE_SERVICE_STATE
2025-08-28 09:01:21.974  1800-1800  ServiceStateProvider    com.android.phone                    D  subId=1
2025-08-28 09:01:21.975  1828-1942  DeviceState             com.android.systemui                 D  isESIM() :0 : false
2025-08-28 09:01:21.975  1828-1942  NetworkCon...troller(1) com.android.systemui                 D  isPowerOffServiceState,mCurrentState.getVoiceServiceState() = 0,mCurrentState.airplaneMode = false,mCurrentState.canCellularVoiceService() = true,mCurrentState.isVoiceCallAvailable() = true
2025-08-28 09:01:21.975  1828-1942  AirplaneModeTile        com.android.systemui                 D   handleUpdateState mIsWiFiOnlyDevice false isNoSimState false isNoSimState  isPowerOffServiceState false mSetting.getValue() 0
2025-08-28 09:01:21.975  1828-1942  AirplaneModeTile        com.android.systemui                 D   handleUpdateState:  value = false, state = 1
2025-08-28 09:01:21.976 26973-26973 CellBroadcastReceiver   com...android.cellbroadcastreceiver  D  onReceive Intent { act=android.intent.action.SERVICE_STATE flg=0x1000010 cmp=com.google.android.cellbroadcastreceiver/com.android.cellbroadcastreceiver.CellBroadcastReceiver (has extras) }
2025-08-28 09:01:21.977 26973-26973 CellBroadcastReceiver   com...android.cellbroadcastreceiver  D  onServiceStateChanged, ss: 0
2025-08-28 09:01:21.977 26973-26973 CellBroadcastReceiver   com...android.cellbroadcastreceiver  D  networkOperator: 42403
2025-08-28 09:01:21.977 26973-26973 CellBroadcastReceiver   com...android.cellbroadcastreceiver  D  update supported roaming operator as 
2025-08-28 09:01:21.982  1828-1828  CarrierTextController   com.android.systemui                 D  carrierTextForSimState(4)-(order: 0) : du
2025-08-28 09:01:21.982  1828-1828  CarrierTextController   com.android.systemui                 D  carrierTextForSimState(1)-(order: 1) : e&
2025-08-28 09:01:21.983  1828-1828  CarrierTextController   com.android.systemui                 D  setText : du • e&
2025-08-28 09:01:21.983  1828-1828  CarrierTextController   com.android.systemui                 D  carrierTextForSimState(4)-(order: 0) : du
2025-08-28 09:01:21.983  1828-1828  CarrierTextController   com.android.systemui                 D  carrierTextForSimState(1)-(order: 1) : e&
2025-08-28 09:01:21.983  1828-1828  CarrierTextController   com.android.systemui                 D  setText : du • e&
2025-08-28 09:01:21.983  1828-1828  CarrierTextController   com.android.systemui                 D  carrierTextForSimState(4)-(order: 0) : du
2025-08-28 09:01:21.983  1828-1828  CarrierTextController   com.android.systemui                 D  carrierTextForSimState(1)-(order: 1) : e&
2025-08-28 09:01:21.983  1828-1828  CarrierTextController   com.android.systemui                 D  setText : du • e&
2025-08-28 09:01:21.983  1828-1828  FaceWidget...Controller com.android.systemui                 D  onRefreshCarrierInfo()
2025-08-28 09:01:21.984  1828-1828  FaceWidget...oamManager com.android.systemui                 D  isNetworkRoamingState id=4
2025-08-28 09:01:21.984  1828-1828  FaceWidget...oamManager com.android.systemui                 D  isNetworkRoamingState false
2025-08-28 09:01:21.984  1828-1828  FaceWidget...oamManager com.android.systemui                 D  onRefreshCarrierInfo(pre, now): false, false
2025-08-28 09:01:21.984  1828-1828  FaceWidgetClockPage     com.android.systemui                 D  onRefreshCarrierInfo : isChanged false mIsRoaming false
2025-08-28 09:01:21.984  1383-1995  Telecom:Sa...erviceImpl system_server                        I  isInCall - callingPackage : com.android.systemui / callingUser : UserHandle{0} / hasCrossUserAccess : true
2025-08-28 09:01:21.985  1828-1828  ShadeCarrierGroup       com.android.systemui                 D  handleUpdateCarrierInfo [du • e&] isLatin=false
2025-08-28 09:01:21.985  1800-1800  PhoneGlobals            com.android.phone                    V  handleServiceStateChanged
2025-08-28 09:01:21.985  1800-1800  NotificationMgr         com.android.phone                    D  updateNetworkSelection, Use Samsung codes instead of AOSP codes
2025-08-28 09:01:21.985  1800-1800  PhoneGlobals            com.android.phone                    V  subId=1, mDefaultDataSubId=1, ss roaming=false
2025-08-28 09:01:21.985  1800-1800  PhoneGlobals            com.android.phone                    V  updateDataRoamingStatus
2025-08-28 09:01:21.987  1383-1995  PhoneRestrictionPolicy  system_server                        D  isOperationAllowed >>> slotNum: 1 function: 1
2025-08-28 09:01:21.989  1800-1800  PhoneGlobals            com.android.phone                    V  dataAllowed=true, reasons=[], roamingOperatorNumeric=42402, mPrevRoamingNotification=0, dataIsNowRoaming=false
2025-08-28 09:01:22.031  1828-1828  View                    com.android.systemui                 W  requestLayout() improperly called by android.widget.FrameLayout{bdde5ff V.E...... ......ID 0,127-1080,2273 #7f0a0846 app:id/qs_frame} during layout: running second layout pass
2025-08-28 09:01:22.122  1828-1828  StatusBarIconController com.android.systemui                 D  ignoring old pipeline callbacks, because the new mobile icons are enabled
2025-08-28 09:01:22.287 26601-26601 RCS-ImsCom...tiSimModel com.samsung.android.dialer           I  [D] setNetworkValue needToUiUpdate : true
2025-08-28 09:01:22.295 26601-26601 TelephonyDataSource     com.samsung.android.dialer           I  [D] isSimInserted(1) : true
2025-08-28 09:01:22.296 26601-26601 RCS-ImsCom...tiSimModel com.samsung.android.dialer           I  [D] refreshSim2NetworkCache ServiceCarrier : , opStyle : , needToUiUpdate : true
2025-08-28 09:01:22.302  2202-2611  ImsServiceStub<1>       com.sec.imsservice                   I  isServiceAvailable: VoImsFeature : (mmtel-video) is not supported
2025-08-28 09:01:22.305  2202-2611  ImsServiceSwitchEur[1]  com.sec.imsservice                   I   isRcsEnabled: false mDefaultSms false mUpsmEnabled false mEmergencyEnabled false
2025-08-28 09:01:22.306  2202-2611  ImsServiceStub<1>       com.sec.imsservice                   I  isServiceAvailable: presence, rat: -1, profileFind:false, Enabled:false
2025-08-28 09:01:22.308  2202-2611  ImsServiceSwitchEur[1]  com.sec.imsservice                   I   isRcsEnabled: false mDefaultSms false mUpsmEnabled false mEmergencyEnabled false
2025-08-28 09:01:22.308  2202-2611  ImsServiceStub<1>       com.sec.imsservice                   I  isServiceAvailable: options, rat: -1, profileFind:false, Enabled:false
2025-08-28 09:01:22.310  2202-2611  ImsServiceSwitchEur[1]  com.sec.imsservice                   I   isRcsEnabled: false mDefaultSms false mUpsmEnabled false mEmergencyEnabled false
2025-08-28 09:01:22.310  2202-2611  ImsServiceStub<1>       com.sec.imsservice                   I  isServiceAvailable: im, rat: -1, profileFind:false, Enabled:false
2025-08-28 09:01:22.312  2202-2611  ImsServiceSwitchEur[1]  com.sec.imsservice                   I   isRcsEnabled: false mDefaultSms false mUpsmEnabled false mEmergencyEnabled false
2025-08-28 09:01:22.312  2202-2611  ImsServiceStub<1>       com.sec.imsservice                   I  isServiceAvailable: im, rat: -1, profileFind:false, Enabled:false
2025-08-28 09:01:22.314  2202-2611  ImsServiceSwitchEur[1]  com.sec.imsservice                   I   isRcsEnabled: false mDefaultSms false mUpsmEnabled false mEmergencyEnabled false
2025-08-28 09:01:22.314  2202-2611  ImsServiceStub<1>       com.sec.imsservice                   I  isServiceAvailable: ft, rat: -1, profileFind:false, Enabled:false
2025-08-28 09:01:22.316  2202-2611  ImsServiceSwitchEur[1]  com.sec.imsservice                   I   isRcsEnabled: false mDefaultSms false mUpsmEnabled false mEmergencyEnabled false
2025-08-28 09:01:22.316  2202-2611  ImsServiceStub<1>       com.sec.imsservice                   I  isServiceAvailable: slm, rat: -1, profileFind:false, Enabled:false
2025-08-28 09:01:22.318  2202-2611  ImsServiceSwitchEur[1]  com.sec.imsservice                   I   isRcsEnabled: false mDefaultSms false mUpsmEnabled false mEmergencyEnabled false
2025-08-28 09:01:22.318  2202-2611  ImsServiceStub<1>       com.sec.imsservice                   I  isServiceAvailable: ft_http, rat: -1, profileFind:false, Enabled:false
2025-08-28 09:01:22.327 26601-26601 RCS-ImsCom...tiSimModel com.samsung.android.dialer           I  [D] isLvc2Available : false, isEab2Available : false, isIm2Available : false, isRcsMsg2Available : false, isLvcDm2Enabled : true
2025-08-28 09:01:22.328 26601-26601 RCS-ImsCommonModel      com.samsung.android.dialer           I  [D] refresh additional network cache
2025-08-28 09:01:22.333 26601-26601 RCS-ImsCom...tiSimModel com.samsung.android.dialer           I  [D] Sim2 voLTE registration : true, network type : LTE
2025-08-28 09:01:22.338 26601-26601 RCS-ImsCom...tiSimModel com.samsung.android.dialer           I  [D] isCrossCalling : false
2025-08-28 09:01:22.338 26601-26601 RCS-ImsCom...tiSimModel com.samsung.android.dialer           I  [D] epdgStatus : false, networkType :13
2025-08-28 09:01:22.338 26601-26601 RCS-ImsCom...tiSimModel com.samsung.android.dialer           I  [D] isEpdgOrWifi for sim2 : false
2025-08-28 09:01:22.342 26601-26601 RCS-ImsCom...tiSimModel com.samsung.android.dialer           I  [D] getImsSim2Registered : true
2025-08-28 09:01:22.346 26601-26601 RCS-ImsCom...tiSimModel com.samsung.android.dialer           I  [D] getRcsSim2Registered : false
2025-08-28 09:01:22.349 26601-26601 RCS-ImsCom...tiSimModel com.samsung.android.dialer           I  [D] (mIsSim2VoLteAvailable : true), (mIsSim2VoWiFiEnabled : false), (mImsSim2Registered : true), (mRcsSim2Registered :false), (mIsSim2RcsUpSupported :false), [[[refreshSim2NetworkCache]]] end : false
2025-08-28 09:01:22.349 26601-26601 RCS-ImsUiManager        com.samsung.android.dialer           I  [D] onImsNetworkValueChanged
2025-08-28 09:01:22.349 26601-26601 RCS-ImsCom...tiSimModel com.samsung.android.dialer           I  [D] mImsSim2ServiceFeatureSet is ready : mSim2ImsInitialized
2025-08-28 09:01:22.416  1383-1665  UsbStatsMonitor         system_server                        D  0 0 6 5 4 0 0 0 0 0 0 144 0 0 0 0 0 0 0 0 0 0 0 0 0 0 0 0 0 0 0 0 0 0 0 0 0 0 565 0 0 0 0 70 0 0 0 3 0 0 0 0 0 0 0
2025-08-28 09:01:22.656  1828-1828  StatusBarIconController com.android.systemui                 D  ignoring old pipeline callbacks, because the new mobile icons are enabled
2025-08-28 09:01:23.160 32743-32743 wpa_supplicant          wpa_supplicant                       I  Heartbeat 2160
2025-08-28 09:01:23.166  1383-8818  SemWifiUsa...atsMonitor system_server                        D  onWifiUsabilityStats - seqNum 25309, isSameBssidAndFreq true
2025-08-28 09:01:23.282  1383-1964  Telecom:Sa...erviceImpl system_server                        I  getUserSelectedOutgoingPhoneAccount - callingPackage : com.samsung.android.dialer / callingUser : UserHandle{0}
2025-08-28 09:01:23.284 26601-26601 TelephonyDataSource     com.samsung.android.dialer           I  [D] isMultiSimModel multiSimConfig : dsds
2025-08-28 09:01:23.284 26601-26601 SimModel                com.samsung.android.dialer           I  [D] isMultiSimModel : true
2025-08-28 09:01:23.286 26601-26601 EsimUtil                com.samsung.android.dialer           I  [D] Esim is not supported
2025-08-28 09:01:23.286 26601-26601 SimModel                com.samsung.android.dialer           I  [D] isEnabledSim(0) : true
2025-08-28 09:01:23.287 26601-26601 EsimUtil                com.samsung.android.dialer           I  [D] Esim is not supported
2025-08-28 09:01:23.287 26601-26601 SimModel                com.samsung.android.dialer           I  [D] isEnabledSim(1) : true
2025-08-28 09:01:23.291 26601-26601 SimModel                com.samsung.android.dialer           I  [D] CompleteActiveSubscriptionInfoList : 2
2025-08-28 09:01:23.291 26601-26601 SimModel                com.samsung.android.dialer           I  [D] uuid1 : null
2025-08-28 09:01:23.291 26601-26601 SimModel                com.samsung.android.dialer           I  [D] opportunistic1 : {[SubscriptionInfo: id=4 iccId=899710311[****] simSlotIndex=0 portIndex=0 isEmbedded=false carrierId=1970 displayName=du carrierName=du isOpportunistic=false groupUuid=null groupOwner= isGroupDisabled=false displayNameSource=SIM_SPN iconTint=-6728704 number=[****] dataRoaming=0 mcc=424 mnc=03 ehplmns=[] hplmns=[] cardString=899710311[****] cardId=3 nativeAccessRules=null carrierConfigAccessRules=null countryIso=ae profileClass=-1 mType=LOCAL_SIM areUiccApplicationsEnabled=true usageSetting=DEFAULT].isOpportunistic}
2025-08-28 09:01:23.292 26601-26601 SimModel                com.samsung.android.dialer           I  [D] uuid2 : null
2025-08-28 09:01:23.292 26601-26601 SimModel                com.samsung.android.dialer           I  [D] opportunistic2 : false
2025-08-28 09:01:23.292 26601-26601 SimModel                com.samsung.android.dialer           I  [D] countInsertedSim : 2, isVirtualSims : [false, false]
2025-08-28 09:01:23.292 26601-26601 SimModel                com.samsung.android.dialer           I  [D] isMultiSimInserted : true
2025-08-28 09:01:23.293  1383-1995  Telecom:Sa...erviceImpl system_server                        I  getUserSelectedOutgoingPhoneAccount - callingPackage : com.samsung.android.dialer / callingUser : UserHandle{0}
2025-08-28 09:01:23.294 26601-26601 SimModel                com.samsung.android.dialer           I  [D] isPreferredSimAlwaysAsk phoneAccount : null
2025-08-28 09:01:23.294 26601-26601 RCS-ImsUiManager        com.samsung.android.dialer           I  [D] refresh sim1ImsOpStyle :  , sim2ImsOpStyle :  isSupportDuoVideoCall : true preferredSimSlot : -1
2025-08-28 09:01:23.294 26601-26601 RCS-ImsUiV...CallCommon com.samsung.android.dialer           I  [D] checkImsVtCallEnabled(0)
2025-08-28 09:01:23.294 26601-26601 RCS-ImsUiV...CallCommon com.samsung.android.dialer           I  [D] DM_ITEM_VIDEO_ENABLED(SIM1) is not available
2025-08-28 09:01:23.294 26601-26601 RCS-ImsUiV...CallCommon com.samsung.android.dialer           I  [D] ImsContactsConstants.VT_STATE.NOT_SUPPORT
2025-08-28 09:01:23.294 26601-26601 RCS-ImsUiV...CallCommon com.samsung.android.dialer           I  [D] Sim slot ID : 0, VtCallState : 0
2025-08-28 09:01:23.294 26601-26601 RCS-ImsUiV...CallCommon com.samsung.android.dialer           I  [D] checkImsVtCallEnabled(1)
2025-08-28 09:01:23.294 26601-26601 RCS-ImsCom...tiSimModel com.samsung.android.dialer           I  [D] getImsSim2ServiceFeatureSet
2025-08-28 09:01:23.294 26601-26601 RCS-ImsUiV...CallCommon com.samsung.android.dialer           I  [D] DM_ITEM_VIDEO_ENABLED(SIM2) is not available
2025-08-28 09:01:23.294 26601-26601 RCS-ImsUiV...CallCommon com.samsung.android.dialer           I  [D] ImsContactsConstants.VT_STATE.NOT_SUPPORT
2025-08-28 09:01:23.295 26601-26601 RCS-ImsUiV...CallCommon com.samsung.android.dialer           I  [D] Sim slot ID : 1, VtCallState : 0
2025-08-28 09:01:23.295 26601-26601 RCS-ImsUiManager        com.samsung.android.dialer           I  [D] updateUi : 101
2025-08-28 09:01:23.295 26601-26601 RCS-ImsUiManager        com.samsung.android.dialer           I  [D] updateImsDefaultConfig(1) : vt_call_enabled
2025-08-28 09:01:23.297  2202-29794 ImsServiceStub<1>       com.sec.imsservice                   I  isServiceAvailable: VoImsFeature : (mmtel-video) is not supported
2025-08-28 09:01:23.297 26601-26601 RCS-ImsCom...tiSimModel com.samsung.android.dialer           I  [D] isVideoCallEnabled(1) : false
2025-08-28 09:01:23.574  1205-1205  connsyslogger           connsyslogger                        D  Open FIFO for close
2025-08-28 09:01:23.657  1828-1828  StatusBarIconController com.android.systemui                 D  ignoring old pipeline callbacks, because the new mobile icons are enabled
2025-08-28 09:01:23.731   557-557   io_stats                iod                                  D  !@ 179,96 r 134571 6267680 w 3380 770061 d 0 0 f 0 0 iot 308504 0 th 0 0 0 pt 0 inp 0 0 232812.918
2025-08-28 09:01:23.732   557-557   io_stats                iod                                  D  !@ 179,0 r 38306983 650359202 w 8964372 100524208 d 947655 80845720 f 0 0 iot 11694128 0 th 0 0 0 pt 0 inp 0 0 232812.918
2025-08-28 09:01:23.934 17818-17818 WM-DelayedWorkTracker   com.whatsapp.w4b                     D  Scheduling work cb4810aa-c03f-46a6-8a9c-78e6b06df7f5
2025-08-28 09:01:23.937 17818-17818 WM-GreedyScheduler      com.whatsapp.w4b                     D  Starting tracking for cb4810aa-c03f-46a6-8a9c-78e6b06df7f5
2025-08-28 09:01:23.952 17818-18101 WM-ConstraintTracker    com.whatsapp.w4b                     D  Enx: initial state = NetworkState(isConnected=false, isValidated=false, isMetered=true, isNotRoaming=true)
2025-08-28 09:01:23.952 17818-18101 WM-NetworkStateTracker  com.whatsapp.w4b                     D  Registering network callback
2025-08-28 09:01:23.978 17818-18101 ConnectivityManager     com.whatsapp.w4b                     D  StackLog: [android.net.ConnectivityManager.sendRequestForNetwork(ConnectivityManager.java:4736)] [android.net.ConnectivityManager.registerDefaultNetworkCallbackForUid(ConnectivityManager.java:5461)] [android.net.ConnectivityManager.registerDefaultNetworkCallback(ConnectivityManager.java:5428)] [android.net.ConnectivityManager.registerDefaultNetworkCallback(ConnectivityManager.java:5402)] [X.Enx.A03(:20)] [androidx.work.impl.constraints.controllers.BaseConstraintController$track$1.invokeSuspend(:81)] [androidx.work.impl.constraints.controllers.BaseConstraintController$track$1.invoke(:8)] [X.82u.A00(:2)] [X.82w.A00(:52)] [X.82q.invokeSuspend(:26)] [X.1iJ.resumeWith(:8)] [X.1iU.run(:119)] [X.GzV.run(:2972)] [java.util.concurrent.ThreadPoolExecutor.runWorker(ThreadPoolExecutor.java:1156)] [java.util.concurrent.ThreadPoolExecutor$Worker.run(ThreadPoolExecutor.java:651)] [java.lang.Thread.run(Thread.java:1119)]
2025-08-28 09:01:23.980  1383-1995  ConnectivityService     system_server                        D  requestNetwork for uid/pid:10331/17818 activeRequest: null callbackRequest: 9221 [NetworkRequest [ REQUEST id=9222, [ Capabilities: INTERNET&NOT_RESTRICTED&TRUSTED&NOT_VCN_MANAGED Uid: 10331 RequestorUid: 10331 RequestorPkg: com.whatsapp.w4b UnderlyingNetworks: Null] ]] callback flags: 0 order: 2147483647 isUidTracked: false declaredMethods: AVAIL|LOST|NC
2025-08-28 09:01:23.981  1383-1635  ConnectivityService     system_server                        D     accepting network in place of null for NetworkRequest [ REQUEST id=9222, [ Capabilities: INTERNET&NOT_RESTRICTED&TRUSTED&NOT_VCN_MANAGED Uid: 10331 RequestorUid: 10331 RequestorPkg: com.whatsapp.w4b UnderlyingNetworks: Null] ]
2025-08-28 09:01:23.985  1383-1635  ConnectivityService     system_server                        D  Rematched networks [computed 1ms] [applied 1ms] [issued 3]
2025-08-28 09:01:23.985  1383-1635  ConnectivityService     system_server                        D  NetworkReassignment :
                                                                                                      9222 : null → 208
2025-08-28 09:01:23.985 17818-18101 WM-GreedyScheduler      com.whatsapp.w4b                     D  Constraints not met: Cancelling work ID WorkGenerationalId(workSpecId=cb4810aa-c03f-46a6-8a9c-78e6b06df7f5, generation=0)
2025-08-28 09:01:23.986 17818-18111 WM-NetworkStateTracker  com.whatsapp.w4b                     D  Network capabilities changed: [ Transports: WIFI Capabilities: NOT_METERED&INTERNET&NOT_RESTRICTED&TRUSTED&NOT_VPN&VALIDATED&NOT_ROAMING&FOREGROUND&NOT_CONGESTED&NOT_SUSPENDED&NOT_VCN_MANAGED LinkUpBandwidth>=12000Kbps LinkDnBandwidth>=30000Kbps TransportInfo: <SSID: <unknown ssid>, BSSID: 02:00:00:00:00:00, MAC: 02:00:00:00:00:00, IP: /192.168.0.229, Security type: 2, Supplicant state: COMPLETED, Wi-Fi standard: 4, RSSI: -43, Link speed: 65Mbps, Tx Link speed: 65Mbps, Max Supported Tx Link speed: 72Mbps, Rx Link speed: 72Mbps, Max Supported Rx Link speed: 72Mbps, Frequency: 2412MHz, Net ID: -1, Metered hint: false, score: 60, isUsable: true, CarrierMerged: false, SubscriptionId: -1, IsPrimary: -1, Trusted: true, Restricted: false, Ephemeral: false, OEM paid: false, OEM private: false, OSU AP: false, FQDN: <none>, Provider friendly name: <none>, Requesting package name: <none><none>MLO Information: , Is TID-To-Link negotiation supported by the AP: false, AP MLD Address: <none>, AP MLO Link Id: <none>, AP MLO Affiliated links: <none>> SignalStrength: -43 UnderlyingNetworks: Null]
2025-08-28 09:01:23.987 17818-18072 WM-GreedyScheduler      com.whatsapp.w4b                     D  Constraints met: Scheduling work ID WorkGenerationalId(workSpecId=cb4810aa-c03f-46a6-8a9c-78e6b06df7f5, generation=0)
2025-08-28 09:01:23.987  1383-1607  WifiNetworkFactory      system_server                        D  got request NetworkRequest [ REQUEST id=9222, [ Capabilities: INTERNET&NOT_RESTRICTED&TRUSTED&NOT_VCN_MANAGED Uid: 10331 RequestorUid: 10331 RequestorPkg: com.whatsapp.w4b UnderlyingNetworks: Null] ]
2025-08-28 09:01:23.987  1383-1607  UntrustedW...orkFactory system_server                        D  got request NetworkRequest [ REQUEST id=9222, [ Capabilities: INTERNET&NOT_RESTRICTED&TRUSTED&NOT_VCN_MANAGED Uid: 10331 RequestorUid: 10331 RequestorPkg: com.whatsapp.w4b UnderlyingNetworks: Null] ]
2025-08-28 09:01:23.987  1383-1607  OemPaidWif...orkFactory system_server                        D  got request NetworkRequest [ REQUEST id=9222, [ Capabilities: INTERNET&NOT_RESTRICTED&TRUSTED&NOT_VCN_MANAGED Uid: 10331 RequestorUid: 10331 RequestorPkg: com.whatsapp.w4b UnderlyingNetworks: Null] ]
2025-08-28 09:01:23.987  1383-1607  MultiInter...orkFactory system_server                        D  got request NetworkRequest [ REQUEST id=9222, [ Capabilities: INTERNET&NOT_RESTRICTED&TRUSTED&NOT_VCN_MANAGED Uid: 10331 RequestorUid: 10331 RequestorPkg: com.whatsapp.w4b UnderlyingNetworks: Null] ]
2025-08-28 09:01:23.998 17818-18072 WM-Processor            com.whatsapp.w4b                     D  Eo8: processing WorkGenerationalId(workSpecId=cb4810aa-c03f-46a6-8a9c-78e6b06df7f5, generation=0)
2025-08-28 09:01:24.018 17818-17818 WM-WorkerWrapper        com.whatsapp.w4b                     D  Starting work for com.whatsapp.networkavailable.service.RestoreChatConnectionWorker
2025-08-28 09:01:24.043 14271-27521 NearbyMediums           com.google.android.gms.persistent    I  No BLE Fast/GATT advertisements found in the latest cycle.
2025-08-28 09:01:24.060  1383-1757  NetdEventL...nerService system_server                        D  DNS Requested by 208, 10331, 4, true, 0
2025-08-28 09:01:24.296 26601-26601 RCS-ImsUiManager        com.samsung.android.dialer           I  [D] refreshImsUi mImsUiListener : rb.b@e0f48f
2025-08-28 09:01:24.297 26601-26601 RCS-DialtactsActivity   com.samsung.android.dialer           I  [D] mImsUiListener - refresh Ims Ui : 101
2025-08-28 09:01:24.298 26601-26601 RCS-CallLogExpandImpl   com.samsung.android.dialer           I  [D] mImsUiListener - refresh Ims Ui : 101
2025-08-28 09:01:24.299 26601-26601 ContactImsEventListener com.samsung.android.dialer           I  [D] mImsUiListener - refresh Ims Ui : 101
2025-08-28 09:01:24.658  1828-1828  StatusBarIconController com.android.systemui                 D  ignoring old pipeline callbacks, because the new mobile icons are enabled
2025-08-28 09:01:24.687  1828-1828  StatusBarIconController com.android.systemui                 D  ignoring old pipeline callbacks, because the new mobile icons are enabled
2025-08-28 09:01:25.658  1828-1828  StatusBarIconController com.android.systemui                 D  ignoring old pipeline callbacks, because the new mobile icons are enabled
2025-08-28 09:01:25.738   557-557   io_stats                iod                                  D  !@ 179,0 r 38307329 650368938 w 8964394 100524304 d 947655 80845720 f 0 0 iot 11694240 0 th 0 0 0 pt 0 inp 0 0 232814.925
2025-08-28 09:01:25.940  3845-4251  SDHMS:C                 com.sec.android.sdhms                I  SIOP:: AP:309 BAT:307 USB:0 CHG:305 PA:312 BLK:0 SUBBAT:0 SKIN:321 SKINF:310 SKINB:321 LRP:308 LRP2:321 LRF:301 LRB:308 LRF2:310 LRB2:321 AP2:320 CHG2:304 WIFI2:321 SPK2:308 VAP:317 
2025-08-28 09:01:25.968  1828-1828  StatusBarIconController com.android.systemui                 D  ignoring old pipeline callbacks, because the new mobile icons are enabled
2025-08-28 09:01:26.178  1383-8818  SemWifiUsa...atsMonitor system_server                        D  onWifiUsabilityStats - seqNum 25310, isSameBssidAndFreq true
2025-08-28 09:01:27.232  1383-1416  Watchdog                system_server                        E  !@Sync: 7756 heap: 128 / 130 FD: 1158 [2025-08-28 09:01:27.231]
2025-08-28 09:01:27.249  1828-1828  StatusBarIconController com.android.systemui                 D  ignoring old pipeline callbacks, because the new mobile icons are enabled
2025-08-28 09:01:28.527  1828-1828  StatusBarIconController com.android.systemui                 D  ignoring old pipeline callbacks, because the new mobile icons are enabled
2025-08-28 09:01:28.575  1205-1205  connsyslogger           connsyslogger                        D  Open FIFO for close
2025-08-28 09:01:28.774  1383-1645  DeviceStor...torService system_server                        W  updateBroadcasts(/data) oldLevel:0, newLevel:0, seq:1
2025-08-28 09:01:28.775  1383-1645  DeviceStor...torService system_server                        D  Available File Node Number is [12688554]
2025-08-28 09:01:28.775  1383-1645  DeviceStor...torService system_server                        W  updateBroadcasts_filenode(/data) fn_oldLevel:0, fn_newLevel:0, seq:1
2025-08-28 09:01:29.190  1383-8818  SemWifiUsa...atsMonitor system_server                        D  onWifiUsabilityStats - seqNum 25311, isSameBssidAndFreq true
2025-08-28 09:01:29.698  1828-1828  StatusBarIconController com.android.systemui                 D  ignoring old pipeline callbacks, because the new mobile icons are enabled
2025-08-28 09:01:29.808  1828-1828  StatusBarIconController com.android.systemui                 D  ignoring old pipeline callbacks, because the new mobile icons are enabled
2025-08-28 09:01:30.697  1828-1828  StatusBarIconController com.android.systemui                 D  ignoring old pipeline callbacks, because the new mobile icons are enabled
2025-08-28 09:01:31.089  1828-1828  StatusBarIconController com.android.systemui                 D  ignoring old pipeline callbacks, because the new mobile icons are enabled
2025-08-28 09:01:31.619  1800-1871  System.out              com.android.phone                    I  Broadcasting: Intent { act=com.sec.intent.action.SARDEVICE_CP flg=0x10000000 (has extras) }
2025-08-28 09:01:31.626  1383-1602  MotionReco...ionService system_server                        D  [SAR]  onReceive : SARDEVICE_CP, callAction = off deviceID = 98821 slot = 1 device_ext = 0
2025-08-28 09:01:31.626  1383-1602  MotionReco...ionService system_server                        I  [SAR] id : 0 cmd :off
2025-08-28 09:01:31.626  1383-1602  MotionReco...ionService system_server                        I  [SAR] SarDevice clear 1 channel : 0 , state : 0
2025-08-28 09:01:31.638  1383-1602  MotionReco...ionService system_server                        D  [SAR] set setTransmitPowerWithFlag  value : 1 : false
2025-08-28 09:01:31.639  1383-1602  MotionReco...ionService system_server                        I  [SAR] ISG6320 Grip sensor disable channel 0 : 0 , channel 1 : 2
2025-08-28 09:01:31.639  1383-1602  MotionReco...ionService system_server                        I  [SAR] id : 2 cmd :off
2025-08-28 09:01:31.639  1383-1602  MotionReco...ionService system_server                        W  DEFAULT
2025-08-28 09:01:31.639  1383-1602  MotionReco...ionService system_server                        I  [SAR] id : 9 cmd :off
2025-08-28 09:01:31.639  1383-1602  MotionReco...ionService system_server                        W  DEFAULT
2025-08-28 09:01:31.639  1383-1602  MotionReco...ionService system_server                        I  [SAR] id : 15 cmd :off
2025-08-28 09:01:31.639  1383-1602  MotionReco...ionService system_server                        W  DEFAULT
2025-08-28 09:01:31.639  1383-1602  MotionReco...ionService system_server                        I  [SAR] id : 16 cmd :off
2025-08-28 09:01:31.639  1383-1602  MotionReco...ionService system_server                        I  [SAR] SarDevice clear 65536 channel : 1 , state : 0
2025-08-28 09:01:31.652  1383-1602  MotionReco...ionService system_server                        D  [SAR] set setTransmitPowerWithFlag  value : 65536 : false
2025-08-28 09:01:31.652  1383-1602  MotionReco...ionService system_server                        I  [SAR] ISG6320 Grip sensor disableSensor : true
2025-08-28 09:01:31.652  1383-1602  MotionReco...ionService system_server                        D  [SAR] disable mRequestedChannelList : 98821
2025-08-28 09:01:31.652  1383-1602  MotionReco...ionService system_server                        I  [SAR] ISG6320 Grip sensorsetTunerGrip 8589934592 , state: false
2025-08-28 09:01:31.663  1383-1602  MotionReco...ionService system_server                        D  [SAR] set setTransmitPowerExt(Tuner) value : 8589934592 : false
2025-08-28 09:01:31.664  1383-1602  MotionReco...ionService system_server                        I  [SAR] tunerGrip is 8589934592, state : false
2025-08-28 09:01:31.664  1383-1602  MotionReco...ionService system_server                        I  [SAR] ISG6320 Grip sensorsetTunerGrip 17179869184 , state: false
2025-08-28 09:01:31.669  1383-1402  system_server           system_server                        I  Background young concurrent copying GC freed 7930KB AllocSpace bytes, 306(6136KB) LOS objects, 10% free, 116MB/130MB, paused 604us,600us total 119.209ms
2025-08-28 09:01:31.673  1383-1602  MotionReco...ionService system_server                        D  [SAR] set setTransmitPowerExt(Tuner) value : 17179869184 : false
2025-08-28 09:01:31.673  1383-1602  MotionReco...ionService system_server                        I  [SAR] tunerGrip is 17179869184, state : false
2025-08-28 09:01:31.674   820-820   SensorsGrip             and....sensors@2.0-service.multihal  I  [grip_sensor] enable: GripSensor: enable handle = 11 en = 0
2025-08-28 09:01:31.677   820-820   SensorsGrip             and....sensors@2.0-service.multihal  E  [grip_sensor] enable: mEnabled : 0, first_grip_event : 1
2025-08-28 09:01:31.678  1383-1602  SensorManager           system_server                        D  unregisterListener :: com.samsung.android.gesture.MotionRecognitionSAR$GripSensorWrapper$1@4bf57b5
2025-08-28 09:01:31.678  1383-1602  MotionReco...ionService system_server                        I  [SAR] ISG6320 Grip sensor disable channel 0 : 0 , channel 1 : 0
2025-08-28 09:01:31.678  1383-1602  MotionReco...ionService system_server                        I  [SAR] (-) mRequestedChannelList : 0
2025-08-28 09:01:31.679  1800-2847  System.out              com.android.phone                    I  Broadcast completed: result=0
2025-08-28 09:01:31.746   557-557   io_stats                iod                                  D  !@ 179,0 r 38307338 650368986 w 8964402 100524344 d 947655 80845720 f 0 0 iot 11694244 0 th 0 0 0 pt 0 inp 0 0 232820.933
2025-08-28 09:01:31.776  1828-1828  StatusBarIconController com.android.systemui                 D  ignoring old pipeline callbacks, because the new mobile icons are enabled
2025-08-28 09:01:31.799  3845-3845  SDHMS:LOAD              com.sec.android.sdhms                I  type: LoadsFreqs, value: 0:0:0:861860:1443000:850000:581440:1800000:500000:0:0:0
2025-08-28 09:01:32.201  1383-8818  SemWifiUsa...atsMonitor system_server                        D  onWifiUsabilityStats - seqNum 25312, isSameBssidAndFreq true
2025-08-28 09:01:32.367  1828-1828  StatusBarIconController com.android.systemui                 D  ignoring old pipeline callbacks, because the new mobile icons are enabled
2025-08-28 09:01:33.056  1828-1828  StatusBarIconController com.android.systemui                 D  ignoring old pipeline callbacks, because the new mobile icons are enabled
2025-08-28 09:01:33.169 32743-32743 wpa_supplicant          wpa_supplicant                       I  Heartbeat 2161
2025-08-28 09:01:33.575  1205-1205  connsyslogger           connsyslogger                        D  Open FIFO for close
2025-08-28 09:01:33.647  1828-1828  StatusBarIconController com.android.systemui                 D  ignoring old pipeline callbacks, because the new mobile icons are enabled
2025-08-28 09:01:33.748   557-557   io_stats                iod                                  D  !@ 179,96 r 134571 6267680 w 3380 770061 d 0 0 f 0 0 iot 308504 0 th 0 0 0 pt 0 inp 0 0 232822.934
2025-08-28 09:01:35.215  1383-8818  SemWifiUsa...atsMonitor system_server                        D  onWifiUsabilityStats - seqNum 25313, isSameBssidAndFreq true
2025-08-28 09:01:37.750   557-557   io_stats                iod                                  D  !@ 179,0 r 38307339 650368990 w 8964405 100524360 d 947655 80845720 f 0 0 iot 11694248 0 th 0 0 0 pt 0 inp 0 0 232826.937
2025-08-28 09:01:38.176  1828-1828  StatusBarIconController com.android.systemui                 D  ignoring old pipeline callbacks, because the new mobile icons are enabled
2025-08-28 09:01:38.225  1383-8818  SemWifiUsa...atsMonitor system_server                        D  onWifiUsabilityStats - seqNum 25314, isSameBssidAndFreq true
2025-08-28 09:01:38.576  1205-1205  connsyslogger           connsyslogger                        D  Open FIFO for close
2025-08-28 09:01:39.045 14271-27521 NearbyMediums           com.google.android.gms.persistent    I  No BLE Fast/GATT advertisements found in the latest cycle.
2025-08-28 09:01:39.751   557-557   io_stats                iod                                  D  !@ 179,0 r 38307340 650368994 w 8964407 100524372 d 947655 80845720 f 0 0 iot 11694252 0 th 0 0 0 pt 0 inp 0 0 232828.938
2025-08-28 09:01:40.047  1828-1828  StatusBarIconController com.android.systemui                 D  ignoring old pipeline callbacks, because the new mobile icons are enabled
2025-08-28 09:01:40.736  1828-1828  StatusBarIconController com.android.systemui                 D  ignoring old pipeline callbacks, because the new mobile icons are enabled
2025-08-28 09:01:41.157  2175-2353  BtGatt.GattService      com.android.bluetooth                D  onScanResult to scannerId: 5- eventType=0x10, addressType=1, address=XX:XX:XX:XX:B2:8F, primaryPhy=1, secondaryPhy=0, advertisingSid=0xff, txPower=127, rssi=-88, periodicAdvInt=0x0
2025-08-28 09:01:41.236  1383-8818  SemWifiUsa...atsMonitor system_server                        D  onWifiUsabilityStats - seqNum 25315, isSameBssidAndFreq true
2025-08-28 09:01:41.327  1828-1828  StatusBarIconController com.android.systemui                 D  ignoring old pipeline callbacks, because the new mobile icons are enabled
2025-08-28 09:01:41.907  3845-3845  SDHMS:LOAD              com.sec.android.sdhms                I  type: LoadsFreqs, value: 0:0:0:850000:850000:850000:521000:850000:500000:0:0:0
2025-08-28 09:01:42.017  1828-1828  StatusBarIconController com.android.systemui                 D  ignoring old pipeline callbacks, because the new mobile icons are enabled
2025-08-28 09:01:43.171 32743-32743 wpa_supplicant          wpa_supplicant                       I  Heartbeat 2162
2025-08-28 09:01:43.194  2175-2353  BtGatt.GattService      com.android.bluetooth                D  onScanResult to scannerId: 5- eventType=0x10, addressType=1, address=XX:XX:XX:XX:B2:8F, primaryPhy=1, secondaryPhy=0, advertisingSid=0xff, txPower=127, rssi=-72, periodicAdvInt=0x0
2025-08-28 09:01:43.296  1828-1828  StatusBarIconController com.android.systemui                 D  ignoring old pipeline callbacks, because the new mobile icons are enabled
2025-08-28 09:01:43.411  1828-1845  ndroid.systemui         com.android.systemui                 I  Background young concurrent copying GC freed 15MB AllocSpace bytes, 167(3340KB) LOS objects, 23% free, 59MB/78MB, paused 244us,162us total 115.724ms
2025-08-28 09:01:43.577  1205-1205  connsyslogger           connsyslogger                        D  Open FIFO for close
2025-08-28 09:01:43.753   557-557   io_stats                iod                                  D  !@ 179,96 r 134571 6267680 w 3380 770061 d 0 0 f 0 0 iot 308504 0 th 0 0 0 pt 0 inp 0 0 232832.940
2025-08-28 09:01:43.887  1828-1828  StatusBarIconController com.android.systemui                 D  ignoring old pipeline callbacks, because the new mobile icons are enabled
2025-08-28 09:01:44.135   831-866   libPerfCtl              ven...hardware.mtkpower@1.0-service  I  xgfGetFPS pid:-1 fps:0
2025-08-28 09:01:44.136   831-866   libPerfCtl              ven...hardware.mtkpower@1.0-service  I  xgfGetFPS ioctl_ret:-1
2025-08-28 09:01:44.247  1383-8818  SemWifiUsa...atsMonitor system_server                        D  onWifiUsabilityStats - seqNum 25316, isSameBssidAndFreq true
2025-08-28 09:01:44.575  1828-1828  StatusBarIconController com.android.systemui                 D  ignoring old pipeline callbacks, because the new mobile icons are enabled
2025-08-28 09:01:45.167  1828-1828  StatusBarIconController com.android.systemui                 D  ignoring old pipeline callbacks, because the new mobile icons are enabled
2025-08-28 09:01:45.664   817-846   BatteryDump             and...re.health@2.1-service-samsung  E  !@new_battery_dump : 4132,-172,3000,2300,87,306,326,303,0,0,323,0,0,Discharging,NO_CHARGING,None,Good,NONE,0,Normal,0,0,13800,0x10000000,0x10000,0x0,0,0,0000,0000,00000000,0,0,0,0,531,4124,8700,990,0,
2025-08-28 09:01:45.673   817-817   android.ha...ce-samsung and...re.health@2.1-service-samsung  I  updateLrpSysfs: write: 321
2025-08-28 09:01:45.856  1828-1828  StatusBarIconController com.android.systemui                 D  ignoring old pipeline callbacks, because the new mobile icons are enabled
2025-08-28 09:01:46.446  1828-1828  StatusBarIconController com.android.systemui                 D  ignoring old pipeline callbacks, because the new mobile icons are enabled
2025-08-28 09:01:47.259  1383-8818  SemWifiUsa...atsMonitor system_server                        D  onWifiUsabilityStats - seqNum 25317, isSameBssidAndFreq true
2025-08-28 09:01:47.700   897-906   ccci_mdinit             ccci_mdinit                          D  (1):monitor_time_update_thread round:21659 ########
2025-08-28 09:01:47.726  1828-1828  StatusBarIconController com.android.systemui                 D  ignoring old pipeline callbacks, because the new mobile icons are enabled
2025-08-28 09:01:47.755   557-557   io_stats                iod                                  D  !@ 179,0 r 38307342 650369002 w 8964411 100524392 d 947655 80845720 f 0 0 iot 11694256 0 th 0 0 0 pt 0 inp 0 0 232836.942
2025-08-28 09:01:48.294  2175-2353  BtGatt.GattService      com.android.bluetooth                D  onScanResult to scannerId: 5- eventType=0x10, addressType=1, address=XX:XX:XX:XX:B2:8F, primaryPhy=1, secondaryPhy=0, advertisingSid=0xff, txPower=127, rssi=-87, periodicAdvInt=0x0
2025-08-28 09:01:48.416  1828-1828  StatusBarIconController com.android.systemui                 D  ignoring old pipeline callbacks, because the new mobile icons are enabled
2025-08-28 09:01:48.578  1205-1205  connsyslogger           connsyslogger                        D  Open FIFO for close
2025-08-28 09:01:49.006  1828-1828  StatusBarIconController com.android.systemui                 D  ignoring old pipeline callbacks, because the new mobile icons are enabled
2025-08-28 09:01:49.318  2175-2353  BtGatt.GattService      com.android.bluetooth                D  onScanResult to scannerId: 5- eventType=0x10, addressType=1, address=XX:XX:XX:XX:B2:8F, primaryPhy=1, secondaryPhy=0, advertisingSid=0xff, txPower=127, rssi=-93, periodicAdvInt=0x0
2025-08-28 09:01:50.270  1383-8818  SemWifiUsa...atsMonitor system_server                        D  onWifiUsabilityStats - seqNum 25318, isSameBssidAndFreq true
2025-08-28 09:01:50.287  1828-1828  StatusBarIconController com.android.systemui                 D  ignoring old pipeline callbacks, because the new mobile icons are enabled
2025-08-28 09:01:50.405  2175-2353  BtGatt.GattService      com.android.bluetooth                D  onScanResult to scannerId: 5- eventType=0x10, addressType=1, address=XX:XX:XX:XX:B2:8F, primaryPhy=1, secondaryPhy=0, advertisingSid=0xff, txPower=127, rssi=-84, periodicAdvInt=0x0
2025-08-28 09:01:51.352  2175-2353  BtGatt.GattService      com.android.bluetooth                D  onScanResult to scannerId: 5- eventType=0x10, addressType=1, address=XX:XX:XX:XX:B2:8F, primaryPhy=1, secondaryPhy=0, advertisingSid=0xff, txPower=127, rssi=-97, periodicAdvInt=0x0
2025-08-28 09:01:52.017  3845-3845  SDHMS:LOAD              com.sec.android.sdhms                I  type: LoadsFreqs, value: 0:0:0:850000:850000:850000:500000:500000:500000:0:0:0
2025-08-28 09:01:52.256  1828-1828  StatusBarIconController com.android.systemui                 D  ignoring old pipeline callbacks, because the new mobile icons are enabled
2025-08-28 09:01:53.173 32743-32743 wpa_supplicant          wpa_supplicant                       I  Heartbeat 2163
2025-08-28 09:01:53.281  1383-8818  SemWifiUsa...atsMonitor system_server                        D  onWifiUsabilityStats - seqNum 25319, isSameBssidAndFreq true
2025-08-28 09:01:53.547   811-824   [BT]                    and...luetooth@1.1-service-mediatek  D  mtk_bt_op: BT_VND_OP_LPM_WAKE_SET_STATE
2025-08-28 09:01:53.550  2175-2289  bluetooth               com.android.bluetooth                E  packages/modules/Bluetooth/system/gd/hci/le_advertising_manager.cc:1725 on_set_advertising_set_random_address_complete: Got a command complete with status COMMAND_DISALLOWED
2025-08-28 09:01:53.579  1205-1205  connsyslogger           connsyslogger                        D  Open FIFO for close
