2025-08-28 09:01:53.758   557-557   io_stats                iod                                  D  !@ 179,96 r 134571 6267680 w 3380 770061 d 0 0 f 0 0 iot 308504 0 th 0 0 0 pt 0 inp 0 0 232842.945
2025-08-28 09:01:53.941   894-894   SurfaceFlinger          surfaceflinger                       I  SFWD update time=232843128133647
2025-08-28 09:01:54.047 14271-27521 NearbyMediums           com.google.android.gms.persistent    I  No BLE Fast/GATT advertisements found in the latest cycle.
2025-08-28 09:01:54.059 17818-18100 WM-WorkerWrapper        com.whatsapp.w4b                     I  Worker result RETRY for Work [ id=cb4810aa-c03f-46a6-8a9c-78e6b06df7f5, tags={ com.whatsapp.networkavailable.service.RestoreChatConnectionWorker } ]
2025-08-28 09:01:54.074 17818-17818 WM-Processor            com.whatsapp.w4b                     D  Eo8 cb4810aa-c03f-46a6-8a9c-78e6b06df7f5 executed; reschedule = true
2025-08-28 09:01:54.074 17818-17818 WM-GreedyScheduler      com.whatsapp.w4b                     D  Stopping tracking for WorkGenerationalId(workSpecId=cb4810aa-c03f-46a6-8a9c-78e6b06df7f5, generation=0)
2025-08-28 09:01:54.090 17818-18100 WM-GreedyScheduler      com.whatsapp.w4b                     D  Cancelling work ID cb4810aa-c03f-46a6-8a9c-78e6b06df7f5
2025-08-28 09:01:54.099 17818-18100 WM-SystemJobScheduler   com.whatsapp.w4b                     D  Scheduling work ID cb4810aa-c03f-46a6-8a9c-78e6b06df7f5Job ID 230462
2025-08-28 09:01:54.105 17818-18100 WM-NetworkStateTracker  com.whatsapp.w4b                     D  Unregistering network callback
2025-08-28 09:01:54.105 17818-18100 ConnectivityManager     com.whatsapp.w4b                     D  StackLog: [android.net.ConnectivityManager.unregisterNetworkCallback(ConnectivityManager.java:5571)] [X.Enx.A04(:20)] [X.EpS.invoke(:27)] [X.82y.A00(:97)] [X.82z.invokeSuspend(Unknown Source:10)] [X.1iJ.resumeWith(:8)] [X.1iU.run(:128)] [X.GzV.run(:2972)] [java.util.concurrent.ThreadPoolExecutor.runWorker(ThreadPoolExecutor.java:1156)] [java.util.concurrent.ThreadPoolExecutor$Worker.run(ThreadPoolExecutor.java:651)] [java.lang.Thread.run(Thread.java:1119)]
2025-08-28 09:01:54.106  1383-1635  ConnectivityService     system_server                        D   Removing from current network [208 WIFI], leaving 169 requests.
2025-08-28 09:01:54.178  1383-1757  NetdEventL...nerService system_server                        D  DNS Requested by 208, 10331, 4, true, 0
2025-08-28 09:01:54.265   831-849   power@timer             ven...hardware.mtkpower@1.0-service  D  [mtkPowerTimer] visRead:0
2025-08-28 09:01:54.416  2175-2353  BtGatt.GattService      com.android.bluetooth                D  onScanResult to scannerId: 5- eventType=0x10, addressType=1, address=XX:XX:XX:XX:B2:8F, primaryPhy=1, secondaryPhy=0, advertisingSid=0xff, txPower=127, rssi=-95, periodicAdvInt=0x0
2025-08-28 09:01:54.816  1828-1828  StatusBarIconController com.android.systemui                 D  ignoring old pipeline callbacks, because the new mobile icons are enabled
2025-08-28 09:01:55.407  1828-1828  StatusBarIconController com.android.systemui                 D  ignoring old pipeline callbacks, because the new mobile icons are enabled
2025-08-28 09:01:55.621  1383-27616 WifiConnec....DnsThread system_server                        D   [] [|204]
2025-08-28 09:01:55.622  1383-1734  WifiConnec...tsAnalyzer system_server                        D  DNS resultType : 0, responseTime : 204
2025-08-28 09:01:55.622  1383-1732  OpenNetworkQos[4.00]    system_server                        D  updateBssidLatestDnsResultType - result: 0
2025-08-28 09:01:55.622  1383-1732  OpenNetworkQos[4.00]    system_server                        D  updateBssidNoInternet: mBssidNoInternet = false
2025-08-28 09:01:55.623  1383-1732  OpenNetworkQos[4.00]    system_server                        D  getOpenNetworkQosNoInternetStatus: false[Private DNS is active. Result is ignored.]
2025-08-28 09:01:55.623  1383-1732  OpenNetworkQos[4.00]    system_server                        D  getOpenNetworkQosScores: 25 0 0 [Private DNS is active. Result is ignored.]
2025-08-28 09:01:55.760   557-557   io_stats                iod                                  D  !@ 179,0 r 38307446 650371758 w 8964419 100524444 d 947655 80845720 f 0 0 iot 11694272 0 th 0 0 0 pt 0 inp 0 0 232844.946
2025-08-28 09:01:55.936  3845-4251  SDHMS:C                 com.sec.android.sdhms                I  SIOP:: AP:304 BAT:306 USB:0 CHG:302 PA:307 BLK:0 SUBBAT:0 SKIN:320 SKINF:309 SKINB:320 LRP:304 LRP2:320 LRF:298 LRB:304 LRF2:309 LRB2:320 AP2:318 CHG2:303 WIFI2:320 SPK2:306 VAP:314 
2025-08-28 09:01:56.098  1828-1828  StatusBarIconController com.android.systemui                 D  ignoring old pipeline callbacks, because the new mobile icons are enabled
2025-08-28 09:01:56.294  1383-8818  SemWifiUsa...atsMonitor system_server                        D  onWifiUsabilityStats - seqNum 25320, isSameBssidAndFreq true
2025-08-28 09:01:56.687  1828-1828  StatusBarIconController com.android.systemui                 D  ignoring old pipeline callbacks, because the new mobile icons are enabled
2025-08-28 09:01:57.253  1383-1416  Watchdog                system_server                        E  !@Sync: 7757 heap: 123 / 130 FD: 1158 [2025-08-28 09:01:57.252]
2025-08-28 09:01:57.969  1828-1942  Tile.DeviceControlTile  com.android.systemui                 D  handleUpdateState
2025-08-28 09:01:57.969  1828-1942  Tile.DeviceControlTile  com.android.systemui                 D  handleUpdateState hasControlsApps is false
2025-08-28 09:01:57.972  1828-1828  StatusBarIconController com.android.systemui                 D  ignoring old pipeline callbacks, because the new mobile icons are enabled
2025-08-28 09:01:58.579  1205-1205  connsyslogger           connsyslogger                        D  Open FIFO for close
2025-08-28 09:01:58.656  1828-1828  StatusBarIconController com.android.systemui                 D  ignoring old pipeline callbacks, because the new mobile icons are enabled
2025-08-28 09:01:59.247  1828-1828  StatusBarIconController com.android.systemui                 D  ignoring old pipeline callbacks, because the new mobile icons are enabled
2025-08-28 09:01:59.308  1383-8818  SemWifiUsa...atsMonitor system_server                        D  onWifiUsabilityStats - seqNum 25321, isSameBssidAndFreq true
2025-08-28 09:01:59.936  1828-1828  StatusBarIconController com.android.systemui                 D  ignoring old pipeline callbacks, because the new mobile icons are enabled
2025-08-28 09:02:00.007  1828-2400  QSClockBellTower        com.android.systemui                 D  onReceive(android.intent.action.TIME_TICK) mTimeZoneString:Asia/Dubai
2025-08-28 09:02:00.007  1828-2400  DateTimeView            com.android.systemui                 I  updateAll - getTimeFormat
2025-08-28 09:02:00.012  1828-1828  QSClockBellTower        com.android.systemui                 D  He is ready to ring the bell. (((QSClockBellSound - TimeText:9:02, TimeContentDescription:9:02 AM, DateText:Thu, August 28, ShortDateText:Thu, Aug 28, Demo:false, QuickStar-Second(false|12:34:56), QuickStar-DateText:Thu, Aug 28)))
2025-08-28 09:02:00.013  1828-1828  QSClock                 com.android.systemui                 D  StatusBar clock=9:02 notifyTimeChanged(QSClockBellSound - TimeText:9:02, TimeContentDescription:9:02 AM, DateText:Thu, August 28, ShortDateText:Thu, Aug 28, Demo:false, QuickStar-Second(false|12:34:56), QuickStar-DateText:Thu, Aug 28) clockVisibleByPolicy=true, clockVisibleByUser=true, visible=true, parent=android.widget.LinearLayout{ca15718 V.E...... ......ID 0,0-77,70 #7f0a0591 app:id/left_clock_container}
2025-08-28 09:02:00.014  1828-1828  QSClockBellTower        com.android.systemui                 D  Everyone heard the bell. run(currentTime:1756357320009, getTime():Thu Aug 28 09:02:00 GMT+04:00 2025, getTimeZone():libcore.util.ZoneInfo[mDstSavings=0,mUseDst=false,mDelegate=[id="Asia/Dubai",mRawOffset=14400000,mEarliestRawOffset=13272000,transitions=1]])
2025-08-28 09:02:00.015  1828-1828  FaceWidget...Controller com.android.systemui                 D  onTimeChanged()
2025-08-28 09:02:00.038  1828-1828  QsExpandAnimator        com.android.systemui                 D  mIsDateButtonOverlapped = false >> false, (375.0 + 375) = 750.0 : 984
2025-08-28 09:02:00.063  1828-1828  View                    com.android.systemui                 W  requestLayout() improperly called by android.widget.FrameLayout{bdde5ff V.E...... ......ID 0,127-1080,2273 #7f0a0846 app:id/qs_frame} during layout: running second layout pass
2025-08-28 09:02:00.083  1828-1961  gralloc4                com.android.systemui                 I  @set_metadata: update dataspace from GM (0x00000000 -> 0x08010000)
2025-08-28 09:02:00.102   894-894   BufferQueueProducer     surfaceflinger                       I  [StatusBar$_1828#86](this:0xe7d568b8,id:-1,api:0,p:-1,c:894) queueBuffer: fps=0.02 dur=60001.05 max=60001.05 min=60001.05
2025-08-28 09:02:00.106   816-816   hwcomposer              and...graphics.composer@2.1-service  I  [HWCDisplay] [Display_0 (type:1)] fps:0.016666,dur:60002.06,max:60002.06,min:60002.06  
2025-08-28 09:02:01.216  1828-1828  StatusBarIconController com.android.systemui                 D  ignoring old pipeline callbacks, because the new mobile icons are enabled
2025-08-28 09:02:02.132  3845-3845  SDHMS:LOAD              com.sec.android.sdhms                I  type: LoadsFreqs, value: 0:0:0:860079:1354000:850000:565479:1800000:500000:0:0:0
2025-08-28 09:02:02.321  1383-8818  SemWifiUsa...atsMonitor system_server                        D  onWifiUsabilityStats - seqNum 25322, isSameBssidAndFreq true
2025-08-28 09:02:03.177 32743-32743 wpa_supplicant          wpa_supplicant                       I  Heartbeat 2164
2025-08-28 09:02:03.580  1205-1205  connsyslogger           connsyslogger                        D  Open FIFO for close
2025-08-28 09:02:03.763   557-557   io_stats                iod                                  D  !@ 179,96 r 134571 6267680 w 3380 770061 d 0 0 f 0 0 iot 308504 0 th 0 0 0 pt 0 inp 0 0 232852.950
2025-08-28 09:02:03.776  1828-1828  StatusBarIconController com.android.systemui                 D  ignoring old pipeline callbacks, because the new mobile icons are enabled
2025-08-28 09:02:04.415   811-2309  [BT]                    and...luetooth@1.1-service-mediatek  D  mtk_bt_op: BT_VND_OP_LPM_WAKE_SET_STATE
2025-08-28 09:02:04.970  1383-1419  UsageStatsService       system_server                        I  User[0] Flushing usage stats to disk
2025-08-28 09:02:05.332  1383-8818  SemWifiUsa...atsMonitor system_server                        D  onWifiUsabilityStats - seqNum 25323, isSameBssidAndFreq true
2025-08-28 09:02:05.765   557-557   io_stats                iod                                  D  !@ 179,0 r 38307478 650372218 w 8964450 100525292 d 947655 80845720 f 0 0 iot 11694276 0 th 0 0 0 pt 0 inp 0 0 232854.952
2025-08-28 09:02:06.082 14285-14285 BoundBrokerSvc          com.google.android.gms               D  onUnbind: Intent { act=com.google.android.gms.inappreach.service.START dat=chimera-action:/... cmp=com.google.android.gms/.chimera.GmsApiService }
2025-08-28 09:02:06.335  1828-1828  StatusBarIconController com.android.systemui                 D  ignoring old pipeline callbacks, because the new mobile icons are enabled
2025-08-28 09:02:08.346  1383-8818  SemWifiUsa...atsMonitor system_server                        D  onWifiUsabilityStats - seqNum 25324, isSameBssidAndFreq true
2025-08-28 09:02:08.580  1205-1205  connsyslogger           connsyslogger                        D  Open FIFO for close
2025-08-28 09:02:08.895  1828-1828  StatusBarIconController com.android.systemui                 D  ignoring old pipeline callbacks, because the new mobile icons are enabled
2025-08-28 09:02:09.049 14271-27521 NearbyMediums           com.google.android.gms.persistent    I  No BLE Fast/GATT advertisements found in the latest cycle.
2025-08-28 09:02:09.646 16462-16560 CpEventLog(u0)          android.process.acore                V  cp_state: [                 contacts = {contacts=7752, raw_contacts=12740, data=42948, account={secphone(1)=7525, google(2)=115, sim(3)=214, sim2(4)=222, agg(5)=0, com.google.android.gm.legacyimap(6)=0, com.google.android.gm.legacyimap(7)=0, com.google.android.gm.legacyimap(8)=0, com.google.android.gm.legacyimap(9)=0, com.google.android.gm.legacyimap(10)=0, google(11)=59, google(12)=0, google(13)=2, google(14)=0, samsung(15)=1, mobileservice(16)=0, duo(22)=35, duo(33)=635, com.google.android.gm.legacyimap(35)=0, com.microsoft.skydrive(42)=0, google(44)=0, google(45)=0, com.whatsapp.w4b(46)=3931, google(52)=0, com.google.android.gm.legacyimap(72)=0, google(74)=0, com.odoo.mobile.auth(76)=0, com.odoo.mobile.auth(77)=0, PHONE(78)=1}, trash=0, trash_acc={}, trash_sync=0, database=contacts2.db} ]
                                                                                                    cp_state: [               aggregated = {[1,1,22,46,4]=1, [1,1,4]=1, [1,1]=3, [1,2,46]=1, [1,22,46,46]=1, [1,22,46]=12, [1,22]=18, [1,33,46]=44, [1,33,4]=1, [1,33]=55, [1,3]=2, [1,4,33]=1, [1,4,46]=9, [1,46,1,4]=1, [1,46,33,4]=4, [1,46,33]=464, [1,46,4,33]=5, [1,46,4,46]=1, [1,46,46,33,4]=1, [1,46,46,33]=8, [1,46,46,46]=1, [1,46,46,4]=1, [1,46,46]=66, [1,46,4]=56, [1,46]=2912, [1,4]=130, [11,1,33]=1, [11,1,46,33]=1, [11,1,46]=35, [11,1,4]=1, [11,1]=21, [13,1]=1, [13]=1, [15,1]=1, [1]=3555, [2,1,22,46]=2, [2,1,33,46]=2, [2,1,33]=1, [2,1,46,33,4]=2, [2,1,46,33]=5, [2,1,46,46]=1, [2,1,46,4]=5, [2,1,46]=42, [2,1,4]=2, [2,1]=38, [2,22,1]=1, [2,46,33]=2, [2,46]=5, [2]=6, [3,33]=4, [3,46,33]=27, [3,46]=102, [3]=58, [46,1,33]=1, [46,1]=2, [46,3,33]=3, [46,33,3]=1, [46,33]=2, [46,3]=17, [46]=4, [78,46]=1} ]
                                                                                                    cp_state: [                  request = {} ]
                                                                                                    cp_state: [                    calls = {types={[100]=300, [300]=97, [1000]=1700}, database=calllog.db} ]
                                                                                                    cp_state: [                  profile = {contacts=0, raw_contacts=0, data=0, account={secphone(1)=0, google(2)=0, sim(3)=0, sim2(4)=0, agg(5)=0, com.google.android.gm.legacyimap(6)=0, com.google.android.gm.legacyimap(7)=0, com.google.android.gm.legacyimap(8)=0, com.google.android.gm.legacyimap(9)=0, com.google.android.gm.legacyimap(10)=0, google(11)=0, google(12)=0, google(13)=0, google(14)=0, samsung(15)=0, mobileservice(16)=0, duo(22)=0, duo(33)=0, com.google.android.gm.legacyimap(35)=0, com.microsoft.skydrive(42)=0, google(44)=0, google(45)=0, com.whatsapp.w4b(46)=0, google(52)=0, com.google.android.gm.legacyimap(69)=0, google(71)=0, com.odoo.mobile.auth(72)=0, com.odoo.mobile.auth(73)=0}, trash=0, trash_acc={}, trash_sync=0, database=profile.db} ]
                                                                                                    cp_state: [               sa_profile = {contacts=1, raw_contacts=1, data=1, account={secphone(1)=1, google(2)=0, sim(3)=0, sim2(4)=0, agg(5)=0, com.google.android.gm.legacyimap(6)=0, com.google.android.gm.legacyimap(7)=0, com.google.android.gm.legacyimap(8)=0, com.google.android.gm.legacyimap(9)=0, com.google.android.gm.legacyimap(10)=0, google(11)=0, google(12)=0, google(13)=0, google(14)=0, samsung(15)=0, mobileservice(16)=0, duo(22)=0, duo(33)=0, com.google.android.gm.legacyimap(35)=0, com.microsoft.skydrive(42)=0, google(44)=0, google(45)=0, com.whatsapp.w4b(46)=0, google(52)=0, com.google.android.gm.legacyimap(69)=0, google(71)=0, com.odoo.mobile.auth(72)=0, com.odoo.mobile.auth(73)=0}, trash=0, trash_acc={}, trash_sync=0, database=profile_sa.db} ]
                                                                                                    cp_state: [                      etc = {binders=0, country_iso=AE, version=15.0.65, db_version=1708, csc=/} ]
                                                                                                    cp_state: ------------------------------------------------------------------------------
2025-08-28 09:02:10.175  1828-1828  StatusBarIconController com.android.systemui                 D  ignoring old pipeline callbacks, because the new mobile icons are enabled
2025-08-28 09:02:11.356  1383-8818  SemWifiUsa...atsMonitor system_server                        D  onWifiUsabilityStats - seqNum 25325, isSameBssidAndFreq true
2025-08-28 09:02:11.458  1828-1828  StatusBarIconController com.android.systemui                 D  ignoring old pipeline callbacks, because the new mobile icons are enabled
2025-08-28 09:02:12.094  1383-1402  system_server           system_server                        I  Background concurrent copying GC freed 20MB AllocSpace bytes, 161(3804KB) LOS objects, 18% free, 105MB/129MB, paused 487us,536us total 736.980ms
2025-08-28 09:02:12.134  1383-1404  System                  system_server                        W  A resource failed to call close. 
2025-08-28 09:02:12.135  1383-1404  System                  system_server                        W  A resource failed to call close. 
2025-08-28 09:02:12.240  3845-3845  SDHMS:LOAD              com.sec.android.sdhms                I  type: LoadsFreqs, value: 0:0:0:897440:1443000:850000:574499:1800000:500000:0:0:0
2025-08-28 09:02:13.188 32743-32743 wpa_supplicant          wpa_supplicant                       I  Heartbeat 2165
2025-08-28 09:02:13.581  1205-1205  connsyslogger           connsyslogger                        D  Open FIFO for close
2025-08-28 09:02:13.769   557-557   io_stats                iod                                  D  !@ 179,96 r 134571 6267680 w 3380 770061 d 0 0 f 0 0 iot 308504 0 th 0 0 0 pt 0 inp 0 0 232862.955
2025-08-28 09:02:13.928  1383-1964  KernelCpuU...TimeReader system_server                        E  Negative delta from freq time for uid: 90001, delta: -99396
2025-08-28 09:02:13.929  1383-1964  KernelCpuU...TimeReader system_server                        E  Negative delta from freq time for uid: 90002, delta: -3805
2025-08-28 09:02:13.929  1383-1964  KernelCpuU...TimeReader system_server                        E  Negative delta from freq time for uid: 90003, delta: -45899
2025-08-28 09:02:13.929  1383-1964  KernelCpuU...TimeReader system_server                        E  Negative delta from freq time for uid: 90004, delta: -6886
2025-08-28 09:02:13.929  1383-1964  KernelCpuU...TimeReader system_server                        E  Negative delta from freq time for uid: 90005, delta: -4409
2025-08-28 09:02:13.929  1383-1964  KernelCpuU...TimeReader system_server                        E  Negative delta from freq time for uid: 90006, delta: -286255
2025-08-28 09:02:13.929  1383-1964  KernelCpuU...TimeReader system_server                        E  Negative delta from freq time for uid: 90007, delta: -25800
2025-08-28 09:02:13.929  1383-1964  KernelCpuU...TimeReader system_server                        E  Negative delta from freq time for uid: 90008, delta: -2873
2025-08-28 09:02:13.929  1383-1964  KernelCpuU...TimeReader system_server                        E  Negative delta from freq time for uid: 90009, delta: -13623
2025-08-28 09:02:13.929  1383-1964  KernelCpuU...TimeReader system_server                        E  Negative delta from freq time for uid: 90010, delta: -6106
2025-08-28 09:02:13.929  1383-1964  KernelCpuU...TimeReader system_server                        E  Negative delta from freq time for uid: 90011, delta: -46474
2025-08-28 09:02:13.929  1383-1964  KernelCpuU...TimeReader system_server                        E  Negative delta from freq time for uid: 90013, delta: -33243
2025-08-28 09:02:13.929  1383-1964  KernelCpuU...TimeReader system_server                        E  Negative delta from freq time for uid: 90015, delta: -6450
2025-08-28 09:02:13.929  1383-1964  KernelCpuU...TimeReader system_server                        E  Negative delta from freq time for uid: 90016, delta: -27
2025-08-28 09:02:13.929  1383-1964  KernelCpuU...TimeReader system_server                        E  Negative delta from freq time for uid: 90018, delta: -54
2025-08-28 09:02:13.929  1383-1964  KernelCpuU...TimeReader system_server                        E  Negative delta from freq time for uid: 90019, delta: -2957
2025-08-28 09:02:13.930  1383-1964  KernelCpuU...TimeReader system_server                        E  Negative delta from freq time for uid: 90020, delta: -175
2025-08-28 09:02:13.930  1383-1964  KernelCpuU...TimeReader system_server                        E  Negative delta from freq time for uid: 90022, delta: -141
2025-08-28 09:02:13.930  1383-1964  KernelCpuU...TimeReader system_server                        E  Negative delta from freq time for uid: 90023, delta: -29
2025-08-28 09:02:13.930  1383-1964  KernelCpuU...TimeReader system_server                        E  Negative delta from freq time for uid: 90024, delta: -156
2025-08-28 09:02:13.930  1383-1964  KernelCpuU...TimeReader system_server                        E  Negative delta from freq time for uid: 90027, delta: -14026
2025-08-28 09:02:13.930  1383-1964  KernelCpuU...TimeReader system_server                        E  Negative delta from freq time for uid: 90028, delta: -7163
2025-08-28 09:02:13.930  1383-1964  KernelCpuU...TimeReader system_server                        E  Negative delta from freq time for uid: 90029, delta: -1359
2025-08-28 09:02:13.930  1383-1964  KernelCpuU...TimeReader system_server                        E  Negative delta from freq time for uid: 90030, delta: -45118
2025-08-28 09:02:13.930  1383-1964  KernelCpuU...TimeReader system_server                        E  Negative delta from freq time for uid: 90031, delta: -37
2025-08-28 09:02:13.930  1383-1964  KernelCpuU...TimeReader system_server                        E  Negative delta from freq time for uid: 90032, delta: -662
2025-08-28 09:02:13.930  1383-1964  KernelCpuU...TimeReader system_server                        E  Negative delta from freq time for uid: 90034, delta: -142
2025-08-28 09:02:13.930  1383-1964  KernelCpuU...TimeReader system_server                        E  Negative delta from freq time for uid: 90036, delta: -22714
2025-08-28 09:02:13.930  1383-1964  KernelCpuU...TimeReader system_server                        E  Negative delta from freq time for uid: 90037, delta: -20
2025-08-28 09:02:13.930  1383-1964  KernelCpuU...TimeReader system_server                        E  Negative delta from freq time for uid: 90039, delta: -85
2025-08-28 09:02:13.931  1383-1964  Customized...tsInternal system_server                        D  reportCpuUsage() : 0%
2025-08-28 09:02:13.931  1383-1419  BinderCallsStats        system_server                        I  Collected cpu time : 0us, collected call count : 1251 for 60478073 ms
2025-08-28 09:02:14.368  1383-8818  SemWifiUsa...atsMonitor system_server                        D  onWifiUsabilityStats - seqNum 25326, isSameBssidAndFreq true
2025-08-28 09:02:15.695   817-846   BatteryDump             and...re.health@2.1-service-samsung  E  !@new_battery_dump : 4131,-171,3000,2300,87,304,326,300,0,0,321,0,0,Discharging,NO_CHARGING,None,Good,NONE,0,Normal,0,0,13800,0x10000000,0x10000,0x0,0,0,0000,0000,00000000,0,0,0,0,531,4124,8700,990,0,
2025-08-28 09:02:15.700   817-817   android.ha...ce-samsung and...re.health@2.1-service-samsung  I  updateLrpSysfs: write: 319
2025-08-28 09:02:15.770   557-557   io_stats                iod                                  D  !@ 179,0 r 38307499 650372446 w 8964458 100525336 d 947655 80845720 f 0 0 iot 11694276 0 th 0 0 0 pt 0 inp 0 0 232864.957
2025-08-28 09:02:17.381  1383-8818  SemWifiUsa...atsMonitor system_server                        D  onWifiUsabilityStats - seqNum 25327, isSameBssidAndFreq true
2025-08-28 09:02:17.701   897-906   ccci_mdinit             ccci_mdinit                          D  (1):monitor_time_update_thread round:21660 ########
2025-08-28 09:02:17.855  1828-1828  StatusBarIconController com.android.systemui                 D  ignoring old pipeline callbacks, because the new mobile icons are enabled
2025-08-28 09:02:18.582  1205-1205  connsyslogger           connsyslogger                        D  Open FIFO for close
2025-08-28 09:02:19.064  1766-1785  WifiHAL                 and...ardware.wifi@1.0-service-lazy  D  event received NL80211_CMD_VENDOR, vendor_id = 0xce7, subcmd = 0xa
2025-08-28 09:02:19.133  1828-1828  StatusBarIconController com.android.systemui                 D  ignoring old pipeline callbacks, because the new mobile icons are enabled
2025-08-28 09:02:20.084  1766-1785  WifiHAL                 and...ardware.wifi@1.0-service-lazy  D  event received NL80211_CMD_VENDOR, vendor_id = 0xce7, subcmd = 0xa
2025-08-28 09:02:20.390  1383-8818  SemWifiUsa...atsMonitor system_server                        D  onWifiUsabilityStats - seqNum 25328, isSameBssidAndFreq true
2025-08-28 09:02:21.694  1828-1828  StatusBarIconController com.android.systemui                 D  ignoring old pipeline callbacks, because the new mobile icons are enabled
2025-08-28 09:02:22.286  1828-1828  StatusBarIconController com.android.systemui                 D  ignoring old pipeline callbacks, because the new mobile icons are enabled
2025-08-28 09:02:22.352  3845-3845  SDHMS:LOAD              com.sec.android.sdhms                I  type: LoadsFreqs, value: 0:0:0:850000:850000:850000:544999:1625000:500000:0:0:0
2025-08-28 09:02:22.469  1383-1665  UsbStatsMonitor         system_server                        D  0 0 6 5 4 0 0 0 0 0 0 144 0 0 0 0 0 0 0 0 0 0 0 0 0 0 0 0 0 0 0 0 0 0 0 0 0 0 565 0 0 0 0 70 0 0 0 3 0 0 0 0 0 0 0
2025-08-28 09:02:22.975  1828-1828  StatusBarIconController com.android.systemui                 D  ignoring old pipeline callbacks, because the new mobile icons are enabled
2025-08-28 09:02:23.191 32743-32743 wpa_supplicant          wpa_supplicant                       I  Heartbeat 2166
2025-08-28 09:02:23.404  1383-8818  SemWifiUsa...atsMonitor system_server                        D  onWifiUsabilityStats - seqNum 25329, isSameBssidAndFreq true
2025-08-28 09:02:23.582  1205-1205  connsyslogger           connsyslogger                        D  Open FIFO for close
2025-08-28 09:02:23.774   557-557   io_stats                iod                                  D  !@ 179,96 r 134571 6267680 w 3380 770061 d 0 0 f 0 0 iot 308504 0 th 0 0 0 pt 0 inp 0 0 232872.961
2025-08-28 09:02:24.054 14271-27521 NearbyMediums           com.google.android.gms.persistent    I  No BLE Fast/GATT advertisements found in the latest cycle.
2025-08-28 09:02:24.255  1828-1828  StatusBarIconController com.android.systemui                 D  ignoring old pipeline callbacks, because the new mobile icons are enabled
2025-08-28 09:02:24.286  1383-1757  NetdEventL...nerService system_server                        D  DNS Requested by 208, 10331, 4, true, 0
2025-08-28 09:02:25.775   557-557   io_stats                iod                                  D  !@ 179,0 r 38307511 650372554 w 8964470 100525388 d 947655 80845720 f 0 0 iot 11694276 0 th 0 0 0 pt 0 inp 0 0 232874.962
2025-08-28 09:02:25.800  1383-1564  InputReader             system_server                        D  Btn_touch(6): value=1 when=232874.986610
2025-08-28 09:02:25.800  1383-1564  InputReader             system_server                        I  Touch event's action is 0x0 (id=3, t=0) [pCnt=1, s=0.17645 ] when=232874.986610
2025-08-28 09:02:25.802  1383-1563  InputDispatcher         system_server                        I  Delivering touch to (1828): action: 0x0, f=0x0, d=0, '66be285', t=1 +(0,-2273)
2025-08-28 09:02:25.802  1383-1563  PowerManagerService     system_server                        D  [api] userActivityFromNative : touch displayId=0 eventTime=232874986
2025-08-28 09:02:25.803  1383-1411  GestureDetector         system_server                        I  obtain mCurrentDownEvent. id: 727431735 caller: com.android.server.wm.SystemGesturesPointerEventListener.onPointerEvent:204 com.android.server.wm.PointerEventDispatcher.onInputEvent:53 android.view.InputEventReceiver.dispatchInputEvent:337 
2025-08-28 09:02:25.803  1828-1828  ViewRootIm...ationBar0] com.android.systemui                 I  ViewPostIme pointer 0
2025-08-28 09:02:25.803  1383-1563  PowerManagerService     system_server                        D  UserActivityStateListenerState: 1
2025-08-28 09:02:25.803  1383-1411  GestureDetector         system_server                        I  obtain mCurrentDownEvent. id: 727431735 caller: com.android.server.wm.SystemPerformancePointerEventListener.onPointerEvent:89 com.android.server.wm.PointerEventDispatcher.onInputEvent:53 android.view.InputEventReceiver.dispatchInputEvent:337 
2025-08-28 09:02:25.808  1383-1411  GestureDetector         system_server                        I  obtain mCurrentMotionEventRaw. action: 2 id: 936682890
2025-08-28 09:02:25.808  1383-1411  GestureDetector         system_server                        I  obtain mCurrentMotionEventRaw. action: 2 id: 936682890
2025-08-28 09:02:25.822  1828-1961  gralloc4                com.android.systemui                 I  @set_metadata: update dataspace from GM (0x00000000 -> 0x08010000)
2025-08-28 09:02:25.833   894-894   SurfaceFlinger          surfaceflinger                       I  SFWD update time=232875020805957
2025-08-28 09:02:25.834   894-894   BufferQueueProducer     surfaceflinger                       I  [NavigationBar0$_1828#81](this:0xe72410b8,id:-1,api:0,p:-1,c:894) queueBuffer: fps=0.01 dur=327154.28 max=327137.23 min=17.04
2025-08-28 09:02:25.835   816-816   hwcomposer              and...graphics.composer@2.1-service  I  [HWCDisplay] [Display_0 (type:1)] fps:0.038866,dur:25729.52,max:25729.52,min:25729.52  
2025-08-28 09:02:25.876  1383-1564  InputReader             system_server                        I  Touch event's action (MT) is 0x105 (id=3, t=0) [pCnt=2, s=0.17645 1.17646 ] when=232875.061835
2025-08-28 09:02:25.877  1383-1563  InputDispatcher         system_server                        I  Delivering touch to (26933): action: 0x0, f=0x0, d=0, '4009a94', t=1 
2025-08-28 09:02:25.877 26933-26933 ViewRootIm...nActivity] com.example.ordersgeneratorapp       I  ViewPostIme pointer 0
2025-08-28 09:02:25.934  3845-4251  SDHMS:C                 com.sec.android.sdhms                I  SIOP:: AP:301 BAT:304 USB:0 CHG:298 PA:305 BLK:0 SUBBAT:0 SKIN:318 SKINF:307 SKINB:318 LRP:302 LRP2:318 LRF:296 LRB:302 LRF2:307 LRB2:318 AP2:316 CHG2:302 WIFI2:318 SPK2:302 VAP:311 
2025-08-28 09:02:25.937  1383-1383  SemWifiP2pGoPowerSave   system_server                        D  GopsReceiver : received : com.samsung.intent.action.CHECK_SIOP_LEVEL
2025-08-28 09:02:25.937  1383-1383  SemWifiP2pGoPowerSave   system_server                        I  siop_level = -3
2025-08-28 09:02:25.938 22186-22223 SystemBroadcastReceiver com.samsung.cmh                      I  [#CMH#] onReceive completed :  0
2025-08-28 09:02:25.938 22186-22186 PolicyManager           com.samsung.cmh                      I  [#CMH#] onReceive action = EVENT_SIOP
2025-08-28 09:02:25.940 21544-21772 [SC]CtbDeviceRepository com.samsung.android.scloud           I  updateSiopLevel. siopLevel: -3
2025-08-28 09:02:25.941  1383-1564  InputReader             system_server                        I  Touch event's action (MT) is 0x106 (id=3, t=0) [pCnt=2, s=0.17645 ] when=232875.128516
2025-08-28 09:02:25.942  1383-1563  InputDispatcher         system_server                        I  Delivering touch to (26933): action: 0x1, f=0x0, d=0, '4009a94', t=1 
2025-08-28 09:02:25.945 26933-26933 ViewRootIm...nActivity] com.example.ordersgeneratorapp       I  ViewPostIme pointer 1
2025-08-28 09:02:25.950  1383-1563  InputDispatcher         system_server                        D  Touch is slipping out of window 66be285 NavigationBar0 into window 4009a94 com.example.ordersgeneratorapp/com.example.ordersgeneratorapp.MainActivity in display 0
2025-08-28 09:02:25.950  1383-1563  InputDispatcher         system_server                        I  Delivering touch to (1828): action: 0x3, f=0x20, d=0, '66be285', t=1 +(0,-2273)
2025-08-28 09:02:25.950  1383-1563  InputDispatcher         system_server                        I  Delivering touch to (26933): action: 0x0, f=0x0, d=0, '4009a94', t=1 
2025-08-28 09:02:25.955 26933-26933 ViewRootIm...nActivity] com.example.ordersgeneratorapp       I  ViewPostIme pointer 0
2025-08-28 09:02:25.974 26933-26956 gralloc4                com.example.ordersgeneratorapp       I  @set_metadata: update dataspace from GM (0x00000000 -> 0x08010000)
2025-08-28 09:02:25.977   894-894   BufferQueueProducer     surfaceflinger                       I  [com.example.ordersgeneratorapp/com.example.ordersgeneratorapp.MainActivity$_26933#33130](this:0xe61970b8,id:-1,api:0,p:-1,c:894) queueBuffer: fps=0.02 dur=155627.09 max=155593.56 min=16.61
2025-08-28 09:02:26.009 26933-26956 gralloc4                com.example.ordersgeneratorapp       I  @set_metadata: update dataspace from GM (0x00000000 -> 0x08010000)
2025-08-28 09:02:26.058 26933-26956 gralloc4                com.example.ordersgeneratorapp       I  @set_metadata: update dataspace from GM (0x00000000 -> 0x08010000)
2025-08-28 09:02:26.106 26933-26956 gralloc4                com.example.ordersgeneratorapp       I  @set_metadata: update dataspace from GM (0x00000000 -> 0x08010000)
2025-08-28 09:02:26.119  1828-1828  StatusBarIconController com.android.systemui                 D  ignoring old pipeline callbacks, because the new mobile icons are enabled
2025-08-28 09:02:26.123 26933-26956 gralloc4                com.example.ordersgeneratorapp       I  @set_metadata: update dataspace from GM (0x00000000 -> 0x08010000)
2025-08-28 09:02:26.139 26933-26956 gralloc4                com.example.ordersgeneratorapp       I  @set_metadata: update dataspace from GM (0x00000000 -> 0x08010000)
2025-08-28 09:02:26.156 26933-26956 gralloc4                com.example.ordersgeneratorapp       I  @set_metadata: update dataspace from GM (0x00000000 -> 0x08010000)
2025-08-28 09:02:26.172 26933-26956 gralloc4                com.example.ordersgeneratorapp       I  @set_metadata: update dataspace from GM (0x00000000 -> 0x08010000)
2025-08-28 09:02:26.189 26933-26956 gralloc4                com.example.ordersgeneratorapp       I  @set_metadata: update dataspace from GM (0x00000000 -> 0x08010000)
2025-08-28 09:02:26.223 26933-26956 gralloc4                com.example.ordersgeneratorapp       I  @set_metadata: update dataspace from GM (0x00000000 -> 0x08010000)
2025-08-28 09:02:26.240 26933-26956 gralloc4                com.example.ordersgeneratorapp       I  @set_metadata: update dataspace from GM (0x00000000 -> 0x08010000)
2025-08-28 09:02:26.255 26933-26956 gralloc4                com.example.ordersgeneratorapp       I  @set_metadata: update dataspace from GM (0x00000000 -> 0x08010000)
2025-08-28 09:02:26.271 26933-26956 gralloc4                com.example.ordersgeneratorapp       I  @set_metadata: update dataspace from GM (0x00000000 -> 0x08010000)
2025-08-28 09:02:26.288 26933-26956 gralloc4                com.example.ordersgeneratorapp       I  @set_metadata: update dataspace from GM (0x00000000 -> 0x08010000)
2025-08-28 09:02:26.305 26933-26956 gralloc4                com.example.ordersgeneratorapp       I  @set_metadata: update dataspace from GM (0x00000000 -> 0x08010000)
2025-08-28 09:02:26.322 26933-26956 gralloc4                com.example.ordersgeneratorapp       I  @set_metadata: update dataspace from GM (0x00000000 -> 0x08010000)
2025-08-28 09:02:26.340 26933-26956 gralloc4                com.example.ordersgeneratorapp       I  @set_metadata: update dataspace from GM (0x00000000 -> 0x08010000)
2025-08-28 09:02:26.355 26933-26956 gralloc4                com.example.ordersgeneratorapp       I  @set_metadata: update dataspace from GM (0x00000000 -> 0x08010000)
2025-08-28 09:02:26.388 26933-26956 gralloc4                com.example.ordersgeneratorapp       I  @set_metadata: update dataspace from GM (0x00000000 -> 0x08010000)
2025-08-28 09:02:26.406 26933-26956 gralloc4                com.example.ordersgeneratorapp       I  @set_metadata: update dataspace from GM (0x00000000 -> 0x08010000)
2025-08-28 09:02:26.409  1383-8818  SemWifiUsa...atsMonitor system_server                        D  onWifiUsabilityStats - seqNum 25330, isSameBssidAndFreq true
2025-08-28 09:02:26.422 26933-26956 gralloc4                com.example.ordersgeneratorapp       I  @set_metadata: update dataspace from GM (0x00000000 -> 0x08010000)
2025-08-28 09:02:26.439 26933-26956 gralloc4                com.example.ordersgeneratorapp       I  @set_metadata: update dataspace from GM (0x00000000 -> 0x08010000)
2025-08-28 09:02:26.455 26933-26956 gralloc4                com.example.ordersgeneratorapp       I  @set_metadata: update dataspace from GM (0x00000000 -> 0x08010000)
2025-08-28 09:02:26.472 26933-26956 gralloc4                com.example.ordersgeneratorapp       I  @set_metadata: update dataspace from GM (0x00000000 -> 0x08010000)
2025-08-28 09:02:26.490 26933-26956 gralloc4                com.example.ordersgeneratorapp       I  @set_metadata: update dataspace from GM (0x00000000 -> 0x08010000)
2025-08-28 09:02:26.506 26933-26956 gralloc4                com.example.ordersgeneratorapp       I  @set_metadata: update dataspace from GM (0x00000000 -> 0x08010000)
2025-08-28 09:02:26.524 26933-26956 gralloc4                com.example.ordersgeneratorapp       I  @set_metadata: update dataspace from GM (0x00000000 -> 0x08010000)
2025-08-28 09:02:26.539 26933-26956 gralloc4                com.example.ordersgeneratorapp       I  @set_metadata: update dataspace from GM (0x00000000 -> 0x08010000)
2025-08-28 09:02:26.590 26933-26956 gralloc4                com.example.ordersgeneratorapp       I  @set_metadata: update dataspace from GM (0x00000000 -> 0x08010000)
2025-08-28 09:02:26.606 26933-26956 gralloc4                com.example.ordersgeneratorapp       I  @set_metadata: update dataspace from GM (0x00000000 -> 0x08010000)
2025-08-28 09:02:26.623 26933-26956 gralloc4                com.example.ordersgeneratorapp       I  @set_metadata: update dataspace from GM (0x00000000 -> 0x08010000)
2025-08-28 09:02:26.656 26933-26956 gralloc4                com.example.ordersgeneratorapp       I  @set_metadata: update dataspace from GM (0x00000000 -> 0x08010000)
2025-08-28 09:02:26.679 26933-26956 gralloc4                com.example.ordersgeneratorapp       I  @set_metadata: update dataspace from GM (0x00000000 -> 0x08010000)
2025-08-28 09:02:26.694 26933-26956 gralloc4                com.example.ordersgeneratorapp       I  @set_metadata: update dataspace from GM (0x00000000 -> 0x08010000)
2025-08-28 09:02:26.707 26933-26956 gralloc4                com.example.ordersgeneratorapp       I  @set_metadata: update dataspace from GM (0x00000000 -> 0x08010000)
2025-08-28 09:02:26.722 26933-26956 gralloc4                com.example.ordersgeneratorapp       I  @set_metadata: update dataspace from GM (0x00000000 -> 0x08010000)
2025-08-28 09:02:26.740 26933-26956 gralloc4                com.example.ordersgeneratorapp       I  @set_metadata: update dataspace from GM (0x00000000 -> 0x08010000)
2025-08-28 09:02:26.755 26933-26956 gralloc4                com.example.ordersgeneratorapp       I  @set_metadata: update dataspace from GM (0x00000000 -> 0x08010000)
2025-08-28 09:02:26.773 26933-26956 gralloc4                com.example.ordersgeneratorapp       I  @set_metadata: update dataspace from GM (0x00000000 -> 0x08010000)
2025-08-28 09:02:26.807  1828-1828  StatusBarIconController com.android.systemui                 D  ignoring old pipeline callbacks, because the new mobile icons are enabled
2025-08-28 09:02:26.823 26933-26956 gralloc4                com.example.ordersgeneratorapp       I  @set_metadata: update dataspace from GM (0x00000000 -> 0x08010000)
2025-08-28 09:02:26.840 26933-26956 gralloc4                com.example.ordersgeneratorapp       I  @set_metadata: update dataspace from GM (0x00000000 -> 0x08010000)
2025-08-28 09:02:26.848   816-816   hwcomposer              and...graphics.composer@2.1-service  I  [HWCDisplay] [Display_0 (type:1)] fps:40.473358,dur:1013.01,max:143.96,min:16.42  
2025-08-28 09:02:26.857 26933-26956 gralloc4                com.example.ordersgeneratorapp       I  @set_metadata: update dataspace from GM (0x00000000 -> 0x08010000)
2025-08-28 09:02:26.873 26933-26956 gralloc4                com.example.ordersgeneratorapp       I  @set_metadata: update dataspace from GM (0x00000000 -> 0x08010000)
2025-08-28 09:02:26.904  1383-1563  PowerManagerService     system_server                        D  [api] userActivityFromNative : touch displayId=0 eventTime=232876090
2025-08-28 09:02:26.908 26933-26956 gralloc4                com.example.ordersgeneratorapp       I  @set_metadata: update dataspace from GM (0x00000000 -> 0x08010000)
2025-08-28 09:02:26.925 26933-26956 gralloc4                com.example.ordersgeneratorapp       I  @set_metadata: update dataspace from GM (0x00000000 -> 0x08010000)
2025-08-28 09:02:26.941 26933-26956 gralloc4                com.example.ordersgeneratorapp       I  @set_metadata: update dataspace from GM (0x00000000 -> 0x08010000)
2025-08-28 09:02:26.958 26933-26956 gralloc4                com.example.ordersgeneratorapp       I  @set_metadata: update dataspace from GM (0x00000000 -> 0x08010000)
2025-08-28 09:02:26.970  1383-1564  InputReader             system_server                        D  Btn_touch(6): value=0 when=232876.156851
2025-08-28 09:02:26.970  1383-1564  InputReader             system_server                        I  Touch event's action is 0x1 (id=3, t=0) [pCnt=1, s=] when=232876.156851
2025-08-28 09:02:26.970  1383-1563  InputDispatcher         system_server                        I  Delivering touch to (26933): action: 0x1, f=0x0, d=0, '4009a94', t=1 
2025-08-28 09:02:26.971  1383-1383  SemDvfsHyPerManager     system_server                        I  acquire hyper - SMOOTH_SCROLL/1383@22, type = -999
2025-08-28 09:02:26.971   826-856   HYPER-HAL               ven...amsung.hardware.hyper-service  I  [RequestManager.cpp]acquire(): Acquired ID : 987737  [1383 / 22]    HINT : SMOOTH_SCROLL    list : 
2025-08-28 09:02:26.972  1383-1383  SemDvfsHyPerManager     system_server                        I  acquire hyper - GESTURE_DETECTED/1383@28, type = -999
2025-08-28 09:02:26.972  1383-1383  SemDvfsHyPerManager     system_server                        I  acquire hyper - GESTURE_DETECTED/1383@28, type = -999
2025-08-28 09:02:26.972   826-856   HYPER-HAL               ven...amsung.hardware.hyper-service  I  [RequestManager.cpp]releaseLocked(): Released ID : 987737
2025-08-28 09:02:26.972   826-856   HYPER-HAL               ven...amsung.hardware.hyper-service  I  [RequestManager.cpp]acquire(): Acquired ID : 996194  [1383 / 28]    HINT : GESTURE_DETECTED    list : [TIMEOUT / 977] 
2025-08-28 09:02:26.973   826-856   HYPER-HAL               ven...amsung.hardware.hyper-service  I  [RequestManager.cpp]acquire(): Acquired ID : 996194  [1383 / 28]    HINT : GESTURE_DETECTED    list : [TIMEOUT / 977] 
2025-08-28 09:02:26.975 26933-26933 ViewRootIm...nActivity] com.example.ordersgeneratorapp       I  ViewPostIme pointer 1
2025-08-28 09:02:26.976 26933-26956 gralloc4                com.example.ordersgeneratorapp       I  @set_metadata: update dataspace from GM (0x00000000 -> 0x08010000)
2025-08-28 09:02:26.981   894-894   BufferQueueProducer     surfaceflinger                       I  [com.example.ordersgeneratorapp/com.example.ordersgeneratorapp.MainActivity$_26933#33130](this:0xe61970b8,id:-1,api:0,p:-1,c:894) queueBuffer: fps=46.83 dur=1003.62 max=50.59 min=16.57
2025-08-28 09:02:26.992 26933-26956 gralloc4                com.example.ordersgeneratorapp       I  @set_metadata: update dataspace from GM (0x00000000 -> 0x08010000)
2025-08-28 09:02:27.005 26933-26956 gralloc4                com.example.ordersgeneratorapp       I  @set_metadata: update dataspace from GM (0x00000000 -> 0x08010000)
2025-08-28 09:02:27.022 26933-26956 gralloc4                com.example.ordersgeneratorapp       I  @set_metadata: update dataspace from GM (0x00000000 -> 0x08010000)
2025-08-28 09:02:27.039 26933-26956 gralloc4                com.example.ordersgeneratorapp       I  @set_metadata: update dataspace from GM (0x00000000 -> 0x08010000)
2025-08-28 09:02:27.056 26933-26956 gralloc4                com.example.ordersgeneratorapp       I  @set_metadata: update dataspace from GM (0x00000000 -> 0x08010000)
2025-08-28 09:02:27.074 26933-26956 gralloc4                com.example.ordersgeneratorapp       I  @set_metadata: update dataspace from GM (0x00000000 -> 0x08010000)
2025-08-28 09:02:27.091 26933-26956 gralloc4                com.example.ordersgeneratorapp       I  @set_metadata: update dataspace from GM (0x00000000 -> 0x08010000)
2025-08-28 09:02:27.107 26933-26956 gralloc4                com.example.ordersgeneratorapp       I  @set_metadata: update dataspace from GM (0x00000000 -> 0x08010000)
2025-08-28 09:02:27.125 26933-26956 gralloc4                com.example.ordersgeneratorapp       I  @set_metadata: update dataspace from GM (0x00000000 -> 0x08010000)
2025-08-28 09:02:27.141 26933-26956 gralloc4                com.example.ordersgeneratorapp       I  @set_metadata: update dataspace from GM (0x00000000 -> 0x08010000)
2025-08-28 09:02:27.158 26933-26956 gralloc4                com.example.ordersgeneratorapp       I  @set_metadata: update dataspace from GM (0x00000000 -> 0x08010000)
2025-08-28 09:02:27.175 26933-26956 gralloc4                com.example.ordersgeneratorapp       I  @set_metadata: update dataspace from GM (0x00000000 -> 0x08010000)
2025-08-28 09:02:27.192 26933-26956 gralloc4                com.example.ordersgeneratorapp       I  @set_metadata: update dataspace from GM (0x00000000 -> 0x08010000)
2025-08-28 09:02:27.203 26933-26956 gralloc4                com.example.ordersgeneratorapp       I  @set_metadata: update dataspace from GM (0x00000000 -> 0x08010000)
2025-08-28 09:02:27.258  1383-1416  Watchdog                system_server                        E  !@Sync: 7758 heap: 110 / 129 FD: 1151 [2025-08-28 09:02:27.258]
2025-08-28 09:02:27.258   820-845   SensorsHub              and....sensors@2.0-service.multihal  I  DeviceOrientation(0): event = 0, time = 388146235602600
2025-08-28 09:02:27.259  1828-1828  AppController           com.android.systemui                 D  AppControlSensorListener.onSensorChanged, Rotation: 0
2025-08-28 09:02:27.259  1383-1411  WindowOrie...onListener system_server                        D  onSensorChanged device orientation: 0
2025-08-28 09:02:27.259  1383-1411  WindowManager           system_server                        V  rotationForOrientation(orient=SCREEN_ORIENTATION_UNSPECIFIED (-1), last=ROTATION_0 (0)); user=ROTATION_0 (0) 
2025-08-28 09:02:27.259  1383-1411  WindowManager           system_server                        D  rotationForOrientation, orientationSource=ActivityRecord{8409faa u0 com.example.ordersgeneratorapp/.MainActivity t29046}
2025-08-28 09:02:27.260  1383-1411  WindowManager           system_server                        V  Computed rotation=ROTATION_0 (0) for display id=0 based on lastOrientation=SCREEN_ORIENTATION_UNSPECIFIED (-1) and oldRotation=ROTATION_0 (0), caller=com.android.server.wm.DisplayContent.updateRotationUnchecked:2674 com.android.server.wm.WindowManagerService.updateRotationUnchecked:4907 com.android.server.wm.WindowManagerService.updateRotation:4888 com.android.server.wm.DisplayRotation$OrientationListener.onProposedRotationChanged:2348 com.android.server.wm.WindowOrientationListener$OrientationSensorJudge.finalizeRotation:1398 com.android.server.wm.WindowOrientationListener$OrientationSensorJudge.onSensorChanged:1325 
2025-08-28 09:02:27.398  1828-1828  StatusBarIconController com.android.systemui                 D  ignoring old pipeline callbacks, because the new mobile icons are enabled
2025-08-28 09:02:27.473  1383-1411  WindowManager           system_server                        V  rotationForOrientation(orient=SCREEN_ORIENTATION_UNSPECIFIED (-1), last=ROTATION_0 (0)); user=ROTATION_0 (0) 
2025-08-28 09:02:27.473  1383-1411  WindowManager           system_server                        D  rotationForOrientation, orientationSource=ActivityRecord{8409faa u0 com.example.ordersgeneratorapp/.MainActivity t29046}
2025-08-28 09:02:27.474  1383-1411  WindowManager           system_server                        V  Computed rotation=ROTATION_0 (0) for display id=0 based on lastOrientation=SCREEN_ORIENTATION_UNSPECIFIED (-1) and oldRotation=ROTATION_0 (0), caller=com.android.server.wm.DisplayContent.updateRotationUnchecked:2674 com.android.server.wm.WindowManagerService.updateRotationUnchecked:4907 com.android.server.wm.WindowManagerService.updateRotation:4888 com.android.server.wm.DisplayRotation$OrientationListener.onProposedRotationChanged:2348 com.android.server.wm.WindowOrientationListener$OrientationSensorJudge$2.run:1466 android.os.Handler.handleCallback:958 
2025-08-28 09:02:27.776   557-557   io_stats                iod                                  D  !@ 179,0 r 38307518 650372670 w 8964470 100525388 d 947655 80845720 f 0 0 iot 11694280 0 th 0 0 0 pt 0 inp 0 0 232876.963
2025-08-28 09:02:27.850  1077-1297  SemNativeC...ure_vendor rild                                 D  getInstance
2025-08-28 09:02:27.851  1077-1297  SemNativeC...ure_vendor rild                                 D  getInstance
2025-08-28 09:02:27.859  1927-1999  EPDG -- SI...orkService com.sec.epdg                         I  requestNetworkRegistrationInfo for domain 2
