2025-08-05 18:30:02.873  1385-2371  ActivityTaskManager     system_server                        D  TaskLaunchParamsModifier:task=Task{216475b #27674 type=standard A=10317:com.example.ordersgeneratorapp} activity=ActivityRecord{d85566a u0 com.example.ordersgeneratorapp/.MainActivity t-1} display-from-task=0 display-id=0 task-display-area-windowing-mode=1 suggested-display-area=DefaultTaskDisplayArea_d0@226401490 inherit-from-task=fullscreen non-freeform-task-display-area display-area=DefaultTaskDisplayArea_d0@226401490 default-portrait freeform-size-mismatch=Rect(81, 569 - 999, 1773)
2025-08-05 18:30:02.873   831-874   libPowerHal             ven...hardware.mtkpower@1.0-service  I  [perfLockAcq] idx:3 hdl:11761 hint:-1 pid:826 duration:0 lock_user:vendor.samsung. => ret_hdl:11761
2025-08-05 18:30:02.873   826-861   HYPER-HAL               ven...amsung.hardware.hyper-service  I  [RequestManager.cpp]acquire(): Acquired ID : 7115892  [3758 / 14]    HINT : APP_START    list : [TIMEOUT / 1500] 
2025-08-05 18:30:02.874   831-874   libPowerHal             ven...hardware.mtkpower@1.0-service  I  [PE] vendor.samsung. update cmd:1000000, param:0
2025-08-05 18:30:02.874   831-874   libPowerHal             ven...hardware.mtkpower@1.0-service  I  [PE] vendor.samsung. update cmd:1000000 param:0
2025-08-05 18:30:02.874  1385-2371  WindowManager           system_server                        V  Collecting in transition 2222: Task{216475b #27674 type=standard A=10317:com.example.ordersgeneratorapp}, caller=com.android.server.wm.Transition.collect:759 com.android.server.wm.Transition.collectExistenceChange:942 com.android.server.wm.TransitionController.collectExistenceChange:985 com.android.server.wm.ActivityStarter.setNewTask:4727 com.android.server.wm.ActivityStarter.startActivityInner:2944 
2025-08-05 18:30:02.875  1385-2371  Compatibil...geReporter system_server                        D  Compat change id reported: 184838306; UID 10317; state: DISABLED
2025-08-05 18:30:02.875  1385-2371  Compatibil...geReporter system_server                        D  Compat change id reported: 185004937; UID 10317; state: DISABLED
2025-08-05 18:30:02.876 29139-32172 CCodecBufferChannel     com.google.android.apps.maps         D  [c2.mtk.avc.decoder#508] flushed work; ignored.
2025-08-05 18:30:02.876 29139-32172 CCodecBufferChannel     com.google.android.apps.maps         D  [c2.mtk.avc.decoder#508] Discard frames from previous generation.
2025-08-05 18:30:02.876 29139-32172 PipelineWatcher         com.google.android.apps.maps         D  onWorkDone: frameIndex not found (18446744073709551615); ignored
2025-08-05 18:30:02.876 29139-29226 gralloc4                com.google.android.apps.maps         I  @set_metadata: update dataspace from GM (0x00000000 -> 0x08010000)
2025-08-05 18:30:02.876   896-917   BufferQueueDebug        surfaceflinger                       E  [ActivityRecord{d85566a u0 com.example.ordersgeneratorapp/.MainActivity t27674}#29097](this:0xe5b810b8,id:-1,api:0,p:-1,c:-1) id info cannot be read from 'ActivityRecord{d85566a u0 com.example.ordersgeneratorapp/.MainActivity t27674}#29097'
2025-08-05 18:30:02.876   896-917   BufferQueueDebug        surfaceflinger                       I  [ActivityRecord{d85566a u0 com.example.ordersgeneratorapp/.MainActivity t27674}#29097](this:0xe5b810b8,id:-1,api:0,p:-1,c:-1) BufferQueue core=(896:/system/bin/surfaceflinger)
2025-08-05 18:30:02.876   896-917   SurfaceFlinger          surfaceflinger                       I  id=29097 createSurf, flag=84004, ActivityRecord{d85566a u0 com.example.ordersgeneratorapp/.MainActivity t27674}#29097
2025-08-05 18:30:02.876 29139-29332 gralloc4                com.google.android.apps.maps         I  @set_metadata: update dataspace from GM (0x00000000 -> 0x08010000)
2025-08-05 18:30:02.879  1385-2371  ActivityTaskManager     system_server                        D  scheduleTopResumedActivityChanged, onTop=false, r=ActivityRecord{5ebf779 u0 com.google.android.apps.maps/com.google.android.maps.MapsActivity t27672}, caller=com.android.server.wm.ActivityTaskSupervisor.updateTopResumedActivityIfNeeded:2826 com.android.server.wm.TaskDisplayArea.positionChildTaskAt:567 com.android.server.wm.TaskDisplayArea.positionChildAt:483 com.android.server.wm.Task.moveToFront:6077 com.android.server.wm.ActivityStarter.startActivityInner:2972 com.android.server.wm.ActivityStarter.startActivityUnchecked:2379 
2025-08-05 18:30:02.880  1385-2371  WindowManager           system_server                        V  Checking theme of starting window: 0x7f090008
2025-08-05 18:30:02.880  1385-2371  WindowManager           system_server                        V  Translucent=false Floating=false ShowWallpaper=false Disable=false
2025-08-05 18:30:02.881  1385-2371  Compatibil...geReporter system_server                        D  Compat change id reported: 205907456; UID 10317; state: ENABLED
2025-08-05 18:30:02.881  1385-2371  WindowManager           system_server                        V  Creating SplashScreenStartingData
2025-08-05 18:30:02.881  1385-2371  ActivityTaskManager     system_server                        D  Add starting ActivityRecord{d85566a u0 com.example.ordersgeneratorapp/.MainActivity t27674}: typeParam=139 startingData=com.android.server.wm.SplashScreenStartingData@38218d1
2025-08-05 18:30:02.883  1385-2371  WindowManager           system_server                        V  Added starting ActivityRecord{d85566a u0 com.example.ordersgeneratorapp/.MainActivity t27674}: startingWindow=null startingView=com.android.server.wm.StartingSurfaceController$StartingSurface@49a6f36
2025-08-05 18:30:02.884  1385-2371  PipTaskOrganizer        system_server                        D  entering autoPip failed, userLeaving=true resumingOccludesParent=true isAutoEnterEnabled=false
2025-08-05 18:30:02.885   896-896   BufferQueueProducer     surfaceflinger                       I  [com.google.android.apps.maps/com.google.android.maps.MapsActivity$_29139#29088](this:0xe56138b8,id:-1,api:0,p:-1,c:896) queueBuffer: fps=48.84 dur=1003.32 max=50.40 min=15.70
2025-08-05 18:30:02.891  1385-2371  WindowManager           system_server                        V  Collecting in transition 2222: ActivityRecord{d85566a u0 com.example.ordersgeneratorapp/.MainActivity t27674}, caller=com.android.server.wm.Transition.collect:759 com.android.server.wm.Transition.collectExistenceChange:942 com.android.server.wm.TransitionController.collectExistenceChange:985 com.android.server.wm.ActivityStarter.handleStartResult:2557 com.android.server.wm.ActivityStarter.startActivityUnchecked:2384 
2025-08-05 18:30:02.891  1385-2371  WindowManager           system_server                        V  Requesting StartTransition: TransitionRecord{7000c55 id=2222 type=OPEN flags=0x0}, caller=com.android.server.wm.ActivityStarter.handleStartResult:2591 com.android.server.wm.ActivityStarter.startActivityUnchecked:2384 com.android.server.wm.ActivityStarter.executeRequest:1953 com.android.server.wm.ActivityStarter.execute:1093 com.android.server.wm.ActivityTaskManagerService.startActivityAsUser:1985 
2025-08-05 18:30:02.893  1385-2371  Compatibil...geReporter system_server                        D  Compat change id reported: 194833441; UID 10317; state: ENABLED
2025-08-05 18:30:02.893  1385-2371  ActivityTaskManager     system_server                        I  START u0 {act=android.intent.action.MAIN cat=[android.intent.category.LAUNCHER] flg=0x10000000 cmp=com.example.ordersgeneratorapp/.MainActivity} with LAUNCH_MULTIPLE from uid 2000 (BAL_ALLOW_PERMISSION) result code=0
2025-08-05 18:30:02.893  1385-2371  Pageboost               system_server                        I  stop alp
2025-08-05 18:30:02.894  1385-2371  SemDvfsHyPerManager     system_server                        I  acquire hyper - AMS_APP_LAUNCH/1385@15, type = -999
2025-08-05 18:30:02.893  1904-1976  WindowManagerShell      com.android.systemui                 V  Transition requested: android.os.BinderProxy@3d2d0d4 TransitionRequestInfo { type = OPEN, triggerTask = TaskInfo{userId=0 taskId=27674 displayId=0 isRunning=true baseIntent=Intent { act=android.intent.action.MAIN cat=[android.intent.category.LAUNCHER] flg=0x10000000 cmp=com.example.ordersgeneratorapp/.MainActivity } baseActivity=ComponentInfo{com.example.ordersgeneratorapp/com.example.ordersgeneratorapp.MainActivity} topActivity=ComponentInfo{com.example.ordersgeneratorapp/com.example.ordersgeneratorapp.MainActivity} origActivity=null realActivity=ComponentInfo{com.example.ordersgeneratorapp/com.example.ordersgeneratorapp.MainActivity} numActivities=1 lastActiveTime=277305871 supportsMultiWindow=true resizeMode=1 isResizeable=true minWidth=-1 minHeight=-1 maxWidth=-1 maxHeight=-1 defaultMinSize=220 token=WCT{android.window.IWindowContainerToken$Stub$Proxy@45bb27d} topActivityType=1 pictureInPictureParams=null shouldDockBigOverlays=false launchIntoPipHostTaskId=-1 lastParentTaskIdBeforePip=-1 displayCutoutSafeInsets=Rect(0, 65 - 0, 0) topActivityInfo=ActivityInfo{51b4572 com.example.ordersgeneratorapp.MainActivity} launchCookies=[] positionInParent=Point(0, 0) parentTaskId=-1 isFocused=false isVisible=false isVisibleRequested=false isSleeping=false topActivityInSizeCompat=false topActivityEligibleForLetterboxEducation= false topActivityLetterboxed= false isFromDoubleTap= false topActivityLetterboxVerticalPosition= -1 topActivityLetterboxHorizontalPosition= -1 topActivityLetterboxWidth=-1 topActivityLetterboxHeight=-1 locusId=null displayAreaFeatureId=1 cameraCompatControlState=hidden originallySupportedMultiWindow=true hasWallpaper=false topActivityInFixedAspectRatio=false rootAffinity=10317:com.example.ordersgeneratorapp topActivityInDisplayCompat=false topActivityInBoundsCompat=false topActivityBounds=null singleTapFromLetterbox=false isTopTaskInStage=false topActivityUiMode=17 CoverLauncherWidgetTask=false CoverScreenTask=false isAllowedSeamlessRotation=false isTopTransparentActivity=false hasPopOver=false}, remoteTransition = null, displayChange = null }
2025-08-05 18:30:02.895   826-861   HYPER-HAL               ven...amsung.hardware.hyper-service  I  [RequestManager.cpp]acquire(): Acquired ID : 980715  [1385 / 15]    HINT : AMS_APP_LAUNCH    list : 
2025-08-05 18:30:02.895 29139-32171 gralloc4                com.google.android.apps.maps         I  @set_metadata: update dataspace from GM (0x00000000 -> 0x10020000)
2025-08-05 18:30:02.895   826-861   mtkpower_client         ven...amsung.hardware.hyper-service  I  perf_lock_rel, hdl:11758, tid:861
2025-08-05 18:30:02.895   831-874   libPowerHal             ven...hardware.mtkpower@1.0-service  I  [perfLockRel] hdl:11758, idx:1
2025-08-05 18:30:02.895   831-874   libPowerHal             ven...hardware.mtkpower@1.0-service  I  [PD] vendor.samsung. update cmd:300c000 param:0
2025-08-05 18:30:02.896  3064-3064  pageboostd              pageboostd                           E  Received HALT command code 2
2025-08-05 18:30:02.897   826-861   mtkpower_client         ven...amsung.hardware.hyper-service  I  perf_lock_acq, hdl:0, dur:0, num:2, tid:861
2025-08-05 18:30:02.897   831-874   libPowerHal             ven...hardware.mtkpower@1.0-service  I  [perfLockAcq] idx:1 hdl:11762 hint:-1 pid:826 duration:0 lock_user:vendor.samsung. => ret_hdl:11762
2025-08-05 18:30:02.897   831-874   libPowerHal             ven...hardware.mtkpower@1.0-service  I  [PE] vendor.samsung. update cmd:300c000, param:15
2025-08-05 18:30:02.897   896-1224  SurfaceFlinger          surfaceflinger                       D  [SF client] NEW(0xe6689d80) for (1904:com.android.systemui)
2025-08-05 18:30:02.898   826-861   mtkpower_client         ven...amsung.hardware.hyper-service  I  ret_hdl:11762
2025-08-05 18:30:02.898   826-861   mtkpower_client         ven...amsung.hardware.hyper-service  I  perf_lock_rel, hdl:11759, tid:861
2025-08-05 18:30:02.898  1385-2370  WindowManager           system_server                        V  Starting Transition 2222, caller=com.android.server.wm.WindowOrganizerController.startTransition:384 com.android.server.wm.WindowOrganizerController.startTransition:315 android.window.IWindowOrganizerController$Stub.onTransact:257 
2025-08-05 18:30:02.898  1385-2370  Transition              system_server                        V   allReady query: used=true, override=false, defer=0, states=Display{#0 state=ON size=1080x2408 ROTATION_0}:false
2025-08-05 18:30:02.898   826-861   mtkpower_client         ven...amsung.hardware.hyper-service  I  perf_lock_acq, hdl:0, dur:0, num:2, tid:861
2025-08-05 18:30:02.898   826-861   mtkpower_client         ven...amsung.hardware.hyper-service  I  ret_hdl:11763
2025-08-05 18:30:02.898   826-861   mtkpower_client         ven...amsung.hardware.hyper-service  I  perf_lock_rel, hdl:11760, tid:861
2025-08-05 18:30:02.898   831-874   libPowerHal             ven...hardware.mtkpower@1.0-service  I  [perfLockRel] hdl:11759, idx:5
2025-08-05 18:30:02.899   831-874   libPowerHal             ven...hardware.mtkpower@1.0-service  I  [PD] vendor.samsung. update cmd:1c3c000, param:1
2025-08-05 18:30:02.899   831-874   libPowerHal             ven...hardware.mtkpower@1.0-service  I  [PD] (less) /proc/mcdi/state set +prefix:enable 1;
2025-08-05 18:30:02.899  3758-3758  SemDvfsHyPerManager     com.sec.android.sdhms                I  acquire hyper - APP_START/3758@16, type = -999
2025-08-05 18:30:02.900  2232-2360  HoneySpace...TaskSource com.sec.android.app.launcher         I  onTaskMovedToFront : taskId = 27674
2025-08-05 18:30:02.900   831-874   libPowerHal             ven...hardware.mtkpower@1.0-service  I  [perfLockAcq] idx:4 hdl:11763 hint:-1 pid:826 duration:0 lock_user:vendor.samsung. => ret_hdl:11763
2025-08-05 18:30:02.900   831-874   libPowerHal             ven...hardware.mtkpower@1.0-service  I  [PE] (less) /proc/mcdi/state set +prefix:enable 0;
2025-08-05 18:30:02.900   826-861   mtkpower_client         ven...amsung.hardware.hyper-service  I  perf_lock_acq, hdl:0, dur:0, num:2, tid:861
2025-08-05 18:30:02.900  2232-2362  HoneySpace...askUseCase com.sec.android.app.launcher         I  topTasks 27674 ComponentInfo{com.example.ordersgeneratorapp/com.example.ordersgeneratorapp.MainActivity}
2025-08-05 18:30:02.900   826-861   mtkpower_client         ven...amsung.hardware.hyper-service  I  ret_hdl:11764
2025-08-05 18:30:02.900   826-861   mtkpower_client         ven...amsung.hardware.hyper-service  I  perf_lock_rel, hdl:11761, tid:861
2025-08-05 18:30:02.901   831-874   libPowerHal             ven...hardware.mtkpower@1.0-service  I  [perfLockRel] hdl:11760, idx:2
2025-08-05 18:30:02.901   831-874   libPowerHal             ven...hardware.mtkpower@1.0-service  I  vendor.samsung.: cpu_ctrl set cpu freq: -1 -1 -1 -1
2025-08-05 18:30:02.901   831-874   libPowerHal             ven...hardware.mtkpower@1.0-service  I  [perfLockAcq] idx:5 hdl:11764 hint:-1 pid:826 duration:0 lock_user:vendor.samsung. => ret_hdl:11764
2025-08-05 18:30:02.901   831-874   libPowerHal             ven...hardware.mtkpower@1.0-service  I  vendor.samsung.: cpu_ctrl set cpu freq: 1800000 -1 -1 -1
2025-08-05 18:30:02.903  1385-1412  Compatibil...geReporter system_server                        D  Compat change id reported: 135634846; UID 10317; state: DISABLED
2025-08-05 18:30:02.903  1385-1412  Compatibil...geReporter system_server                        D  Compat change id reported: 177438394; UID 10317; state: DISABLED
2025-08-05 18:30:02.903  1385-1412  Compatibil...geReporter system_server                        D  Compat change id reported: 135772972; UID 10317; state: DISABLED
2025-08-05 18:30:02.903  1904-2039  NativeCust...ncyManager com.android.systemui                 D  [NativeCFMS] BpCustomFrequencyManager::BpCustomFrequencyManager()
2025-08-05 18:30:02.904  1385-1412  Compatibil...geReporter system_server                        D  Compat change id reported: 135754954; UID 10317; state: ENABLED
2025-08-05 18:30:02.904   831-874   libPowerHal             ven...hardware.mtkpower@1.0-service  I  [perfLockRel] hdl:11761, idx:3
2025-08-05 18:30:02.904   831-874   libPowerHal             ven...hardware.mtkpower@1.0-service  I  [PD] vendor.samsung. update cmd:1000000, param:-1
2025-08-05 18:30:02.904   831-874   libPowerHal             ven...hardware.mtkpower@1.0-service  I  [PD] vendor.samsung. update cmd:1000000 param:-1
2025-08-05 18:30:02.904   826-861   mtkpower_client         ven...amsung.hardware.hyper-service  I  perf_lock_acq, hdl:0, dur:0, num:2, tid:861
2025-08-05 18:30:02.904  1385-1420  Compatibil...geReporter system_server                        D  Compat change id reported: 143937733; UID 10317; state: ENABLED
2025-08-05 18:30:02.904   826-861   mtkpower_client         ven...amsung.hardware.hyper-service  I  ret_hdl:11765
2025-08-05 18:30:02.905   831-874   libPowerHal             ven...hardware.mtkpower@1.0-service  I  [perfLockAcq] idx:2 hdl:11765 hint:-1 pid:826 duration:0 lock_user:vendor.samsung. => ret_hdl:11765
2025-08-05 18:30:02.905   831-874   libPowerHal             ven...hardware.mtkpower@1.0-service  I  [PE] vendor.samsung. update cmd:1000000, param:0
2025-08-05 18:30:02.905   831-874   libPowerHal             ven...hardware.mtkpower@1.0-service  I  [PE] vendor.samsung. update cmd:1000000 param:0
2025-08-05 18:30:02.905   826-861   HYPER-HAL               ven...amsung.hardware.hyper-service  I  [RequestManager.cpp]acquire(): Acquired ID : 7123441  [3758 / 16]    HINT : APP_START    list : 
2025-08-05 18:30:02.907  1009-2066  CameraService           cameraserver                         I  onUidStateChanged: uid=10047, procState is changed. (0 -> 1)
2025-08-05 18:30:02.909  2232-22825 HoneySpace.RecentTasks  com.sec.android.app.launcher         I  onRecentTasksChanged
2025-08-05 18:30:02.909  2232-25947 HoneySpace.RecentTasks  com.sec.android.app.launcher         I  onRecentTasksChanged
2025-08-05 18:30:02.910  1385-2365  Compatibil...geReporter system_server                        D  Compat change id reported: 168419799; UID 10317; state: DISABLED
2025-08-05 18:30:02.910  1385-2365  Compatibil...geReporter system_server                        D  Compat change id reported: 273564678; UID 10317; state: DISABLED
2025-08-05 18:30:02.911  1385-2365  InputTransport          system_server                        D  Input channel constructed: '11648c2', fd=768
2025-08-05 18:30:02.911  1385-2365  InputTransport          system_server                        D  Input channel constructed: '11648c2', fd=903
2025-08-05 18:30:02.911  1385-2365  InputTransport          system_server                        D  Input channel constructed: '11648c2', fd=905
2025-08-05 18:30:02.912  1385-2365  WindowManager           system_server                        D  prepareSync <SYNC_STATE_WAITING_FOR_DRAW>, mPrepareSyncSeqId=0, win=Window{11648c2 u0 Splash Screen com.example.ordersgeneratorapp}
2025-08-05 18:30:02.913   896-917   BufferQueueDebug        surfaceflinger                       E  [11648c2 Splash Screen com.example.ordersgeneratorapp#29098](this:0xe56110b8,id:-1,api:0,p:-1,c:-1) id info cannot be read from '11648c2 Splash Screen com.example.ordersgeneratorapp#29098'
2025-08-05 18:30:02.913   896-917   BufferQueueDebug        surfaceflinger                       I  [11648c2 Splash Screen com.example.ordersgeneratorapp#29098](this:0xe56110b8,id:-1,api:0,p:-1,c:-1) BufferQueue core=(896:/system/bin/surfaceflinger)
2025-08-05 18:30:02.914   896-917   SurfaceFlinger          surfaceflinger                       I  id=29098 createSurf, flag=84004, 11648c2 Splash Screen com.example.ordersgeneratorapp#29098
2025-08-05 18:30:02.915  1385-2365  WindowManager           system_server                        V  addWindow: ActivityRecord{d85566a u0 com.example.ordersgeneratorapp/.MainActivity t27674} startingWindow=Window{11648c2 u0 Splash Screen com.example.ordersgeneratorapp}
2025-08-05 18:30:02.916  1385-2365  InputTransport          system_server                        D  Input channel destroyed: '11648c2', fd=905
2025-08-05 18:30:02.919   896-896   BpBinder                surfaceflinger                       I  onLastStrongRef automatically unlinking death recipients: 
2025-08-05 18:30:02.919   803-803   Zygote                  pid-803                              D  Forked child process 32238
2025-08-05 18:30:02.921  1385-1420  ActivityManager         system_server                        I  Start proc 32238:com.example.ordersgeneratorapp/u0a317 for next-top-activity {com.example.ordersgeneratorapp/com.example.ordersgeneratorapp.MainActivity}
2025-08-05 18:30:02.922  1385-2371  WindowManager           system_server                        V  Collecting in transition 2222: ActivityRecord{d85566a u0 com.example.ordersgeneratorapp/.MainActivity t27674}, caller=com.android.server.wm.Transition.collect:759 com.android.server.wm.TransitionController.collect:935 com.android.server.wm.ActivityRecord.setVisibility:6348 com.android.server.wm.ActivityRecord.setVisibility:6300 com.android.server.wm.EnsureActivitiesVisibleHelper.makeVisibleAndRestartIfNeeded:337 
2025-08-05 18:30:02.923  1385-2371  WindowManager           system_server                        V  Collecting in transition 2222: ActivityRecord{5ebf779 u0 com.google.android.apps.maps/com.google.android.maps.MapsActivity t27672}, caller=com.android.server.wm.Transition.collect:759 com.android.server.wm.TransitionController.collect:935 com.android.server.wm.ActivityRecord.setVisibility:6348 com.android.server.wm.ActivityRecord.setVisibility:6300 com.android.server.wm.ActivityRecord.makeInvisible:7137 
2025-08-05 18:30:02.923  1385-2371  WindowManager           system_server                        D  prepareSync <SYNC_STATE_WAITING_FOR_DRAW>, mPrepareSyncSeqId=0, win=Window{9e4c97c u0 com.google.android.apps.maps/com.google.android.maps.MapsActivity}
2025-08-05 18:30:02.924  1385-2371  WindowManager           system_server                        D  VisibleRequested updated, r=ActivityRecord{5ebf779 u0 com.google.android.apps.maps/com.google.android.maps.MapsActivity t27672}
2025-08-05 18:30:02.926 29139-32171 gralloc4                com.google.android.apps.maps         I  @set_metadata: update dataspace from GM (0x00000000 -> 0x10020000)
2025-08-05 18:30:02.927  1904-2001  InsetsController        com.android.systemui                 I  onStateChanged: host=Splash Screen com.example.ordersgeneratorapp, from=android.view.ViewRootImpl.setView:1753, state=InsetsState: {mDisplayFrame=Rect(0, 0 - 1080, 2408), mDisplayCutout=DisplayCutout{insets=Rect(0, 65 - 0, 0) waterfall=Insets{left=0, top=0, right=0, bottom=0} boundingRect={Bounds=[Rect(0, 0 - 0, 0), Rect(454, 0 - 626, 65), Rect(0, 0 - 0, 0), Rect(0, 0 - 0, 0)]} cutoutPathParserInfo={CutoutPathParserInfo{displayWidth=1080 displayHeight=2408 physicalDisplayWidth=1080 physicalDisplayHeight=2408 density={2.8125} cutoutSpec={M 0,0 H -30.57777777777778 V 23.11111111111111 H 30.57777777777778 V 0 H 0 Z @dp} rotation={0} scale={1.0} physicalPixelDisplaySizeRatio={1.0}}}}, mRoundedCorners=RoundedCorners{[RoundedCorner{position=TopLeft, radius=0, center=Point(0, 0)}, RoundedCorner{position=TopRight, radius=0, center=Point(0, 0)}, RoundedCorner{position=BottomRight, radius=0, center=Point(0, 0)}, RoundedCorner{position=BottomLeft, radius=0, center=Point(0, 0)}]}  mRoundedCornerFrame=Rect(0, 0 - 1080, 2408), mPrivacyIndicatorBounds=PrivacyIndicatorBounds {static bounds=Rect(956, 0 - 1080, 70) rotation=0}, mDisplayShape=DisplayShape{ spec=-311912193 displayWidth=1080 displayHeight=2408 physicalPixelDisplaySizeRatio=1.0 rotation=0 offsetX=0 offsetY=0 scale=1.0}, mSources= { InsetsSource: {ac9e0000 mType=statusBars mFrame=[0,0][1080,70] mVisible=true mFlags=[]}, InsetsSource: {ac9e0005 mType=mandatorySystemGestures mFrame=[0,0][1080,99] mVisible=true mFlags=[]}, InsetsSource: {ac9e0006 mType=tappableElement mFrame=[0,0][1080,70] mVisible=true mFlags=[]}, InsetsSource: {d6800001 mType=navigationBars mFrame=[0,2273][1080,2408] mVisible=true mFlags=[]}, InsetsSource: {d6800004 mType=systemGestures mFrame=[0,0][0,0] mVisible=true mFlags=[]}, InsetsSource: {d6800005 mType=mandatorySystemGestures mFrame=[0,2273][1080,2408] mVisible=true mFlags=[]}, InsetsSource: {d6800006 mType=tappableElement mFrame=[0,2273][1080,2408] mVisible=true mFlags=[]}, InsetsSource: {d6800024 mType=systemGestures mFrame=[0,0][0,0] mVisible=true mFlags=[]}, InsetsSource: {27 mType=displayCutout mFrame=[0,0][1080,65] mVisible=true mFlags=[]} }
2025-08-05 18:30:02.927  1904-2001  ViewRootIm...eratorapp] com.android.systemui                 I  synced displayState. AttachInfo displayState=2
2025-08-05 18:30:02.928  1904-2001  ViewRootIm...eratorapp] com.android.systemui                 I  setView = android.widget.FrameLayout@a22e23b TM=true
2025-08-05 18:30:02.929  1385-1412  SGM:FgCheckThread       system_server                        D  notePauseComponent(), received pkgName: com.google.android.apps.maps, userId: 0
2025-08-05 18:30:02.930 29139-32172 CCodecBufferChannel     com.google.android.apps.maps         D  [c2.mtk.avc.decoder#508] flushed work; ignored.
2025-08-05 18:30:02.930 29139-32172 CCodecBufferChannel     com.google.android.apps.maps         D  [c2.mtk.avc.decoder#508] Discard frames from previous generation.
2025-08-05 18:30:02.930 29139-32172 PipelineWatcher         com.google.android.apps.maps         D  onWorkDone: frameIndex not found (18446744073709551615); ignored
2025-08-05 18:30:02.934  1904-2039  OpenGLRenderer          com.android.systemui                 D  HWUI - treat SMPTE_170M as sRGB
2025-08-05 18:30:02.941   557-557   io_stats                iod                                  D  !@ 179,0 r 24515858 390263498 w 5987281 61681368 d 757717 56126796 f 0 0 iot 8394204 0 th 0 0 0 pt 0 inp 0 0 203676.380
2025-08-05 18:30:02.941 29139-29226 gralloc4                com.google.android.apps.maps         I  @set_metadata: update dataspace from GM (0x00000000 -> 0x08010000)
2025-08-05 18:30:02.942 29139-29332 gralloc4                com.google.android.apps.maps         I  @set_metadata: update dataspace from GM (0x00000000 -> 0x08010000)
2025-08-05 18:30:02.943 29139-32172 CCodecBufferChannel     com.google.android.apps.maps         D  [c2.mtk.avc.decoder#508] flushed work; ignored.
2025-08-05 18:30:02.943 29139-32172 CCodecBufferChannel     com.google.android.apps.maps         D  [c2.mtk.avc.decoder#508] Discard frames from previous generation.
2025-08-05 18:30:02.943 29139-32172 PipelineWatcher         com.google.android.apps.maps         D  onWorkDone: frameIndex not found (18446744073709551615); ignored
2025-08-05 18:30:02.946  1385-2365  WindowManager           system_server                        V  Relayout Window{11648c2 u0 Splash Screen com.example.ordersgeneratorapp}: viewVisibility=0 req=1080x2408 ty=3 d0
2025-08-05 18:30:02.947  1385-1412  DisplayDeviceRepository system_server                        I  Display device changed: DisplayDeviceInfo{"Built-in Screen": uniqueId="local:0", 1080 x 2408, modeId 1, renderFrameRate 60.0, defaultModeId 1, supportedModes [{id=1, width=1080, height=2408, fps=60.0, alternativeRefreshRates=[], supportedHdrTypes=[]}], colorMode 0, supportedColorModes [0], hdrCapabilities HdrCapabilities{mSupportedHdrTypes=[], mMaxLuminance=500.0, mMaxAverageLuminance=500.0, mMinLuminance=0.0}, allmSupported false, gameContentTypeSupported false, density 450, 403.411 x 399.759 dpi, appVsyncOff 0, presDeadline 17666667, cutout DisplayCutout{insets=Rect(0, 65 - 0, 0) waterfall=Insets{left=0, top=0, right=0, bottom=0} boundingRect={Bounds=[Rect(0, 0 - 0, 0), Rect(454, 0 - 626, 65), Rect(0, 0 - 0, 0), Rect(0, 0 - 0, 0)]} cutoutPathParserInfo={CutoutPathParserInfo{displayWidth=1080 displayHeight=2408 physicalDisplayWidth=1080 physicalDisplayHeight=2408 density={2.8125} cutoutSpec={M 0,0 H -30.57777777777778 V 23.11111111111111 H 30.57777777777778 V 0 H 0 Z @dp} rotation={0} scale={1.0} physicalPixelDisplaySizeRatio={1.0}}}}, touch INTERNAL, rotation 0, type INTERNAL, address {port=0}, deviceProductInfo null, state ON, committedState ON, frameRateOverride , brightnessMinimum 0.0, brightnessMaximum 1.0, brightnessDefault 0.5019608, hdrSdrRatio NaN, FLAG_ALLOWED_TO_BE_DEFAULT_DISPLAY, FLAG_ROTATES_WITH_CONTENT, FLAG_SECURE, FLAG_SUPPORTS_PROTECTED_BUFFERS, FLAG_TRUSTED, installOrientation 0, displayShape DisplayShape{ spec=-311912193 displayWidth=1080 displayHeight=2408 physicalPixelDisplaySizeRatio=1.0 rotation=0 offsetX=0 offsetY=0 scale=1.0}}
2025-08-05 18:30:02.948  1385-2365  RestrictionPolicy       system_server                        D  isScreenCaptureEnabled : ret=true userId=0
2025-08-05 18:30:02.950   896-1224  BufferQueueDebug        surfaceflinger                       E  [Splash Screen com.example.ordersgeneratorapp$_1904#29099](this:0xe5b928b8,id:-1,api:0,p:-1,c:-1) id info cannot be read from 'Splash Screen com.example.ordersgeneratorapp$_1904#29099'
2025-08-05 18:30:02.951   896-1224  BufferQueueDebug        surfaceflinger                       I  [Splash Screen com.example.ordersgeneratorapp$_1904#29099](this:0xe5b928b8,id:-1,api:0,p:-1,c:-1) BufferQueue core=(896:/system/bin/surfaceflinger)
2025-08-05 18:30:02.951   896-1224  SurfaceFlinger          surfaceflinger                       I  id=29099 createSurf, flag=44004, Splash Screen com.example.ordersgeneratorapp$_1904#29099
2025-08-05 18:30:02.951 32238-32238 ersgeneratorapp         pid-32238                            I  Late-enabling -Xcheck:jni
2025-08-05 18:30:02.953  1385-2365  WindowManager           system_server                        D  makeSurface duration=4 name=Splash Screen com.example.ordersgeneratorapp$_1904
2025-08-05 18:30:02.956  1385-2370  InputDispatcher         system_server                        D  Focus left window (0): 9e4c97c com.google.android.apps.maps/com.google.android.maps.MapsActivity
2025-08-05 18:30:02.959  1385-2365  WindowManager           system_server                        V  Changing focus from Window{9e4c97c u0 com.google.android.apps.maps/com.google.android.maps.MapsActivity} to null displayId=0 Callers=com.android.server.wm.RootWindowContainer.updateFocusedWindowLocked:578 com.android.server.wm.WindowManagerService.updateFocusedWindowLocked:6881 com.android.server.wm.WindowManagerService.relayoutWindow:2755 com.android.server.wm.Session.relayout:282 
2025-08-05 18:30:02.962  1385-2365  WindowManager           system_server                        V  rotationForOrientation(orient=SCREEN_ORIENTATION_UNSPECIFIED (-1), last=ROTATION_0 (0)); user=ROTATION_0 (0) 
2025-08-05 18:30:02.963  1385-2365  WindowManager           system_server                        D  rotationForOrientation, orientationSource=ActivityRecord{d85566a u0 com.example.ordersgeneratorapp/.MainActivity t27674}
2025-08-05 18:30:02.964  1385-2365  WindowManager           system_server                        V  rotationForOrientation(orient=SCREEN_ORIENTATION_UNSPECIFIED (-1), last=ROTATION_0 (0)); user=ROTATION_0 (0) 
2025-08-05 18:30:02.964  1385-2365  WindowManager           system_server                        D  rotationForOrientation, orientationSource=ActivityRecord{d85566a u0 com.example.ordersgeneratorapp/.MainActivity t27674}
2025-08-05 18:30:02.964 29139-29332 gralloc4                com.google.android.apps.maps         I  @set_metadata: update dataspace from GM (0x00000000 -> 0x08010000)
2025-08-05 18:30:02.964  1385-2365  WindowManager           system_server                        V  Computed rotation=ROTATION_0 (0) for display id=0 based on lastOrientation=SCREEN_ORIENTATION_UNSPECIFIED (-1) and oldRotation=ROTATION_0 (0), caller=com.android.server.wm.DisplayRotation.updateOrientation:517 com.android.server.wm.DisplayContent.updateOrientation:2176 com.android.server.wm.DisplayContent.updateOrientation:2066 com.android.server.wm.WindowManagerService.relayoutWindow:2792 com.android.server.wm.Session.relayout:282 android.view.IWindowSession$Stub.onTransact:782 
2025-08-05 18:30:02.966  1385-2371  CoreBackPreview         system_server                        D  Window{11648c2 u0 Splash Screen com.example.ordersgeneratorapp}: Setting back callback OnBackInvokedCallbackInfo{mCallback=android.window.IOnBackInvokedCallback$Stub$Proxy@1e077be, mPriority=0, mIsAnimationCallback=false}
2025-08-05 18:30:02.968 29139-29226 gralloc4                com.google.android.apps.maps         I  @set_metadata: update dataspace from GM (0x00000000 -> 0x08010000)
2025-08-05 18:30:02.968  1385-2365  WindowManager           system_server                        V  Relayout hash=11648c2, pid=1904, syncId=-1: mAttrs={(0,0)(fillxfill) sim={adjust=pan} ty=APPLICATION_STARTING fmt=TRANSLUCENT wanim=0x1030303
                                                                                                      fl=81030118
                                                                                                      pfl=16000010
                                                                                                      bhv=DEFAULT
                                                                                                      fitSides= naviIconColor=0}
2025-08-05 18:30:02.969 12258-12258 BoundBrokerSvc          com.google.android.gms               D  onBind: Intent { act=com.google.android.gms.measurement.START pkg=com.google.android.gms }
2025-08-05 18:30:02.969 12258-12258 BoundBrokerSvc          com.google.android.gms               D  Loading bound service for intent: Intent { act=com.google.android.gms.measurement.START pkg=com.google.android.gms }
2025-08-05 18:30:02.972  1904-2001  InsetsController        com.android.systemui                 I  onStateChanged: host=Splash Screen com.example.ordersgeneratorapp, from=android.view.ViewRootImpl.relayoutWindow:10072, state=InsetsState: {mDisplayFrame=Rect(0, 0 - 1080, 2408), mDisplayCutout=DisplayCutout{insets=Rect(0, 65 - 0, 0) waterfall=Insets{left=0, top=0, right=0, bottom=0} boundingRect={Bounds=[Rect(0, 0 - 0, 0), Rect(454, 0 - 626, 65), Rect(0, 0 - 0, 0), Rect(0, 0 - 0, 0)]} cutoutPathParserInfo={CutoutPathParserInfo{displayWidth=1080 displayHeight=2408 physicalDisplayWidth=1080 physicalDisplayHeight=2408 density={2.8125} cutoutSpec={M 0,0 H -30.57777777777778 V 23.11111111111111 H 30.57777777777778 V 0 H 0 Z @dp} rotation={0} scale={1.0} physicalPixelDisplaySizeRatio={1.0}}}}, mRoundedCorners=RoundedCorners{[RoundedCorner{position=TopLeft, radius=0, center=Point(0, 0)}, RoundedCorner{position=TopRight, radius=0, center=Point(0, 0)}, RoundedCorner{position=BottomRight, radius=0, center=Point(0, 0)}, RoundedCorner{position=BottomLeft, radius=0, center=Point(0, 0)}]}  mRoundedCornerFrame=Rect(0, 0 - 1080, 2408), mPrivacyIndicatorBounds=PrivacyIndicatorBounds {static bounds=Rect(956, 0 - 1080, 70) rotation=0}, mDisplayShape=DisplayShape{ spec=-311912193 displayWidth=1080 displayHeight=2408 physicalPixelDisplaySizeRatio=1.0 rotation=0 offsetX=0 offsetY=0 scale=1.0}, mSources= { InsetsSource: {ac9e0000 mType=statusBars mFrame=[0,0][1080,70] mVisible=true mFlags=[]}, InsetsSource: {ac9e0005 mType=mandatorySystemGestures mFrame=[0,0][1080,99] mVisible=true mFlags=[]}, InsetsSource: {ac9e0006 mType=tappableElement mFrame=[0,0][1080,70] mVisible=true mFlags=[]}, InsetsSource: {d6800001 mType=navigationBars mFrame=[0,2273][1080,2408] mVisible=true mFlags=[]}, InsetsSource: {d6800004 mType=systemGestures mFrame=[0,0][0,0] mVisible=true mFlags=[]}, InsetsSource: {d6800005 mType=mandatorySystemGestures mFrame=[0,2273][1080,2408] mVisible=true mFlags=[]}, InsetsSource: {d6800006 mType=tappableElement mFrame=[0,2273][1080,2408] mVisible=true mFlags=[]}, InsetsSource: {d6800024 mType=systemGestures mFrame=[0,0][0,0] mVisible=true mFlags=[]}, InsetsSource: {3 mType=ime mFrame=[0,0][0,0] mVisible=false mFlags=[]}, InsetsSource: {27 mType=displayCutout mFrame=[0,0][1080,65] mVisible=true mFlags=[]} }
2025-08-05 18:30:02.974  1904-2001  BufferQueueConsumer     com.android.systemui                 D  [](id:770000006bb,api:0,p:-1,c:1904) connect: controlledByApp=false
2025-08-05 18:30:02.977 29139-29139 ViewRootIm...sActivity] com.google.android.apps.maps         I  handleWindowFocusChanged: 0 0 call from android.view.ViewRootImpl.-$$Nest$mhandleWindowFocusChanged:0
2025-08-05 18:30:02.978 29139-32171 gralloc4                com.google.android.apps.maps         I  @set_metadata: update dataspace from GM (0x00000000 -> 0x10020000)
2025-08-05 18:30:02.978  1904-2001  BLASTBufferQueue_Java   com.android.systemui                 I  new BLASTBufferQueue, mName= ViewRootImpl@3f17dc3[ordersgeneratorapp] mNativeObject= 0xe97b4440 sc.mNativeObject= 0xe44bf000 caller= android.view.ViewRootImpl.updateBlastSurfaceIfNeeded:3028 android.view.ViewRootImpl.relayoutWindow:10131 android.view.ViewRootImpl.performTraversals:4110 android.view.ViewRootImpl.doTraversal:3288 android.view.ViewRootImpl$TraversalRunnable.run:11344 android.view.Choreographer$CallbackRecord.run:1689 android.view.Choreographer$CallbackRecord.run:1698 android.view.Choreographer.doCallbacks:1153 android.view.Choreographer.doFrame:1079 android.view.Choreographer$FrameDisplayEventReceiver.run:1646 
2025-08-05 18:30:02.979  1904-2001  BLASTBufferQueue_Java   com.android.systemui                 I  update, w= 1080 h= 2408 mName = ViewRootImpl@3f17dc3[ordersgeneratorapp] mNativeObject= 0xe97b4440 sc.mNativeObject= 0xe44bf000 format= -3 caller= android.graphics.BLASTBufferQueue.<init>:89 android.view.ViewRootImpl.updateBlastSurfaceIfNeeded:3028 android.view.ViewRootImpl.relayoutWindow:10131 android.view.ViewRootImpl.performTraversals:4110 android.view.ViewRootImpl.doTraversal:3288 android.view.ViewRootImpl$TraversalRunnable.run:11344 
2025-08-05 18:30:02.979  1904-2001  ViewRootIm...eratorapp] com.android.systemui                 I  Relayout returned: old=(0,0,1080,2408) new=(0,0,1080,2408) relayoutAsync=false req=(1080,2408)0 dur=30 res=0x403 s={true 0xdd7c8000} ch=true seqId=0
2025-08-05 18:30:02.980 29139-29139 ImeFocusController      com.google.android.apps.maps         I  onPreWindowFocus: skipped, hasWindowFocus=false mHasImeFocus=true
2025-08-05 18:30:02.980  1904-2001  ViewRootIm...eratorapp] com.android.systemui                 D  mThreadedRenderer.initialize() mSurface={isValid=true 0xdd7c8000} hwInitialized=true
2025-08-05 18:30:02.982  1904-2001  ViewRootIm...eratorapp] com.android.systemui                 D  reportNextDraw android.view.ViewRootImpl.performTraversals:4718 android.view.ViewRootImpl.doTraversal:3288 android.view.ViewRootImpl$TraversalRunnable.run:11344 android.view.Choreographer$CallbackRecord.run:1689 android.view.Choreographer$CallbackRecord.run:1698 
2025-08-05 18:30:02.982 29139-29139 ImeFocusController      com.google.android.apps.maps         I  onPostWindowFocus: skipped, hasWindowFocus=false mHasImeFocus=true
2025-08-05 18:30:02.983  1904-2001  ViewRootIm...eratorapp] com.android.systemui                 I  Setup new sync=wmsSync-ViewRootImpl@3f17dc3[ordersgeneratorapp]#42
2025-08-05 18:30:02.983  1904-2001  ViewRootIm...eratorapp] com.android.systemui                 I  Creating new active sync group ViewRootImpl@3f17dc3[ordersgeneratorapp]#43
2025-08-05 18:30:02.984 29139-29226 gralloc4                com.google.android.apps.maps         I  @set_metadata: update dataspace from GM (0x00000000 -> 0x08010000)
2025-08-05 18:30:02.984 29139-29332 gralloc4                com.google.android.apps.maps         I  @set_metadata: update dataspace from GM (0x00000000 -> 0x08010000)
2025-08-05 18:30:02.985   896-896   BufferQueueProducer     surfaceflinger                       I  [SurfaceView[com.google.android.apps.maps/com.google.android.maps.MapsActivity]@0(BLAST)#29091](this:0xe52c10b8,id:-1,api:0,p:-1,c:896) queueBuffer: fps=33.94 dur=1001.69 max=100.71 min=16.12
2025-08-05 18:30:02.987  1904-2001  ViewRootIm...eratorapp] com.android.systemui                 I  registerCallbacksForSync syncBuffer=false
2025-08-05 18:30:02.990  3758-21224 FASProvider             com.sec.android.sdhms                I  makeValuesForFasUpdate contentValues = package_name=com.google.android.apps.maps extras=0 reason=deleted_from_mars_auto disableReason=default disableResetTime=1754411402959 uid=10199 mode=0 level=1 resetTime=0
2025-08-05 18:30:02.991  1904-2548  ViewRootIm...eratorapp] com.android.systemui                 I  Received frameDrawingCallback syncResult=0 frameNum=1.
2025-08-05 18:30:02.992  1904-2548  ViewRootIm...eratorapp] com.android.systemui                 I  mWNT: t=0xd6f24520 mBlastBufferQueue=0xe97b4440 fn= 1 mRenderHdrSdrRatio=1.0 caller= android.view.ViewRootImpl$8.onFrameDraw:13841 android.view.ThreadedRenderer$1.onFrameDraw:792 <bottom of call stack> 
2025-08-05 18:30:02.992  1904-2548  ViewRootIm...eratorapp] com.android.systemui                 I  Setting up sync and frameCommitCallback
2025-08-05 18:30:02.999 29139-32172 CCodecBufferChannel     com.google.android.apps.maps         D  [c2.mtk.avc.decoder#508] flushed work; ignored.
2025-08-05 18:30:02.999  1904-2039  BLASTBufferQueue        com.android.systemui                 D  [ViewRootImpl@3f17dc3[ordersgeneratorapp]#1695](f:0,a:0) onFrameAvailable the first frame is available
2025-08-05 18:30:02.999 29139-29332 gralloc4                com.google.android.apps.maps         I  @set_metadata: update dataspace from GM (0x00000000 -> 0x08010000)
2025-08-05 18:30:02.999 29139-32172 CCodecBufferChannel     com.google.android.apps.maps         D  [c2.mtk.avc.decoder#508] Discard frames from previous generation.
2025-08-05 18:30:02.999 29139-32172 PipelineWatcher         com.google.android.apps.maps         D  onWorkDone: frameIndex not found (18446744073709551615); ignored
2025-08-05 18:30:03.000  1904-2039  BLASTBufferQueue        com.android.systemui                 D  [ViewRootImpl@3f17dc3[ordersgeneratorapp]#1695](f:0,a:1) acquireNextBufferLocked size=1080x2408 mFrameNumber=1 applyTransaction=true mTimestamp=203676438650292(auto) mPendingTransactions.size=0 graphicBufferId=8177617767022 transform=0
2025-08-05 18:30:03.001  1904-2039  ViewRootIm...eratorapp] com.android.systemui                 I  Received frameCommittedCallback lastAttemptedDrawFrameNum=1 didProduceBuffer=true
2025-08-05 18:30:03.004  1904-2039  OpenGLRenderer          com.android.systemui                 D  CFMS:: SetUp Pid : 1904    Tid : 2039
2025-08-05 18:30:03.005  1904-2001  ViewRootIm...eratorapp] com.android.systemui                 I  reportDrawFinished seqId=0
2025-08-05 18:30:03.006  1385-2370  WindowManager           system_server                        D  finishDrawingWindow: Window{11648c2 u0 Splash Screen com.example.ordersgeneratorapp} mDrawState=DRAW_PENDING seqId=0
2025-08-05 18:30:03.006  1385-2370  WindowManager           system_server                        V  Finishing drawing window Window{11648c2 u0 Splash Screen com.example.ordersgeneratorapp}: mDrawState=DRAW_PENDING
2025-08-05 18:30:03.006  1385-2370  WindowManager           system_server                        V  Draw state now committed in Window{11648c2 u0 Splash Screen com.example.ordersgeneratorapp}
2025-08-05 18:30:03.007 29139-29226 gralloc4                com.google.android.apps.maps         I  @set_metadata: update dataspace from GM (0x00000000 -> 0x08010000)
2025-08-05 18:30:03.008 29139-32171 gralloc4                com.google.android.apps.maps         I  @set_metadata: update dataspace from GM (0x00000000 -> 0x10020000)
2025-08-05 18:30:03.010  1385-1413  Transition              system_server                        V   allReady query: used=true, override=false, defer=0, states=Display{#0 state=ON size=1080x2408 ROTATION_0}:true
2025-08-05 18:30:03.012  1385-1413  WindowManager           system_server                        V  SyncGroup 2222: Finished!
2025-08-05 18:30:03.013 29139-29226 gralloc4                com.google.android.apps.maps         I  @set_metadata: update dataspace from GM (0x00000000 -> 0x08010000)
2025-08-05 18:30:03.015  1385-1413  WindowManager           system_server                        V  performShowLocked: mDrawState=HAS_DRAWN in Window{11648c2 u0 Splash Screen com.example.ordersgeneratorapp}
2025-08-05 18:30:03.015  1385-1413  ChangeTran...Controller system_server                        D  onTransactionReady: TransitionRecord{7000c55 id=2222 type=OPEN flags=0x0}
2025-08-05 18:30:03.016  1385-1413  WindowManager           system_server                        V  Start calculating TransitionInfo based on participants: {Task{216475b #27674 type=standard A=10317:com.example.ordersgeneratorapp}, ActivityRecord{5ebf779 u0 com.google.android.apps.maps/com.google.android.maps.MapsActivity t27672}, ActivityRecord{d85566a u0 com.example.ordersgeneratorapp/.MainActivity t27674}}
2025-08-05 18:30:03.016  1385-1413  WindowManager           system_server                        V    Final targets: [Task{216475b #27674 type=standard A=10317:com.example.ordersgeneratorapp}, Task{b756cbe #27672 type=standard A=10199:com.google.android.apps.maps}]
2025-08-05 18:30:03.016 32238-32238 ersgeneratorapp         pid-32238                            I  Using CollectorTypeCC GC.
2025-08-05 18:30:03.016   896-1224  BufferQueueDebug        surfaceflinger                       E  [Transition Root: Task=27674#29100](this:0xe62190b8,id:-1,api:0,p:-1,c:-1) id info cannot be read from 'Transition Root: Task=27674#29100'
2025-08-05 18:30:03.016 29139-29332 gralloc4                com.google.android.apps.maps         I  @set_metadata: update dataspace from GM (0x00000000 -> 0x08010000)
2025-08-05 18:30:03.017   896-1224  BufferQueueDebug        surfaceflinger                       I  [Transition Root: Task=27674#29100](this:0xe62190b8,id:-1,api:0,p:-1,c:-1) BufferQueue core=(896:/system/bin/surfaceflinger)
2025-08-05 18:30:03.017   896-1224  SurfaceFlinger          surfaceflinger                       I  id=29100 createSurf, flag=84004, Transition Root: Task=27674#29100
2025-08-05 18:30:03.019   896-896   gralloc4                surfaceflinger                       I  @set_metadata: update dataspace from GM (0x08010000 -> 0x00000000)
2025-08-05 18:30:03.021  1385-1413  SurfaceControl          system_server                        I  show, t=StartTransaction_SyncId<2222>, sc=Surface(name=ActivityRecord{d85566a u0 com.example.ordersgeneratorapp/.MainActivity t27674})/@0x98b09ff, caller=com.android.server.wm.Transition.onTransactionReady:1991 com.android.server.wm.BLASTSyncEngine$SyncGroup.finishNow:315 com.android.server.wm.BLASTSyncEngine$SyncGroup.tryFinish:242 com.android.server.wm.BLASTSyncEngine$SyncGroup.-$$Nest$mtryFinish:0 com.android.server.wm.BLASTSyncEngine.onSurfacePlacement:675 com.android.server.wm.RootWindowContainer.performSurfacePlacementNoTrace:990 
2025-08-05 18:30:03.022  1385-1413  RestrictionPolicy       system_server                        D  isScreenCaptureEnabled : ret=true userId=0
2025-08-05 18:30:03.023  1385-1413  ScreenCapture           system_server                        D  [Capture_TEST] : setIsScreenShotBySystem false
2025-08-05 18:30:03.025  3758-21224 SDHMS:l                 com.sec.android.sdhms                I  onTaskStackChanged
2025-08-05 18:30:03.026  2232-22825 HoneySpace.RecentTasks  com.sec.android.app.launcher         I  onRecentTasksChanged
2025-08-05 18:30:03.028 29139-32172 CCodecBufferChannel     com.google.android.apps.maps         D  [c2.mtk.avc.decoder#508] flushed work; ignored.
2025-08-05 18:30:03.028 29139-32172 CCodecBufferChannel     com.google.android.apps.maps         D  [c2.mtk.avc.decoder#508] Discard frames from previous generation.
2025-08-05 18:30:03.028 29139-32172 PipelineWatcher         com.google.android.apps.maps         D  onWorkDone: frameIndex not found (18446744073709551615); ignored
2025-08-05 18:30:03.030   896-896   BufferQueueDebug        surfaceflinger                       E  [Screenshot Parent#29101](this:0xe62888b8,id:-1,api:0,p:-1,c:-1) id info cannot be read from 'Screenshot Parent#29101'
2025-08-05 18:30:03.030   896-896   BufferQueueDebug        surfaceflinger                       I  [Screenshot Parent#29101](this:0xe62888b8,id:-1,api:0,p:-1,c:-1) BufferQueue core=(896:/system/bin/surfaceflinger)
2025-08-05 18:30:03.032 29139-29332 gralloc4                com.google.android.apps.maps         I  @set_metadata: update dataspace from GM (0x00000000 -> 0x08010000)
2025-08-05 18:30:03.033 29139-29226 gralloc4                com.google.android.apps.maps         I  @set_metadata: update dataspace from GM (0x00000000 -> 0x08010000)
2025-08-05 18:30:03.039 32238-32238 nativeloader            pid-32238                            D  Load libframework-connectivity-tiramisu-jni.so using APEX ns com_android_tethering for caller /apex/com.android.tethering/javalib/framework-connectivity-t.jar: ok
2025-08-05 18:30:03.040 31169-31174 adbd                    adbd                                 I  jdwp connection from 32238
2025-08-05 18:30:03.045   896-896   BufferQueueDebug        surfaceflinger                       I  [Screenshot Parent#29101](this:0xe62888b8,id:-1,api:0,p:-1,c:896) onDestructor()
2025-08-05 18:30:03.045   896-896   Layer                   surfaceflinger                       I  id=29101 Destroyed Screenshot Parent#29101
2025-08-05 18:30:03.047 29139-29332 gralloc4                com.google.android.apps.maps         I  @set_metadata: update dataspace from GM (0x00000000 -> 0x08010000)
2025-08-05 18:30:03.051  1385-1413  WindowManager           system_server                        V  Calling onTransitionReady: {id=2222 t=OPEN f=0x0 trk=0 r=[0@Point(0, 0)] c=[
                                                                                                            {WCT{RemoteToken{90471b Task{216475b #27674 type=standard A=10317:com.example.ordersgeneratorapp}}} m=OPEN f=NONE leash=Surface(name=Task=27674)/@0x3449615 sb=Rect(0, 0 - 1080, 2408) eb=Rect(0, 0 - 1080, 2408) d=0 inset=Rect(0, 70 - 0, 135)},
